
> region@1.0.0 test
> vitest --ui --run


[7m[1m[36m RUN [39m[22m[27m [36mv1.6.1[39m [90mC:/Users/Adria/Documents/code/rsx/managmentpanelback[39m
[2m[32m      UI started at http://localhost:[1m51205[22m[2m/__vitest__/[39m[22m

[90mstdout[2m | src\Global.Services\logger.ts:9:9[22m[39m
./logs

[90mstdout[2m | src\Global.Services\logger.ts:9:9[22m[39m
./logs

[90mstdout[2m | src\Global.Services\logger.ts:9:9[22m[39m
./logs

[90mstdout[2m | src/gantt/tests/gantt.service.test.ts[2m > [22m[2mGanttService[2m > [22m[2mcreateGanttItem[2m > [22m[2mshould create a gantt item successfully[22m[39m
{
  message: {
    function: 'GanttService.createGanttItem',
    error: Error [Unknown Prisma Error]: Error desconocido de la base de datos
        at UnknownPrismaError.PrismaError (C:\Users\Adria\Documents\code\rsx\managmentpanelback\src\prisma\prisma.errors.js:22:28)
        at new UnknownPrismaError (C:\Users\Adria\Documents\code\rsx\managmentpanelback\src\prisma\prisma.errors.js:100:28)
        at Module.returnPrismaError (C:\Users\Adria\Documents\code\rsx\managmentpanelback\src\prisma\prisma.errors.js:92:100)
        at GanttService.createGanttItem (C:\Users\Adria\Documents\code\rsx\managmentpanelback\src\gantt\gantt.service.ts:176:21)
        at C:\Users\Adria\Documents\code\rsx\managmentpanelback\src\gantt\tests\gantt.service.test.ts:169:22
        at runTest (file:///C:/Users/Adria/Documents/code/rsx/managmentpanelback/node_modules/@vitest/runner/dist/index.js:781:11)
        at runSuite (file:///C:/Users/Adria/Documents/code/rsx/managmentpanelback/node_modules/@vitest/runner/dist/index.js:909:15)
        at runSuite (file:///C:/Users/Adria/Documents/code/rsx/managmentpanelback/node_modules/@vitest/runner/dist/index.js:909:15)
        at runSuite (file:///C:/Users/Adria/Documents/code/rsx/managmentpanelback/node_modules/@vitest/runner/dist/index.js:909:15)
        at runFiles (file:///C:/Users/Adria/Documents/code/rsx/managmentpanelback/node_modules/@vitest/runner/dist/index.js:958:5) {
      text: 'Error desconocido de la base de datos',
      code: 'PX',
      errorContent: TypeError: this.prisma.users.findUniqueOrThrow is not a function
          at GanttService.validateReferences (C:\Users\Adria\Documents\code\rsx\managmentpanelback\src\gantt\gantt.service.ts:950:12)
          at GanttService.createGanttItem (C:\Users\Adria\Documents\code\rsx\managmentpanelback\src\gantt\gantt.service.ts:69:18)
          at C:\Users\Adria\Documents\code\rsx\managmentpanelback\src\gantt\tests\gantt.service.test.ts:169:41
          at file:///C:/Users/Adria/Documents/code/rsx/managmentpanelback/node_modules/@vitest/runner/dist/index.js:135:14
          at file:///C:/Users/Adria/Documents/code/rsx/managmentpanelback/node_modules/@vitest/runner/dist/index.js:60:26
          at runTest (file:///C:/Users/Adria/Documents/code/rsx/managmentpanelback/node_modules/@vitest/runner/dist/index.js:781:17)
          at runSuite (file:///C:/Users/Adria/Documents/code/rsx/managmentpanelback/node_modules/@vitest/runner/dist/index.js:909:15)
          at runSuite (file:///C:/Users/Adria/Documents/code/rsx/managmentpanelback/node_modules/@vitest/runner/dist/index.js:909:15)
          at runSuite (file:///C:/Users/Adria/Documents/code/rsx/managmentpanelback/node_modules/@vitest/runner/dist/index.js:909:15)
          at runFiles (file:///C:/Users/Adria/Documents/code/rsx/managmentpanelback/node_modules/@vitest/runner/dist/index.js:958:5)
    }
  },
  level: 'error',
  timestamp: '2026-02-12T18:48:46.928Z'
}

[90mstdout[2m | src/gantt/tests/gantt.service.test.ts[2m > [22m[2mGanttService[2m > [22m[2mcreateGanttItem[2m > [22m[2mshould return InvalidDateRange if startDate >= endDate for non-milestone[22m[39m
{
  message: {
    function: 'GanttService.createGanttItem',
    error: Error [Unknown Prisma Error]: Error desconocido de la base de datos
        at UnknownPrismaError.PrismaError (C:\Users\Adria\Documents\code\rsx\managmentpanelback\src\prisma\prisma.errors.js:22:28)
        at new UnknownPrismaError (C:\Users\Adria\Documents\code\rsx\managmentpanelback\src\prisma\prisma.errors.js:100:28)
        at Module.returnPrismaError (C:\Users\Adria\Documents\code\rsx\managmentpanelback\src\prisma\prisma.errors.js:92:100)
        at GanttService.createGanttItem (C:\Users\Adria\Documents\code\rsx\managmentpanelback\src\gantt\gantt.service.ts:176:21)
        at C:\Users\Adria\Documents\code\rsx\managmentpanelback\src\gantt\tests\gantt.service.test.ts:189:22
        at runTest (file:///C:/Users/Adria/Documents/code/rsx/managmentpanelback/node_modules/@vitest/runner/dist/index.js:781:11)
        at runSuite (file:///C:/Users/Adria/Documents/code/rsx/managmentpanelback/node_modules/@vitest/runner/dist/index.js:909:15)
        at runSuite (file:///C:/Users/Adria/Documents/code/rsx/managmentpanelback/node_modules/@vitest/runner/dist/index.js:909:15)
        at runSuite (file:///C:/Users/Adria/Documents/code/rsx/managmentpanelback/node_modules/@vitest/runner/dist/index.js:909:15)
        at runFiles (file:///C:/Users/Adria/Documents/code/rsx/managmentpanelback/node_modules/@vitest/runner/dist/index.js:958:5) {
      text: 'Error desconocido de la base de datos',
      code: 'PX',
      errorContent: TypeError: this.prisma.users.findUniqueOrThrow is not a function
          at GanttService.validateReferences (C:\Users\Adria\Documents\code\rsx\managmentpanelback\src\gantt\gantt.service.ts:950:12)
          at GanttService.createGanttItem (C:\Users\Adria\Documents\code\rsx\managmentpanelback\src\gantt\gantt.service.ts:69:18)
          at C:\Users\Adria\Documents\code\rsx\managmentpanelback\src\gantt\tests\gantt.service.test.ts:189:41
          at file:///C:/Users/Adria/Documents/code/rsx/managmentpanelback/node_modules/@vitest/runner/dist/index.js:135:14
          at file:///C:/Users/Adria/Documents/code/rsx/managmentpanelback/node_modules/@vitest/runner/dist/index.js:60:26
          at runTest (file:///C:/Users/Adria/Documents/code/rsx/managmentpanelback/node_modules/@vitest/runner/dist/index.js:781:17)
          at runSuite (file:///C:/Users/Adria/Documents/code/rsx/managmentpanelback/node_modules/@vitest/runner/dist/index.js:909:15)
          at runSuite (file:///C:/Users/Adria/Documents/code/rsx/managmentpanelback/node_modules/@vitest/runner/dist/index.js:909:15)
          at runSuite (file:///C:/Users/Adria/Documents/code/rsx/managmentpanelback/node_modules/@vitest/runner/dist/index.js:909:15)
          at runFiles (file:///C:/Users/Adria/Documents/code/rsx/managmentpanelback/node_modules/@vitest/runner/dist/index.js:958:5)
    }
  },
  level: 'error',
  timestamp: '2026-02-12T18:48:47.000Z'
}

[90mstdout[2m | src/gantt/tests/gantt.service.test.ts[2m > [22m[2mGanttService[2m > [22m[2mcreateGanttItem[2m > [22m[2mshould return InvalidProgress if progress < 0 or > 100[22m[39m
{
  message: {
    function: 'GanttService.createGanttItem',
    error: Error [Unknown Prisma Error]: Error desconocido de la base de datos
        at UnknownPrismaError.PrismaError (C:\Users\Adria\Documents\code\rsx\managmentpanelback\src\prisma\prisma.errors.js:22:28)
        at new UnknownPrismaError (C:\Users\Adria\Documents\code\rsx\managmentpanelback\src\prisma\prisma.errors.js:100:28)
        at Module.returnPrismaError (C:\Users\Adria\Documents\code\rsx\managmentpanelback\src\prisma\prisma.errors.js:92:100)
        at GanttService.createGanttItem (C:\Users\Adria\Documents\code\rsx\managmentpanelback\src\gantt\gantt.service.ts:176:21)
        at C:\Users\Adria\Documents\code\rsx\managmentpanelback\src\gantt\tests\gantt.service.test.ts:205:22
        at runTest (file:///C:/Users/Adria/Documents/code/rsx/managmentpanelback/node_modules/@vitest/runner/dist/index.js:781:11)
        at runSuite (file:///C:/Users/Adria/Documents/code/rsx/managmentpanelback/node_modules/@vitest/runner/dist/index.js:909:15)
        at runSuite (file:///C:/Users/Adria/Documents/code/rsx/managmentpanelback/node_modules/@vitest/runner/dist/index.js:909:15)
        at runSuite (file:///C:/Users/Adria/Documents/code/rsx/managmentpanelback/node_modules/@vitest/runner/dist/index.js:909:15)
        at runFiles (file:///C:/Users/Adria/Documents/code/rsx/managmentpanelback/node_modules/@vitest/runner/dist/index.js:958:5) {
      text: 'Error desconocido de la base de datos',
      code: 'PX',
      errorContent: TypeError: this.prisma.users.findUniqueOrThrow is not a function
          at GanttService.validateReferences (C:\Users\Adria\Documents\code\rsx\managmentpanelback\src\gantt\gantt.service.ts:950:12)
          at GanttService.createGanttItem (C:\Users\Adria\Documents\code\rsx\managmentpanelback\src\gantt\gantt.service.ts:69:18)
          at C:\Users\Adria\Documents\code\rsx\managmentpanelback\src\gantt\tests\gantt.service.test.ts:205:41
          at file:///C:/Users/Adria/Documents/code/rsx/managmentpanelback/node_modules/@vitest/runner/dist/index.js:135:14
          at file:///C:/Users/Adria/Documents/code/rsx/managmentpanelback/node_modules/@vitest/runner/dist/index.js:60:26
          at runTest (file:///C:/Users/Adria/Documents/code/rsx/managmentpanelback/node_modules/@vitest/runner/dist/index.js:781:17)
          at runSuite (file:///C:/Users/Adria/Documents/code/rsx/managmentpanelback/node_modules/@vitest/runner/dist/index.js:909:15)
          at runSuite (file:///C:/Users/Adria/Documents/code/rsx/managmentpanelback/node_modules/@vitest/runner/dist/index.js:909:15)
          at runSuite (file:///C:/Users/Adria/Documents/code/rsx/managmentpanelback/node_modules/@vitest/runner/dist/index.js:909:15)
          at runFiles (file:///C:/Users/Adria/Documents/code/rsx/managmentpanelback/node_modules/@vitest/runner/dist/index.js:958:5)
    }
  },
  level: 'error',
  timestamp: '2026-02-12T18:48:47.007Z'
}

[90mstdout[2m | src/gantt/tests/gantt.service.test.ts[2m > [22m[2mGanttService[2m > [22m[2mcreateGanttItem[2m > [22m[2mshould return MilestoneInvalidDates if milestone has different start/end dates[22m[39m
{
  message: {
    function: 'GanttService.createGanttItem',
    error: Error [Unknown Prisma Error]: Error desconocido de la base de datos
        at UnknownPrismaError.PrismaError (C:\Users\Adria\Documents\code\rsx\managmentpanelback\src\prisma\prisma.errors.js:22:28)
        at new UnknownPrismaError (C:\Users\Adria\Documents\code\rsx\managmentpanelback\src\prisma\prisma.errors.js:100:28)
        at Module.returnPrismaError (C:\Users\Adria\Documents\code\rsx\managmentpanelback\src\prisma\prisma.errors.js:92:100)
        at GanttService.createGanttItem (C:\Users\Adria\Documents\code\rsx\managmentpanelback\src\gantt\gantt.service.ts:176:21)
        at C:\Users\Adria\Documents\code\rsx\managmentpanelback\src\gantt\tests\gantt.service.test.ts:221:22
        at runTest (file:///C:/Users/Adria/Documents/code/rsx/managmentpanelback/node_modules/@vitest/runner/dist/index.js:781:11)
        at runSuite (file:///C:/Users/Adria/Documents/code/rsx/managmentpanelback/node_modules/@vitest/runner/dist/index.js:909:15)
        at runSuite (file:///C:/Users/Adria/Documents/code/rsx/managmentpanelback/node_modules/@vitest/runner/dist/index.js:909:15)
        at runSuite (file:///C:/Users/Adria/Documents/code/rsx/managmentpanelback/node_modules/@vitest/runner/dist/index.js:909:15)
        at runFiles (file:///C:/Users/Adria/Documents/code/rsx/managmentpanelback/node_modules/@vitest/runner/dist/index.js:958:5) {
      text: 'Error desconocido de la base de datos',
      code: 'PX',
      errorContent: TypeError: this.prisma.users.findUniqueOrThrow is not a function
          at GanttService.validateReferences (C:\Users\Adria\Documents\code\rsx\managmentpanelback\src\gantt\gantt.service.ts:950:12)
          at GanttService.createGanttItem (C:\Users\Adria\Documents\code\rsx\managmentpanelback\src\gantt\gantt.service.ts:69:18)
          at C:\Users\Adria\Documents\code\rsx\managmentpanelback\src\gantt\tests\gantt.service.test.ts:221:41
          at file:///C:/Users/Adria/Documents/code/rsx/managmentpanelback/node_modules/@vitest/runner/dist/index.js:135:14
          at file:///C:/Users/Adria/Documents/code/rsx/managmentpanelback/node_modules/@vitest/runner/dist/index.js:60:26
          at runTest (file:///C:/Users/Adria/Documents/code/rsx/managmentpanelback/node_modules/@vitest/runner/dist/index.js:781:17)
          at runSuite (file:///C:/Users/Adria/Documents/code/rsx/managmentpanelback/node_modules/@vitest/runner/dist/index.js:909:15)
          at runSuite (file:///C:/Users/Adria/Documents/code/rsx/managmentpanelback/node_modules/@vitest/runner/dist/index.js:909:15)
          at runSuite (file:///C:/Users/Adria/Documents/code/rsx/managmentpanelback/node_modules/@vitest/runner/dist/index.js:909:15)
          at runFiles (file:///C:/Users/Adria/Documents/code/rsx/managmentpanelback/node_modules/@vitest/runner/dist/index.js:958:5)
    }
  },
  level: 'error',
  timestamp: '2026-02-12T18:48:47.021Z'
}

[90mstdout[2m | src/gantt/tests/gantt.service.test.ts[2m > [22m[2mGanttService[2m > [22m[2mcreateGanttItem[2m > [22m[2mshould return SummaryCannotHaveAssignee if summary has assignedToId[22m[39m
{
  message: {
    function: 'GanttService.createGanttItem',
    error: Error [Unknown Prisma Error]: Error desconocido de la base de datos
        at UnknownPrismaError.PrismaError (C:\Users\Adria\Documents\code\rsx\managmentpanelback\src\prisma\prisma.errors.js:22:28)
        at new UnknownPrismaError (C:\Users\Adria\Documents\code\rsx\managmentpanelback\src\prisma\prisma.errors.js:100:28)
        at Module.returnPrismaError (C:\Users\Adria\Documents\code\rsx\managmentpanelback\src\prisma\prisma.errors.js:92:100)
        at GanttService.createGanttItem (C:\Users\Adria\Documents\code\rsx\managmentpanelback\src\gantt\gantt.service.ts:176:21)
        at C:\Users\Adria\Documents\code\rsx\managmentpanelback\src\gantt\tests\gantt.service.test.ts:238:22
        at runTest (file:///C:/Users/Adria/Documents/code/rsx/managmentpanelback/node_modules/@vitest/runner/dist/index.js:781:11)
        at runSuite (file:///C:/Users/Adria/Documents/code/rsx/managmentpanelback/node_modules/@vitest/runner/dist/index.js:909:15)
        at runSuite (file:///C:/Users/Adria/Documents/code/rsx/managmentpanelback/node_modules/@vitest/runner/dist/index.js:909:15)
        at runSuite (file:///C:/Users/Adria/Documents/code/rsx/managmentpanelback/node_modules/@vitest/runner/dist/index.js:909:15)
        at runFiles (file:///C:/Users/Adria/Documents/code/rsx/managmentpanelback/node_modules/@vitest/runner/dist/index.js:958:5) {
      text: 'Error desconocido de la base de datos',
      code: 'PX',
      errorContent: TypeError: this.prisma.users.findUniqueOrThrow is not a function
          at GanttService.validateReferences (C:\Users\Adria\Documents\code\rsx\managmentpanelback\src\gantt\gantt.service.ts:938:12)
          at GanttService.createGanttItem (C:\Users\Adria\Documents\code\rsx\managmentpanelback\src\gantt\gantt.service.ts:69:18)
          at C:\Users\Adria\Documents\code\rsx\managmentpanelback\src\gantt\tests\gantt.service.test.ts:238:41
          at file:///C:/Users/Adria/Documents/code/rsx/managmentpanelback/node_modules/@vitest/runner/dist/index.js:135:14
          at file:///C:/Users/Adria/Documents/code/rsx/managmentpanelback/node_modules/@vitest/runner/dist/index.js:60:26
          at runTest (file:///C:/Users/Adria/Documents/code/rsx/managmentpanelback/node_modules/@vitest/runner/dist/index.js:781:17)
          at runSuite (file:///C:/Users/Adria/Documents/code/rsx/managmentpanelback/node_modules/@vitest/runner/dist/index.js:909:15)
          at runSuite (file:///C:/Users/Adria/Documents/code/rsx/managmentpanelback/node_modules/@vitest/runner/dist/index.js:909:15)
          at runSuite (file:///C:/Users/Adria/Documents/code/rsx/managmentpanelback/node_modules/@vitest/runner/dist/index.js:909:15)
          at runFiles (file:///C:/Users/Adria/Documents/code/rsx/managmentpanelback/node_modules/@vitest/runner/dist/index.js:958:5)
    }
  },
  level: 'error',
  timestamp: '2026-02-12T18:48:47.030Z'
}

[90mstdout[2m | src/gantt/tests/gantt.service.test.ts[2m > [22m[2mGanttService[2m > [22m[2mcreateGanttItem[2m > [22m[2mshould return InvalidUserReference if createdById does not exist[22m[39m
{
  message: {
    function: 'GanttService.createGanttItem',
    error: Error [Unknown Prisma Error]: Error desconocido de la base de datos
        at UnknownPrismaError.PrismaError (C:\Users\Adria\Documents\code\rsx\managmentpanelback\src\prisma\prisma.errors.js:22:28)
        at new UnknownPrismaError (C:\Users\Adria\Documents\code\rsx\managmentpanelback\src\prisma\prisma.errors.js:100:28)
        at Module.returnPrismaError (C:\Users\Adria\Documents\code\rsx\managmentpanelback\src\prisma\prisma.errors.js:92:100)
        at GanttService.createGanttItem (C:\Users\Adria\Documents\code\rsx\managmentpanelback\src\gantt\gantt.service.ts:176:21)
        at C:\Users\Adria\Documents\code\rsx\managmentpanelback\src\gantt\tests\gantt.service.test.ts:253:22
        at runTest (file:///C:/Users/Adria/Documents/code/rsx/managmentpanelback/node_modules/@vitest/runner/dist/index.js:781:11)
        at runSuite (file:///C:/Users/Adria/Documents/code/rsx/managmentpanelback/node_modules/@vitest/runner/dist/index.js:909:15)
        at runSuite (file:///C:/Users/Adria/Documents/code/rsx/managmentpanelback/node_modules/@vitest/runner/dist/index.js:909:15)
        at runSuite (file:///C:/Users/Adria/Documents/code/rsx/managmentpanelback/node_modules/@vitest/runner/dist/index.js:909:15)
        at runFiles (file:///C:/Users/Adria/Documents/code/rsx/managmentpanelback/node_modules/@vitest/runner/dist/index.js:958:5) {
      text: 'Error desconocido de la base de datos',
      code: 'PX',
      errorContent: TypeError: this.prisma.users.findUniqueOrThrow is not a function
          at GanttService.validateReferences (C:\Users\Adria\Documents\code\rsx\managmentpanelback\src\gantt\gantt.service.ts:950:12)
          at GanttService.createGanttItem (C:\Users\Adria\Documents\code\rsx\managmentpanelback\src\gantt\gantt.service.ts:69:18)
          at C:\Users\Adria\Documents\code\rsx\managmentpanelback\src\gantt\tests\gantt.service.test.ts:253:41
          at file:///C:/Users/Adria/Documents/code/rsx/managmentpanelback/node_modules/@vitest/runner/dist/index.js:135:14
          at file:///C:/Users/Adria/Documents/code/rsx/managmentpanelback/node_modules/@vitest/runner/dist/index.js:60:26
          at runTest (file:///C:/Users/Adria/Documents/code/rsx/managmentpanelback/node_modules/@vitest/runner/dist/index.js:781:17)
          at runSuite (file:///C:/Users/Adria/Documents/code/rsx/managmentpanelback/node_modules/@vitest/runner/dist/index.js:909:15)
          at runSuite (file:///C:/Users/Adria/Documents/code/rsx/managmentpanelback/node_modules/@vitest/runner/dist/index.js:909:15)
          at runSuite (file:///C:/Users/Adria/Documents/code/rsx/managmentpanelback/node_modules/@vitest/runner/dist/index.js:909:15)
          at runFiles (file:///C:/Users/Adria/Documents/code/rsx/managmentpanelback/node_modules/@vitest/runner/dist/index.js:958:5)
    }
  },
  level: 'error',
  timestamp: '2026-02-12T18:48:47.046Z'
}

[90mstdout[2m | src/gantt/tests/gantt.service.test.ts[2m > [22m[2mGanttService[2m > [22m[2mcreateGanttItem[2m > [22m[2mshould return InvalidDepartmentReference if departmentsId does not exist[22m[39m
{
  message: {
    function: 'GanttService.createGanttItem',
    error: Error [Unknown Prisma Error]: Error desconocido de la base de datos
        at UnknownPrismaError.PrismaError (C:\Users\Adria\Documents\code\rsx\managmentpanelback\src\prisma\prisma.errors.js:22:28)
        at new UnknownPrismaError (C:\Users\Adria\Documents\code\rsx\managmentpanelback\src\prisma\prisma.errors.js:100:28)
        at Module.returnPrismaError (C:\Users\Adria\Documents\code\rsx\managmentpanelback\src\prisma\prisma.errors.js:92:100)
        at GanttService.createGanttItem (C:\Users\Adria\Documents\code\rsx\managmentpanelback\src\gantt\gantt.service.ts:176:21)
        at C:\Users\Adria\Documents\code\rsx\managmentpanelback\src\gantt\tests\gantt.service.test.ts:270:22
        at runTest (file:///C:/Users/Adria/Documents/code/rsx/managmentpanelback/node_modules/@vitest/runner/dist/index.js:781:11)
        at runSuite (file:///C:/Users/Adria/Documents/code/rsx/managmentpanelback/node_modules/@vitest/runner/dist/index.js:909:15)
        at runSuite (file:///C:/Users/Adria/Documents/code/rsx/managmentpanelback/node_modules/@vitest/runner/dist/index.js:909:15)
        at runSuite (file:///C:/Users/Adria/Documents/code/rsx/managmentpanelback/node_modules/@vitest/runner/dist/index.js:909:15)
        at runFiles (file:///C:/Users/Adria/Documents/code/rsx/managmentpanelback/node_modules/@vitest/runner/dist/index.js:958:5) {
      text: 'Error desconocido de la base de datos',
      code: 'PX',
      errorContent: TypeError: this.prisma.departments.findUniqueOrThrow is not a function
          at GanttService.validateReferences (C:\Users\Adria\Documents\code\rsx\managmentpanelback\src\gantt\gantt.service.ts:916:12)
          at GanttService.createGanttItem (C:\Users\Adria\Documents\code\rsx\managmentpanelback\src\gantt\gantt.service.ts:69:18)
          at C:\Users\Adria\Documents\code\rsx\managmentpanelback\src\gantt\tests\gantt.service.test.ts:270:41
          at file:///C:/Users/Adria/Documents/code/rsx/managmentpanelback/node_modules/@vitest/runner/dist/index.js:135:14
          at file:///C:/Users/Adria/Documents/code/rsx/managmentpanelback/node_modules/@vitest/runner/dist/index.js:60:26
          at runTest (file:///C:/Users/Adria/Documents/code/rsx/managmentpanelback/node_modules/@vitest/runner/dist/index.js:781:17)
          at runSuite (file:///C:/Users/Adria/Documents/code/rsx/managmentpanelback/node_modules/@vitest/runner/dist/index.js:909:15)
          at runSuite (file:///C:/Users/Adria/Documents/code/rsx/managmentpanelback/node_modules/@vitest/runner/dist/index.js:909:15)
          at runSuite (file:///C:/Users/Adria/Documents/code/rsx/managmentpanelback/node_modules/@vitest/runner/dist/index.js:909:15)
          at runFiles (file:///C:/Users/Adria/Documents/code/rsx/managmentpanelback/node_modules/@vitest/runner/dist/index.js:958:5)
    }
  },
  level: 'error',
  timestamp: '2026-02-12T18:48:47.058Z'
}

[90mstdout[2m | src/gantt/tests/gantt.service.test.ts[2m > [22m[2mGanttService[2m > [22m[2mcreateGanttItem[2m > [22m[2mshould return InvalidDemographyReference if demographyId does not exist[22m[39m
{
  message: {
    function: 'GanttService.createGanttItem',
    error: Error [Unknown Prisma Error]: Error desconocido de la base de datos
        at UnknownPrismaError.PrismaError (C:\Users\Adria\Documents\code\rsx\managmentpanelback\src\prisma\prisma.errors.js:22:28)
        at new UnknownPrismaError (C:\Users\Adria\Documents\code\rsx\managmentpanelback\src\prisma\prisma.errors.js:100:28)
        at Module.returnPrismaError (C:\Users\Adria\Documents\code\rsx\managmentpanelback\src\prisma\prisma.errors.js:92:100)
        at GanttService.createGanttItem (C:\Users\Adria\Documents\code\rsx\managmentpanelback\src\gantt\gantt.service.ts:176:21)
        at C:\Users\Adria\Documents\code\rsx\managmentpanelback\src\gantt\tests\gantt.service.test.ts:287:22
        at runTest (file:///C:/Users/Adria/Documents/code/rsx/managmentpanelback/node_modules/@vitest/runner/dist/index.js:781:11)
        at runSuite (file:///C:/Users/Adria/Documents/code/rsx/managmentpanelback/node_modules/@vitest/runner/dist/index.js:909:15)
        at runSuite (file:///C:/Users/Adria/Documents/code/rsx/managmentpanelback/node_modules/@vitest/runner/dist/index.js:909:15)
        at runSuite (file:///C:/Users/Adria/Documents/code/rsx/managmentpanelback/node_modules/@vitest/runner/dist/index.js:909:15)
        at runFiles (file:///C:/Users/Adria/Documents/code/rsx/managmentpanelback/node_modules/@vitest/runner/dist/index.js:958:5) {
      text: 'Error desconocido de la base de datos',
      code: 'PX',
      errorContent: TypeError: this.prisma.demography.findUniqueOrThrow is not a function
          at GanttService.validateReferences (C:\Users\Adria\Documents\code\rsx\managmentpanelback\src\gantt\gantt.service.ts:928:12)
          at GanttService.createGanttItem (C:\Users\Adria\Documents\code\rsx\managmentpanelback\src\gantt\gantt.service.ts:69:18)
          at C:\Users\Adria\Documents\code\rsx\managmentpanelback\src\gantt\tests\gantt.service.test.ts:287:41
          at file:///C:/Users/Adria/Documents/code/rsx/managmentpanelback/node_modules/@vitest/runner/dist/index.js:135:14
          at file:///C:/Users/Adria/Documents/code/rsx/managmentpanelback/node_modules/@vitest/runner/dist/index.js:60:26
          at runTest (file:///C:/Users/Adria/Documents/code/rsx/managmentpanelback/node_modules/@vitest/runner/dist/index.js:781:17)
          at runSuite (file:///C:/Users/Adria/Documents/code/rsx/managmentpanelback/node_modules/@vitest/runner/dist/index.js:909:15)
          at runSuite (file:///C:/Users/Adria/Documents/code/rsx/managmentpanelback/node_modules/@vitest/runner/dist/index.js:909:15)
          at runSuite (file:///C:/Users/Adria/Documents/code/rsx/managmentpanelback/node_modules/@vitest/runner/dist/index.js:909:15)
          at runFiles (file:///C:/Users/Adria/Documents/code/rsx/managmentpanelback/node_modules/@vitest/runner/dist/index.js:958:5)
    }
  },
  level: 'error',
  timestamp: '2026-02-12T18:48:47.075Z'
}

[90mstdout[2m | src/gantt/tests/gantt.service.test.ts[2m > [22m[2mGanttService[2m > [22m[2mcreateGanttItem[2m > [22m[2mshould calculate path correctly for child items[22m[39m
{
  message: {
    function: 'GanttService.createGanttItem',
    error: Error [Unknown Prisma Error]: Error desconocido de la base de datos
        at UnknownPrismaError.PrismaError (C:\Users\Adria\Documents\code\rsx\managmentpanelback\src\prisma\prisma.errors.js:22:28)
        at new UnknownPrismaError (C:\Users\Adria\Documents\code\rsx\managmentpanelback\src\prisma\prisma.errors.js:100:28)
        at Module.returnPrismaError (C:\Users\Adria\Documents\code\rsx\managmentpanelback\src\prisma\prisma.errors.js:92:100)
        at GanttService.createGanttItem (C:\Users\Adria\Documents\code\rsx\managmentpanelback\src\gantt\gantt.service.ts:176:21)
        at C:\Users\Adria\Documents\code\rsx\managmentpanelback\src\gantt\tests\gantt.service.test.ts:316:22
        at runTest (file:///C:/Users/Adria/Documents/code/rsx/managmentpanelback/node_modules/@vitest/runner/dist/index.js:781:11)
        at runSuite (file:///C:/Users/Adria/Documents/code/rsx/managmentpanelback/node_modules/@vitest/runner/dist/index.js:909:15)
        at runSuite (file:///C:/Users/Adria/Documents/code/rsx/managmentpanelback/node_modules/@vitest/runner/dist/index.js:909:15)
        at runSuite (file:///C:/Users/Adria/Documents/code/rsx/managmentpanelback/node_modules/@vitest/runner/dist/index.js:909:15)
        at runFiles (file:///C:/Users/Adria/Documents/code/rsx/managmentpanelback/node_modules/@vitest/runner/dist/index.js:958:5) {
      text: 'Error desconocido de la base de datos',
      code: 'PX',
      errorContent: TypeError: this.prisma.users.findUniqueOrThrow is not a function
          at GanttService.validateReferences (C:\Users\Adria\Documents\code\rsx\managmentpanelback\src\gantt\gantt.service.ts:950:12)
          at GanttService.createGanttItem (C:\Users\Adria\Documents\code\rsx\managmentpanelback\src\gantt\gantt.service.ts:69:18)
          at C:\Users\Adria\Documents\code\rsx\managmentpanelback\src\gantt\tests\gantt.service.test.ts:316:41
          at file:///C:/Users/Adria/Documents/code/rsx/managmentpanelback/node_modules/@vitest/runner/dist/index.js:135:14
          at file:///C:/Users/Adria/Documents/code/rsx/managmentpanelback/node_modules/@vitest/runner/dist/index.js:60:26
          at runTest (file:///C:/Users/Adria/Documents/code/rsx/managmentpanelback/node_modules/@vitest/runner/dist/index.js:781:17)
          at runSuite (file:///C:/Users/Adria/Documents/code/rsx/managmentpanelback/node_modules/@vitest/runner/dist/index.js:909:15)
          at runSuite (file:///C:/Users/Adria/Documents/code/rsx/managmentpanelback/node_modules/@vitest/runner/dist/index.js:909:15)
          at runSuite (file:///C:/Users/Adria/Documents/code/rsx/managmentpanelback/node_modules/@vitest/runner/dist/index.js:909:15)
          at runFiles (file:///C:/Users/Adria/Documents/code/rsx/managmentpanelback/node_modules/@vitest/runner/dist/index.js:958:5)
    }
  },
  level: 'error',
  timestamp: '2026-02-12T18:48:47.087Z'
}

[90mstdout[2m | src/gantt/tests/gantt.service.test.ts[2m > [22m[2mGanttService[2m > [22m[2mcreateGanttItem[2m > [22m[2mshould return MaxDepthExceeded if depth exceeds 10[22m[39m
{
  message: {
    function: 'GanttService.createGanttItem',
    error: Error [Unknown Prisma Error]: Error desconocido de la base de datos
        at UnknownPrismaError.PrismaError (C:\Users\Adria\Documents\code\rsx\managmentpanelback\src\prisma\prisma.errors.js:22:28)
        at new UnknownPrismaError (C:\Users\Adria\Documents\code\rsx\managmentpanelback\src\prisma\prisma.errors.js:100:28)
        at Module.returnPrismaError (C:\Users\Adria\Documents\code\rsx\managmentpanelback\src\prisma\prisma.errors.js:92:100)
        at GanttService.createGanttItem (C:\Users\Adria\Documents\code\rsx\managmentpanelback\src\gantt\gantt.service.ts:176:21)
        at C:\Users\Adria\Documents\code\rsx\managmentpanelback\src\gantt\tests\gantt.service.test.ts:339:22
        at runTest (file:///C:/Users/Adria/Documents/code/rsx/managmentpanelback/node_modules/@vitest/runner/dist/index.js:781:11)
        at runSuite (file:///C:/Users/Adria/Documents/code/rsx/managmentpanelback/node_modules/@vitest/runner/dist/index.js:909:15)
        at runSuite (file:///C:/Users/Adria/Documents/code/rsx/managmentpanelback/node_modules/@vitest/runner/dist/index.js:909:15)
        at runSuite (file:///C:/Users/Adria/Documents/code/rsx/managmentpanelback/node_modules/@vitest/runner/dist/index.js:909:15)
        at runFiles (file:///C:/Users/Adria/Documents/code/rsx/managmentpanelback/node_modules/@vitest/runner/dist/index.js:958:5) {
      text: 'Error desconocido de la base de datos',
      code: 'PX',
      errorContent: TypeError: this.prisma.users.findUniqueOrThrow is not a function
          at GanttService.validateReferences (C:\Users\Adria\Documents\code\rsx\managmentpanelback\src\gantt\gantt.service.ts:950:12)
          at GanttService.createGanttItem (C:\Users\Adria\Documents\code\rsx\managmentpanelback\src\gantt\gantt.service.ts:69:18)
          at C:\Users\Adria\Documents\code\rsx\managmentpanelback\src\gantt\tests\gantt.service.test.ts:339:41
          at file:///C:/Users/Adria/Documents/code/rsx/managmentpanelback/node_modules/@vitest/runner/dist/index.js:135:14
          at file:///C:/Users/Adria/Documents/code/rsx/managmentpanelback/node_modules/@vitest/runner/dist/index.js:60:26
          at runTest (file:///C:/Users/Adria/Documents/code/rsx/managmentpanelback/node_modules/@vitest/runner/dist/index.js:781:17)
          at runSuite (file:///C:/Users/Adria/Documents/code/rsx/managmentpanelback/node_modules/@vitest/runner/dist/index.js:909:15)
          at runSuite (file:///C:/Users/Adria/Documents/code/rsx/managmentpanelback/node_modules/@vitest/runner/dist/index.js:909:15)
          at runSuite (file:///C:/Users/Adria/Documents/code/rsx/managmentpanelback/node_modules/@vitest/runner/dist/index.js:909:15)
          at runFiles (file:///C:/Users/Adria/Documents/code/rsx/managmentpanelback/node_modules/@vitest/runner/dist/index.js:958:5)
    }
  },
  level: 'error',
  timestamp: '2026-02-12T18:48:47.108Z'
}

[90mstdout[2m | src/gantt/tests/gantt.service.test.ts[2m > [22m[2mGanttService[2m > [22m[2mupdateGanttItem[2m > [22m[2mshould update a gantt item successfully[22m[39m
{
  message: { function: 'GanttService.updateGanttItem', itemId: 'gantt-123' },
  level: 'debug',
  timestamp: '2026-02-12T18:48:47.123Z'
}

[90mstdout[2m | src/gantt/tests/gantt.service.test.ts[2m > [22m[2mGanttService[2m > [22m[2mupdateGanttItem[2m > [22m[2mshould return GanttItemNotFound if item does not exist[22m[39m
{
  message: {
    function: 'GanttService.updateGanttItem',
    error: Error [Unknown Prisma Error]: Error desconocido de la base de datos
        at UnknownPrismaError.PrismaError (C:\Users\Adria\Documents\code\rsx\managmentpanelback\src\prisma\prisma.errors.js:22:28)
        at new UnknownPrismaError (C:\Users\Adria\Documents\code\rsx\managmentpanelback\src\prisma\prisma.errors.js:100:28)
        at Module.returnPrismaError (C:\Users\Adria\Documents\code\rsx\managmentpanelback\src\prisma\prisma.errors.js:92:100)
        at GanttService.updateGanttItem (C:\Users\Adria\Documents\code\rsx\managmentpanelback\src\gantt\gantt.service.ts:274:21)
        at C:\Users\Adria\Documents\code\rsx\managmentpanelback\src\gantt\tests\gantt.service.test.ts:371:22
        at runTest (file:///C:/Users/Adria/Documents/code/rsx/managmentpanelback/node_modules/@vitest/runner/dist/index.js:781:11)
        at runSuite (file:///C:/Users/Adria/Documents/code/rsx/managmentpanelback/node_modules/@vitest/runner/dist/index.js:909:15)
        at runSuite (file:///C:/Users/Adria/Documents/code/rsx/managmentpanelback/node_modules/@vitest/runner/dist/index.js:909:15)
        at runSuite (file:///C:/Users/Adria/Documents/code/rsx/managmentpanelback/node_modules/@vitest/runner/dist/index.js:909:15)
        at runFiles (file:///C:/Users/Adria/Documents/code/rsx/managmentpanelback/node_modules/@vitest/runner/dist/index.js:958:5) {
      text: 'Error desconocido de la base de datos',
      code: 'PX',
      errorContent: GanttItemNotFound [Gantt Error]: El item del Gantt no existe
          at GanttService.updateGanttItem (C:\Users\Adria\Documents\code\rsx\managmentpanelback\src\gantt\gantt.service.ts:195:15)
          at C:\Users\Adria\Documents\code\rsx\managmentpanelback\src\gantt\tests\gantt.service.test.ts:371:22
          at runTest (file:///C:/Users/Adria/Documents/code/rsx/managmentpanelback/node_modules/@vitest/runner/dist/index.js:781:11)
          at runSuite (file:///C:/Users/Adria/Documents/code/rsx/managmentpanelback/node_modules/@vitest/runner/dist/index.js:909:15)
          at runSuite (file:///C:/Users/Adria/Documents/code/rsx/managmentpanelback/node_modules/@vitest/runner/dist/index.js:909:15)
          at runSuite (file:///C:/Users/Adria/Documents/code/rsx/managmentpanelback/node_modules/@vitest/runner/dist/index.js:909:15)
          at runFiles (file:///C:/Users/Adria/Documents/code/rsx/managmentpanelback/node_modules/@vitest/runner/dist/index.js:958:5)
          at startTests (file:///C:/Users/Adria/Documents/code/rsx/managmentpanelback/node_modules/@vitest/runner/dist/index.js:967:3)
          at file:///C:/Users/Adria/Documents/code/rsx/managmentpanelback/node_modules/vitest/dist/chunks/runtime-runBaseTests.oAvMKtQC.js:116:7
          at withEnv (file:///C:/Users/Adria/Documents/code/rsx/managmentpanelback/node_modules/vitest/dist/chunks/runtime-runBaseTests.oAvMKtQC.js:83:5) {
        errorContent: undefined,
        code: 'GANTT01',
        text: 'El item del Gantt no existe'
      }
    }
  },
  level: 'error',
  timestamp: '2026-02-12T18:48:47.152Z'
}

[90mstdout[2m | src/gantt/tests/gantt.service.test.ts[2m > [22m[2mGanttService[2m > [22m[2mupdateGanttItem[2m > [22m[2mshould return InvalidDateRange if updating dates incorrectly[22m[39m
{
  message: { function: 'GanttService.updateGanttItem', itemId: 'gantt-123' },
  level: 'debug',
  timestamp: '2026-02-12T18:48:47.161Z'
}

[90mstdout[2m | src/gantt/tests/gantt.service.test.ts[2m > [22m[2mGanttService[2m > [22m[2mupdateGanttItem[2m > [22m[2mshould return CircularHierarchy if trying to set parent to self[22m[39m
{
  message: {
    function: 'GanttService.updateGanttItem',
    error: Error [Unknown Prisma Error]: Error desconocido de la base de datos
        at UnknownPrismaError.PrismaError (C:\Users\Adria\Documents\code\rsx\managmentpanelback\src\prisma\prisma.errors.js:22:28)
        at new UnknownPrismaError (C:\Users\Adria\Documents\code\rsx\managmentpanelback\src\prisma\prisma.errors.js:100:28)
        at Module.returnPrismaError (C:\Users\Adria\Documents\code\rsx\managmentpanelback\src\prisma\prisma.errors.js:92:100)
        at GanttService.updateGanttItem (C:\Users\Adria\Documents\code\rsx\managmentpanelback\src\gantt\gantt.service.ts:274:21)
        at C:\Users\Adria\Documents\code\rsx\managmentpanelback\src\gantt\tests\gantt.service.test.ts:396:22
        at runTest (file:///C:/Users/Adria/Documents/code/rsx/managmentpanelback/node_modules/@vitest/runner/dist/index.js:781:11)
        at runSuite (file:///C:/Users/Adria/Documents/code/rsx/managmentpanelback/node_modules/@vitest/runner/dist/index.js:909:15)
        at runSuite (file:///C:/Users/Adria/Documents/code/rsx/managmentpanelback/node_modules/@vitest/runner/dist/index.js:909:15)
        at runSuite (file:///C:/Users/Adria/Documents/code/rsx/managmentpanelback/node_modules/@vitest/runner/dist/index.js:909:15)
        at runFiles (file:///C:/Users/Adria/Documents/code/rsx/managmentpanelback/node_modules/@vitest/runner/dist/index.js:958:5) {
      text: 'Error desconocido de la base de datos',
      code: 'PX',
      errorContent: CircularHierarchy [Gantt Error]: Jerarquía circular detectada: un item no puede ser padre de sí mismo o de sus ancestros
          at GanttService.detectCircularHierarchy (C:\Users\Adria\Documents\code\rsx\managmentpanelback\src\gantt\gantt.service.ts:876:15)
          at GanttService.updateGanttItem (C:\Users\Adria\Documents\code\rsx\managmentpanelback\src\gantt\gantt.service.ts:215:22)
          at C:\Users\Adria\Documents\code\rsx\managmentpanelback\src\gantt\tests\gantt.service.test.ts:396:22
          at runTest (file:///C:/Users/Adria/Documents/code/rsx/managmentpanelback/node_modules/@vitest/runner/dist/index.js:781:11)
          at runSuite (file:///C:/Users/Adria/Documents/code/rsx/managmentpanelback/node_modules/@vitest/runner/dist/index.js:909:15)
          at runSuite (file:///C:/Users/Adria/Documents/code/rsx/managmentpanelback/node_modules/@vitest/runner/dist/index.js:909:15)
          at runSuite (file:///C:/Users/Adria/Documents/code/rsx/managmentpanelback/node_modules/@vitest/runner/dist/index.js:909:15)
          at runFiles (file:///C:/Users/Adria/Documents/code/rsx/managmentpanelback/node_modules/@vitest/runner/dist/index.js:958:5)
          at startTests (file:///C:/Users/Adria/Documents/code/rsx/managmentpanelback/node_modules/@vitest/runner/dist/index.js:967:3)
          at file:///C:/Users/Adria/Documents/code/rsx/managmentpanelback/node_modules/vitest/dist/chunks/runtime-runBaseTests.oAvMKtQC.js:116:7 {
        errorContent: undefined,
        code: 'GANTT07',
        text: 'Jerarquía circular detectada: un item no puede ser padre de sí mismo o de sus ancestros'
      }
    }
  },
  level: 'error',
  timestamp: '2026-02-12T18:48:47.171Z'
}

[90mstdout[2m | src/gantt/tests/gantt.service.test.ts[2m > [22m[2mGanttService[2m > [22m[2mupdateGanttItem[2m > [22m[2mshould recalculate path when parentId changes[22m[39m
{
  message: { function: 'GanttService.updateGanttItem', itemId: 'gantt-123' },
  level: 'debug',
  timestamp: '2026-02-12T18:48:47.178Z'
}

[90mstdout[2m | src/gantt/tests/gantt.service.test.ts[2m > [22m[2mGanttService[2m > [22m[2mgetGanttItem[2m > [22m[2mshould return GanttItemNotFound if item does not exist[22m[39m
{
  message: {
    function: 'GanttService.getGanttItem',
    error: Error [Unknown Prisma Error]: Error desconocido de la base de datos
        at UnknownPrismaError.PrismaError (C:\Users\Adria\Documents\code\rsx\managmentpanelback\src\prisma\prisma.errors.js:22:28)
        at new UnknownPrismaError (C:\Users\Adria\Documents\code\rsx\managmentpanelback\src\prisma\prisma.errors.js:100:28)
        at Module.returnPrismaError (C:\Users\Adria\Documents\code\rsx\managmentpanelback\src\prisma\prisma.errors.js:92:100)
        at GanttService.getGanttItem (C:\Users\Adria\Documents\code\rsx\managmentpanelback\src\gantt\gantt.service.ts:336:21)
        at C:\Users\Adria\Documents\code\rsx\managmentpanelback\src\gantt\tests\gantt.service.test.ts:470:22
        at runTest (file:///C:/Users/Adria/Documents/code/rsx/managmentpanelback/node_modules/@vitest/runner/dist/index.js:781:11)
        at runSuite (file:///C:/Users/Adria/Documents/code/rsx/managmentpanelback/node_modules/@vitest/runner/dist/index.js:909:15)
        at runSuite (file:///C:/Users/Adria/Documents/code/rsx/managmentpanelback/node_modules/@vitest/runner/dist/index.js:909:15)
        at runSuite (file:///C:/Users/Adria/Documents/code/rsx/managmentpanelback/node_modules/@vitest/runner/dist/index.js:909:15)
        at runFiles (file:///C:/Users/Adria/Documents/code/rsx/managmentpanelback/node_modules/@vitest/runner/dist/index.js:958:5) {
      text: 'Error desconocido de la base de datos',
      code: 'PX',
      errorContent: GanttItemNotFound [Gantt Error]: El item del Gantt no existe
          at GanttService.getGanttItem (C:\Users\Adria\Documents\code\rsx\managmentpanelback\src\gantt\gantt.service.ts:331:15)
          at C:\Users\Adria\Documents\code\rsx\managmentpanelback\src\gantt\tests\gantt.service.test.ts:470:22
          at runTest (file:///C:/Users/Adria/Documents/code/rsx/managmentpanelback/node_modules/@vitest/runner/dist/index.js:781:11)
          at runSuite (file:///C:/Users/Adria/Documents/code/rsx/managmentpanelback/node_modules/@vitest/runner/dist/index.js:909:15)
          at runSuite (file:///C:/Users/Adria/Documents/code/rsx/managmentpanelback/node_modules/@vitest/runner/dist/index.js:909:15)
          at runSuite (file:///C:/Users/Adria/Documents/code/rsx/managmentpanelback/node_modules/@vitest/runner/dist/index.js:909:15)
          at runFiles (file:///C:/Users/Adria/Documents/code/rsx/managmentpanelback/node_modules/@vitest/runner/dist/index.js:958:5)
          at startTests (file:///C:/Users/Adria/Documents/code/rsx/managmentpanelback/node_modules/@vitest/runner/dist/index.js:967:3)
          at file:///C:/Users/Adria/Documents/code/rsx/managmentpanelback/node_modules/vitest/dist/chunks/runtime-runBaseTests.oAvMKtQC.js:116:7
          at withEnv (file:///C:/Users/Adria/Documents/code/rsx/managmentpanelback/node_modules/vitest/dist/chunks/runtime-runBaseTests.oAvMKtQC.js:83:5) {
        errorContent: undefined,
        code: 'GANTT01',
        text: 'El item del Gantt no existe'
      }
    }
  },
  level: 'error',
  timestamp: '2026-02-12T18:48:47.203Z'
}

 [33m❯[39m src/gantt/tests/gantt.service.test.ts [2m ([22m[2m46 tests[22m [2m|[22m [31m32 failed[39m[2m)[22m[33m 634[2mms[22m[39m
[31m   [33m❯[31m src/gantt/tests/gantt.service.test.ts[2m > [22mGanttService[2m > [22mcreateGanttItem[2m > [22mshould create a gantt item successfully[39m
[31m     → expected Unknown Prisma Error: Error desconocido d… { …(3) } to deeply equal { id: 'gantt-123', …(24) }[39m
[31m   [33m❯[31m src/gantt/tests/gantt.service.test.ts[2m > [22mGanttService[2m > [22mcreateGanttItem[2m > [22mshould return InvalidDateRange if startDate >= endDate for non-milestone[39m
[31m     → expected false to be true // Object.is equality[39m
[31m   [33m❯[31m src/gantt/tests/gantt.service.test.ts[2m > [22mGanttService[2m > [22mcreateGanttItem[2m > [22mshould return InvalidProgress if progress < 0 or > 100[39m
[31m     → expected false to be true // Object.is equality[39m
[31m   [33m❯[31m src/gantt/tests/gantt.service.test.ts[2m > [22mGanttService[2m > [22mcreateGanttItem[2m > [22mshould return MilestoneInvalidDates if milestone has different start/end dates[39m
[31m     → expected false to be true // Object.is equality[39m
[31m   [33m❯[31m src/gantt/tests/gantt.service.test.ts[2m > [22mGanttService[2m > [22mcreateGanttItem[2m > [22mshould return SummaryCannotHaveAssignee if summary has assignedToId[39m
[31m     → expected false to be true // Object.is equality[39m
[31m   [33m❯[31m src/gantt/tests/gantt.service.test.ts[2m > [22mGanttService[2m > [22mcreateGanttItem[2m > [22mshould return InvalidUserReference if createdById does not exist[39m
[31m     → expected false to be true // Object.is equality[39m
[31m   [33m❯[31m src/gantt/tests/gantt.service.test.ts[2m > [22mGanttService[2m > [22mcreateGanttItem[2m > [22mshould return InvalidDepartmentReference if departmentsId does not exist[39m
[31m     → expected false to be true // Object.is equality[39m
[31m   [33m❯[31m src/gantt/tests/gantt.service.test.ts[2m > [22mGanttService[2m > [22mcreateGanttItem[2m > [22mshould return InvalidDemographyReference if demographyId does not exist[39m
[31m     → expected false to be true // Object.is equality[39m
[31m   [33m❯[31m src/gantt/tests/gantt.service.test.ts[2m > [22mGanttService[2m > [22mcreateGanttItem[2m > [22mshould calculate path correctly for child items[39m
[31m     → expected Unknown Prisma Error: Error desconocido d… { …(3) } to not be an instance of Error[39m
[31m   [33m❯[31m src/gantt/tests/gantt.service.test.ts[2m > [22mGanttService[2m > [22mcreateGanttItem[2m > [22mshould return MaxDepthExceeded if depth exceeds 10[39m
[31m     → expected false to be true // Object.is equality[39m
[31m   [33m❯[31m src/gantt/tests/gantt.service.test.ts[2m > [22mGanttService[2m > [22mupdateGanttItem[2m > [22mshould return GanttItemNotFound if item does not exist[39m
[31m     → expected false to be true // Object.is equality[39m
[31m   [33m❯[31m src/gantt/tests/gantt.service.test.ts[2m > [22mGanttService[2m > [22mupdateGanttItem[2m > [22mshould return InvalidDateRange if updating dates incorrectly[39m
[31m     → expected false to be true // Object.is equality[39m
[31m   [33m❯[31m src/gantt/tests/gantt.service.test.ts[2m > [22mGanttService[2m > [22mupdateGanttItem[2m > [22mshould return CircularHierarchy if trying to set parent to self[39m
[31m     → expected false to be true // Object.is equality[39m
[31m   [33m❯[31m src/gantt/tests/gantt.service.test.ts[2m > [22mGanttService[2m > [22mgetGanttItem[2m > [22mshould get a gantt item with relations[39m
[31m     → expected "spy" to be called with arguments: [ Array(1) ][90m

Received: 

[1m  1st spy call:

[22m[2m  Array [[22m
[2m    Object {[22m
[32m-     "include": Any<Object>,[90m
[31m+     "include": Object {[90m
[31m+       "assignedTo": Object {[90m
[31m+         "select": Object {[90m
[31m+           "id": true,[90m
[31m+           "lastname": true,[90m
[31m+           "name": true,[90m
[31m+           "username": true,[90m
[31m+         },[90m
[31m+       },[90m
[31m+       "children": Object {[90m
[31m+         "orderBy": Object {[90m
[31m+           "sortOrder": "asc",[90m
[31m+         },[90m
[31m+         "where": Object {[90m
[31m+           "isActive": true,[90m
[31m+         },[90m
[31m+       },[90m
[31m+       "createdBy": Object {[90m
[31m+         "select": Object {[90m
[31m+           "id": true,[90m
[31m+           "lastname": true,[90m
[31m+           "name": true,[90m
[31m+           "username": true,[90m
[31m+         },[90m
[31m+       },[90m
[31m+       "demography": true,[90m
[31m+       "department": true,[90m
[31m+       "dependenciesFrom": Object {[90m
[31m+         "include": Object {[90m
[31m+           "targetItem": Object {[90m
[31m+             "select": Object {[90m
[31m+               "id": true,[90m
[31m+               "status": true,[90m
[31m+               "title": true,[90m
[31m+             },[90m
[31m+           },[90m
[31m+         },[90m
[31m+       },[90m
[31m+       "dependenciesTo": Object {[90m
[31m+         "include": Object {[90m
[31m+           "sourceItem": Object {[90m
[31m+             "select": Object {[90m
[31m+               "id": true,[90m
[31m+               "status": true,[90m
[31m+               "title": true,[90m
[31m+             },[90m
[31m+           },[90m
[31m+         },[90m
[31m+       },[90m
[31m+       "parent": true,[90m
[31m+     },[90m
[2m      "where": Object {[22m
[2m        "id": "gantt-123",[22m
[31m+       "isActive": true,[90m
[2m      },[22m
[2m    },[22m
[2m  ][22m
[31m[90m

Number of calls: [1m1[22m
[31m[39m
[31m   [33m❯[31m src/gantt/tests/gantt.service.test.ts[2m > [22mGanttService[2m > [22mgetGanttItem[2m > [22mshould get a gantt item without relations[39m
[31m     → expected "spy" to be called with arguments: [ { where: { id: 'gantt-123' } } ][90m

Received: 

[1m  1st spy call:

[22m[2m  Array [[22m
[2m    Object {[22m
[31m+     "include": undefined,[90m
[2m      "where": Object {[22m
[2m        "id": "gantt-123",[22m
[31m+       "isActive": true,[90m
[2m      },[22m
[2m    },[22m
[2m  ][22m
[31m[90m

Number of calls: [1m1[22m
[31m[39m
[31m   [33m❯[31m src/gantt/tests/gantt.service.test.ts[2m > [22mGanttService[2m > [22mgetGanttItem[2m > [22mshould return GanttItemNotFound if item does not exist[39m
[31m     → expected false to be true // Object.is equality[39m
[31m   [33m❯[31m src/gantt/tests/gantt.service.test.ts[2m > [22mGanttService[2m > [22mlistGanttItems[2m > [22mshould list gantt items with pagination[39m
[31m     → expected { …(2) } to deeply equal { Object (data, pagination) }[39m
[31m   [33m❯[31m src/gantt/tests/gantt.service.test.ts[2m > [22mGanttService[2m > [22mdeleteGanttItem[2m > [22mshould soft delete a gantt item successfully[39m
[31m     → expected Unknown Prisma Error: Error desconocido d… { …(3) } to deeply equal { Object (message) }[39m
[31m   [33m❯[31m src/gantt/tests/gantt.service.test.ts[2m > [22mGanttService[2m > [22mdeleteGanttItem[2m > [22mshould return GanttItemNotFound if item does not exist[39m
[31m     → expected false to be true // Object.is equality[39m
[31m   [33m❯[31m src/gantt/tests/gantt.service.test.ts[2m > [22mGanttService[2m > [22mdeleteGanttItem[2m > [22mshould return CannotDeleteItemWithChildren if item has children[39m
[31m     → expected false to be true // Object.is equality[39m
[31m   [33m❯[31m src/gantt/tests/gantt.service.test.ts[2m > [22mGanttService[2m > [22mcompleteGanttItem[2m > [22mshould return GanttItemNotFound if item does not exist[39m
[31m     → expected false to be true // Object.is equality[39m
[31m   [33m❯[31m src/gantt/tests/gantt.service.test.ts[2m > [22mGanttService[2m > [22mcreateDependency[2m > [22mshould return SelfDependency if sourceItemId === targetItemId[39m
[31m     → expected false to be true // Object.is equality[39m
[31m   [33m❯[31m src/gantt/tests/gantt.service.test.ts[2m > [22mGanttService[2m > [22mcreateDependency[2m > [22mshould return DependencyItemNotFound if source or target does not exist[39m
[31m     → expected false to be true // Object.is equality[39m
[31m   [33m❯[31m src/gantt/tests/gantt.service.test.ts[2m > [22mGanttService[2m > [22mcreateDependency[2m > [22mshould return DuplicateDependency if dependency already exists[39m
[31m     → expected false to be true // Object.is equality[39m
[31m   [33m❯[31m src/gantt/tests/gantt.service.test.ts[2m > [22mGanttService[2m > [22mcreateDependency[2m > [22mshould detect circular dependencies[39m
[31m     → expected false to be true // Object.is equality[39m
[31m   [33m❯[31m src/gantt/tests/gantt.service.test.ts[2m > [22mGanttService[2m > [22mupdateDependency[2m > [22mshould return DependencyNotFound if dependency does not exist[39m
[31m     → expected false to be true // Object.is equality[39m
[31m   [33m❯[31m src/gantt/tests/gantt.service.test.ts[2m > [22mGanttService[2m > [22mgetDependency[2m > [22mshould return DependencyNotFound if dependency does not exist[39m
[31m     → expected false to be true // Object.is equality[39m
[31m   [33m❯[31m src/gantt/tests/gantt.service.test.ts[2m > [22mGanttService[2m > [22mdeleteDependency[2m > [22mshould delete a dependency successfully[39m
[31m     → expected { success: true, …(1) } to deeply equal { Object (message) }[39m
[31m   [33m❯[31m src/gantt/tests/gantt.service.test.ts[2m > [22mGanttService[2m > [22mdeleteDependency[2m > [22mshould return DependencyNotFound if dependency does not exist[39m
[31m     → expected false to be true // Object.is equality[39m
[31m   [33m❯[31m src/gantt/tests/gantt.service.test.ts[2m > [22mGanttService[2m > [22mgetItemDependencies[2m > [22mshould get only predecessors[39m
[31m     → expected { predecessors: [ { …(8) } ] } to deeply equal { predecessors: [ { …(8) } ], …(1) }[39m
[31m   [33m❯[31m src/gantt/tests/gantt.service.test.ts[2m > [22mGanttService[2m > [22mgetItemDependencies[2m > [22mshould get only successors[39m
[31m     → expected { successors: [ { …(8) } ] } to deeply equal { predecessors: [], …(1) }[39m
[31m   [33m❯[31m src/gantt/tests/gantt.service.test.ts[2m > [22mGanttService[2m > [22mgetItemDependencies[2m > [22mshould return GanttItemNotFound if item does not exist[39m
[31m     → expected false to be true // Object.is equality[39m
[90mstdout[2m | src\Global.Services\logger.ts:9:9[22m[39m
./logs

[90mstdout[2m | src\Global.Services\logger.ts:9:9[22m[39m
./logs

 [33m❯[39m src/auth/tests/auth.verify.test.ts [2m ([22m[2m0 test[22m[2m)[22m
[90mstdout[2m | src\Global.Services\logger.ts:9:9[22m[39m
./logs

[90mstdout[2m | src\Global.Services\logger.ts:9:9[22m[39m
./logs

 [33m❯[39m src/auth/tests/auth.service.test.ts [2m ([22m[2m0 test[22m[2m)[22m
 [33m❯[39m src/gantt/tests/gantt.integration.test.ts [2m ([22m[2m17 tests[22m[2m)[22m[33m 4423[2mms[22m[39m
 [32m✓[39m src/foda/foda.states.test.ts [2m ([22m[2m2 tests[22m[2m)[22m[90m 27[2mms[22m[39m
[90mstdout[2m | src\Global.Services\logger.ts:9:9[22m[39m
./logs

 [33m❯[39m src/auth/tests/auth.controller.test.ts [2m ([22m[2m5 tests[22m [2m|[22m [31m2 failed[39m[2m)[22m[33m 312[2mms[22m[39m
[31m   [33m❯[31m src/auth/tests/auth.controller.test.ts[2m > [22mAuthController[2m > [22mdeSerialize[2m > [22mshould handle database errors gracefully[39m
[31m     → expected "spy" to be called with arguments: [ …(2) ][90m

Received: 

[31m[90m

Number of calls: [1m0[22m
[31m[39m
[31m   [33m❯[31m src/auth/tests/auth.controller.test.ts[2m > [22mAuthController[2m > [22mdeSerialize[2m > [22mshould handle user not found[39m
[31m     → expected "spy" to be called with arguments: [ null, null ][90m

Received: 

[31m[90m

Number of calls: [1m0[22m
[31m[39m
[90mstdout[2m | src/auth/tests/auth.controller.test.ts[2m > [22m[2mAuthController[2m > [22m[2mdeSerialize[2m > [22m[2mshould handle database errors gracefully[22m[39m
{
  message: {
    function: 'AuthService.deSerialize',
    error: Error: Database connection failed
        at C:\Users\Adria\Documents\code\rsx\managmentpanelback\src\auth\tests\auth.controller.test.ts:75:23
        at file:///C:/Users/Adria/Documents/code/rsx/managmentpanelback/node_modules/@vitest/runner/dist/index.js:135:14
        at file:///C:/Users/Adria/Documents/code/rsx/managmentpanelback/node_modules/@vitest/runner/dist/index.js:60:26
        at runTest (file:///C:/Users/Adria/Documents/code/rsx/managmentpanelback/node_modules/@vitest/runner/dist/index.js:781:17)
        at runSuite (file:///C:/Users/Adria/Documents/code/rsx/managmentpanelback/node_modules/@vitest/runner/dist/index.js:909:15)
        at runSuite (file:///C:/Users/Adria/Documents/code/rsx/managmentpanelback/node_modules/@vitest/runner/dist/index.js:909:15)
        at runSuite (file:///C:/Users/Adria/Documents/code/rsx/managmentpanelback/node_modules/@vitest/runner/dist/index.js:909:15)
        at runFiles (file:///C:/Users/Adria/Documents/code/rsx/managmentpanelback/node_modules/@vitest/runner/dist/index.js:958:5)
        at startTests (file:///C:/Users/Adria/Documents/code/rsx/managmentpanelback/node_modules/@vitest/runner/dist/index.js:967:3)
        at file:///C:/Users/Adria/Documents/code/rsx/managmentpanelback/node_modules/vitest/dist/chunks/runtime-runBaseTests.oAvMKtQC.js:116:7
  },
  level: 'error',
  timestamp: '2026-02-12T18:48:55.007Z'
}

[90mstderr[2m | zt.checkForTooManyEngines (C:\Users\Adria\Documents\code\rsx\managmentpanelback\node_modules\@prisma\client\runtime\library.js:115:8801)[22m[39m
warn(prisma-client) This is the 10th instance of Prisma Client being started. Make sure this is intentional.

[90mstderr[2m | zt.checkForTooManyEngines (C:\Users\Adria\Documents\code\rsx\managmentpanelback\node_modules\@prisma\client\runtime\library.js:115:8801)[22m[39m
warn(prisma-client) This is the 10th instance of Prisma Client being started. Make sure this is intentional.

[90mstdout[2m | src\app.middleware.ts:55:11[22m[39m
{
  origin: [ [32m'http://localhost:3000'[39m ],
  credentials: [33mtrue[39m,
  preflightContinue: [33mfalse[39m
} corseSchema

[90mstdout[2m | src\app.middleware.ts:73:9[22m[39m
mongodb://graveddiger:2947DarthRevan@thecodersteam.com:27017/rsx?replicaSet=rs1&authSource=admin&directConnection=true databaseurl

[90mstdout[2m | src\app.middleware.ts:55:11[22m[39m
{
  origin: [ [32m'http://localhost:3000'[39m ],
  credentials: [33mtrue[39m,
  preflightContinue: [33mfalse[39m
} corseSchema

[90mstdout[2m | src\app.middleware.ts:73:9[22m[39m
mongodb://graveddiger:2947DarthRevan@thecodersteam.com:27017/rsx?replicaSet=rs1&authSource=admin&directConnection=true databaseurl

[0mGET /users/setadmin/8ee152c2-122d-4470-86be-068d63769c8b [33m404[0m 10.659 ms - 190[0m
[0mGET /users/setadmin [33m404[0m 2.674 ms - 153[0m
[0mGET /users/setadmin/317c53ae-ff73-47c9-a8da-6ad11e1fc8c3 [33m404[0m 1.408 ms - 190[0m
[0mGET /users/addDepartments/9721688b-66e3-4f96-8c12-7bad452ba0c8?name=dept-1&name=dept-2&name=dept-3 [33m404[0m 1.507 ms - 196[0m
[0mGET /users/addDepartments/5cf9f957-1da6-4e1a-92ac-8ff9735b6657 [33m404[0m 1.582 ms - 196[0m
[0mGET /users/addDepartments/ [33m404[0m 1.536 ms - 160[0m
[0mGET /users/addDepartments/e5bf5ec2-dfb5-42c9-9ce2-a89db3975356?name=single-dept [33m404[0m 1.344 ms - 196[0m
[0mGET /users/addDepartments/47bea623-1cab-4a34-b770-53cca5a03de5?name=dept-1&name=dept-2 [33m404[0m 2.292 ms - 196[0m
[90mstdout[2m | src/users/tests/users.service.test.ts[2m > [22m[2mUsersService Tests[2m > [22m[2msetAdmin[2m > [22m[2mshould call update when id parameter is provided[22m[39m
{
  message: {
    function: 'UsersService.updateUser',
    error: Error [Not Found Error]: El registro solicitado no existe
        at NotFoundError.PrismaError (C:\Users\Adria\Documents\code\rsx\managmentpanelback\src\prisma\prisma.errors.js:22:28)
        at new NotFoundError (C:\Users\Adria\Documents\code\rsx\managmentpanelback\src\prisma\prisma.errors.js:61:28)
        at notFound (C:\Users\Adria\Documents\code\rsx\managmentpanelback\src\prisma\prisma.errors.js:34:16)
        at Module.returnPrismaError (C:\Users\Adria\Documents\code\rsx\managmentpanelback\src\prisma\prisma.errors.js:92:32)
        at UsersService.setAdmin (C:\Users\Adria\Documents\code\rsx\managmentpanelback\src\users\users.service.ts:76:27)
        at C:\Users\Adria\Documents\code\rsx\managmentpanelback\src\users\tests\users.service.test.ts:51:24
        at runTest (file:///C:/Users/Adria/Documents/code/rsx/managmentpanelback/node_modules/@vitest/runner/dist/index.js:781:11)
        at runSuite (file:///C:/Users/Adria/Documents/code/rsx/managmentpanelback/node_modules/@vitest/runner/dist/index.js:909:15)
        at runSuite (file:///C:/Users/Adria/Documents/code/rsx/managmentpanelback/node_modules/@vitest/runner/dist/index.js:909:15)
        at runSuite (file:///C:/Users/Adria/Documents/code/rsx/managmentpanelback/node_modules/@vitest/runner/dist/index.js:909:15) {
      text: 'El registro solicitado no existe',
      code: 'P2025',
      errorContent: undefined
    }
  },
  level: 'error',
  timestamp: '2026-02-12T18:49:01.851Z'
}

[90mstdout[2m | src/users/tests/users.service.test.ts[2m > [22m[2mUsersService Tests[2m > [22m[2msetAdmin[2m > [22m[2mshould return undefined if ID is not provided[22m[39m
{
  message: {
    function: 'UsersService.updateUser',
    error: Error [Unknown Prisma Error]: Error desconocido de la base de datos
        at UnknownPrismaError.PrismaError (C:\Users\Adria\Documents\code\rsx\managmentpanelback\src\prisma\prisma.errors.js:22:28)
        at new UnknownPrismaError (C:\Users\Adria\Documents\code\rsx\managmentpanelback\src\prisma\prisma.errors.js:100:28)
        at Module.returnPrismaError (C:\Users\Adria\Documents\code\rsx\managmentpanelback\src\prisma\prisma.errors.js:92:100)
        at UsersService.setAdmin (C:\Users\Adria\Documents\code\rsx\managmentpanelback\src\users\users.service.ts:76:27)
        at C:\Users\Adria\Documents\code\rsx\managmentpanelback\src\users\tests\users.service.test.ts:63:43
        at file:///C:/Users/Adria/Documents/code/rsx/managmentpanelback/node_modules/@vitest/runner/dist/index.js:135:14
        at file:///C:/Users/Adria/Documents/code/rsx/managmentpanelback/node_modules/@vitest/runner/dist/index.js:60:26
        at runTest (file:///C:/Users/Adria/Documents/code/rsx/managmentpanelback/node_modules/@vitest/runner/dist/index.js:781:17)
        at runSuite (file:///C:/Users/Adria/Documents/code/rsx/managmentpanelback/node_modules/@vitest/runner/dist/index.js:909:15)
        at runSuite (file:///C:/Users/Adria/Documents/code/rsx/managmentpanelback/node_modules/@vitest/runner/dist/index.js:909:15) {
      text: 'Error desconocido de la base de datos',
      code: 'PX',
      errorContent: Error: Must provide a valid ID
          at UsersService.setAdmin (C:\Users\Adria\Documents\code\rsx\managmentpanelback\src\users\users.service.ts:71:82)
          at C:\Users\Adria\Documents\code\rsx\managmentpanelback\src\users\tests\users.service.test.ts:63:43
          at file:///C:/Users/Adria/Documents/code/rsx/managmentpanelback/node_modules/@vitest/runner/dist/index.js:135:14
          at file:///C:/Users/Adria/Documents/code/rsx/managmentpanelback/node_modules/@vitest/runner/dist/index.js:60:26
          at runTest (file:///C:/Users/Adria/Documents/code/rsx/managmentpanelback/node_modules/@vitest/runner/dist/index.js:781:17)
          at runSuite (file:///C:/Users/Adria/Documents/code/rsx/managmentpanelback/node_modules/@vitest/runner/dist/index.js:909:15)
          at runSuite (file:///C:/Users/Adria/Documents/code/rsx/managmentpanelback/node_modules/@vitest/runner/dist/index.js:909:15)
          at runSuite (file:///C:/Users/Adria/Documents/code/rsx/managmentpanelback/node_modules/@vitest/runner/dist/index.js:909:15)
          at runFiles (file:///C:/Users/Adria/Documents/code/rsx/managmentpanelback/node_modules/@vitest/runner/dist/index.js:958:5)
          at startTests (file:///C:/Users/Adria/Documents/code/rsx/managmentpanelback/node_modules/@vitest/runner/dist/index.js:967:3)
    }
  },
  level: 'error',
  timestamp: '2026-02-12T18:49:01.882Z'
}

[0mGET /users/addDepartment/3a46d654-29c0-4b74-93f1-104cd697521b?name=test-department [33m404[0m 1.788 ms - 195[0m
[0mGET /users/addDepartment/e7edc0f2-cede-4543-b362-1e968a1b32fc [33m404[0m 1.744 ms - 195[0m
[0mGET /users/addDepartment/ [33m404[0m 1.053 ms - 159[0m
[0mGET /users/addDepartment/94eab5ec-ed65-4389-8d87-a4f3bdd7009c?name=dept-1 [33m404[0m 2.330 ms - 195[0m
[0mGET /users/getUsers [33m401[0m 3.852 ms - -[0m
 [33m❯[39m src/users/tests/users.routes.test.ts [2m ([22m[2m13 tests[22m [2m|[22m [31m6 failed[39m[2m)[22m[33m 612[2mms[22m[39m
[31m   [33m❯[31m src/users/tests/users.routes.test.ts[2m > [22mUserRoutes[2m > [22mGET /users/setadmin/:id[2m > [22mshould call update and return 200 when id param is provided[39m
[31m     → expected 200 "OK", got 404 "Not Found"[39m
[31m   [33m❯[31m src/users/tests/users.routes.test.ts[2m > [22mUserRoutes[2m > [22mGET /users/addDepartments/:id[2m > [22mshould call update and return 200 when id and query params provided[39m
[31m     → expected 200 "OK", got 404 "Not Found"[39m
[31m   [33m❯[31m src/users/tests/users.routes.test.ts[2m > [22mUserRoutes[2m > [22mGET /users/addDepartments/:id[2m > [22mshould return 400 when query params are not provided[39m
[31m     → expected 400 "Bad Request", got 404 "Not Found"[39m
[31m   [33m❯[31m src/users/tests/users.routes.test.ts[2m > [22mUserRoutes[2m > [22mGET /users/addDepartments/:id[2m > [22mshould handle single department in query[39m
[31m     → expected 200 "OK", got 404 "Not Found"[39m
[31m   [33m❯[31m src/users/tests/users.routes.test.ts[2m > [22mUserRoutes[2m > [22mGET /users/addDepartment/:id[2m > [22mshould call update and return 200 when id and query name provided[39m
[31m     → expected 200 "OK", got 404 "Not Found"[39m
[31m   [33m❯[31m src/users/tests/users.routes.test.ts[2m > [22mUserRoutes[2m > [22mGET /users/addDepartment/:id[2m > [22mshould return 400 when query name is not provided[39m
[31m     → expected 400 "Bad Request", got 404 "Not Found"[39m
[0mPOST /auth/login [31m500[0m 1542.030 ms - 294[0m
[90mstdout[2m | src/auth/tests/auth.routes.test.ts[2m > [22m[2mAuthRouter[2m > [22m[2mPOST /auth/login[2m > [22m[2mshould return 200 and user when credentials are valid[22m[39m
{
  message: {
    function: 'AuthVerifyModule.loginVerify',
    error: Error: User doesnt exists
        at AuthVerifyModule.loginVerify (C:\Users\Adria\Documents\code\rsx\managmentpanelback\src\auth\auth.service.verify.ts:53:25)
  },
  level: 'error',
  timestamp: '2026-02-12T18:49:03.164Z'
}

[0mPOST /auth/login [31m500[0m 251.954 ms - 294[0m
[90mstdout[2m | src/auth/tests/auth.routes.test.ts[2m > [22m[2mAuthRouter[2m > [22m[2mPOST /auth/login[2m > [22m[2mshould return 401 when user does not exist[22m[39m
{
  message: {
    function: 'AuthVerifyModule.loginVerify',
    error: Error: User doesnt exists
        at AuthVerifyModule.loginVerify (C:\Users\Adria\Documents\code\rsx\managmentpanelback\src\auth\auth.service.verify.ts:53:25)
  },
  level: 'error',
  timestamp: '2026-02-12T18:49:03.488Z'
}

[90mstdout[2m | src/users/tests/users.service.test.ts[2m > [22m[2mUsersService Tests[2m > [22m[2msetAdmin[2m > [22m[2mshould handle database errors gracefully[22m[39m
{
  message: {
    function: 'UsersService.updateUser',
    error: Error [Not Found Error]: El registro solicitado no existe
        at NotFoundError.PrismaError (C:\Users\Adria\Documents\code\rsx\managmentpanelback\src\prisma\prisma.errors.js:22:28)
        at new NotFoundError (C:\Users\Adria\Documents\code\rsx\managmentpanelback\src\prisma\prisma.errors.js:61:28)
        at notFound (C:\Users\Adria\Documents\code\rsx\managmentpanelback\src\prisma\prisma.errors.js:34:16)
        at Module.returnPrismaError (C:\Users\Adria\Documents\code\rsx\managmentpanelback\src\prisma\prisma.errors.js:92:32)
        at UsersService.setAdmin (C:\Users\Adria\Documents\code\rsx\managmentpanelback\src\users\users.service.ts:76:27)
        at C:\Users\Adria\Documents\code\rsx\managmentpanelback\src\users\tests\users.service.test.ts:74:24
        at runTest (file:///C:/Users/Adria/Documents/code/rsx/managmentpanelback/node_modules/@vitest/runner/dist/index.js:781:11)
        at runSuite (file:///C:/Users/Adria/Documents/code/rsx/managmentpanelback/node_modules/@vitest/runner/dist/index.js:909:15)
        at runSuite (file:///C:/Users/Adria/Documents/code/rsx/managmentpanelback/node_modules/@vitest/runner/dist/index.js:909:15)
        at runSuite (file:///C:/Users/Adria/Documents/code/rsx/managmentpanelback/node_modules/@vitest/runner/dist/index.js:909:15) {
      text: 'El registro solicitado no existe',
      code: 'P2025',
      errorContent: undefined
    }
  },
  level: 'error',
  timestamp: '2026-02-12T18:49:03.740Z'
}

[0mPOST /auth/login [31m500[0m 296.549 ms - 294[0m
[90mstdout[2m | src/auth/tests/auth.routes.test.ts[2m > [22m[2mAuthRouter[2m > [22m[2mPOST /auth/login[2m > [22m[2mshould return 401 when password is incorrect[22m[39m
{
  message: {
    function: 'AuthVerifyModule.loginVerify',
    error: Error: User doesnt exists
        at AuthVerifyModule.loginVerify (C:\Users\Adria\Documents\code\rsx\managmentpanelback\src\auth\auth.service.verify.ts:53:25)
  },
  level: 'error',
  timestamp: '2026-02-12T18:49:03.846Z'
}

[0mPOST /auth/login [33m400[0m 9.392 ms - 268[0m
[90mstdout[2m | src/auth/tests/auth.routes.test.ts[2m > [22m[2mAuthRouter[2m > [22m[2mPOST /auth/login[2m > [22m[2mshould return 400 when request body is invalid[22m[39m
not validated [
  {
    field: [32m'body/username'[39m,
    message: [32m'Required'[39m,
    complete: [32m'El campo username Required'[39m
  },
  {
    field: [32m'body/password'[39m,
    message: [32m'Required'[39m,
    complete: [32m'El campo password Required'[39m
  }
]

[90mstdout[2m | src/users/tests/users.service.test.ts[2m > [22m[2mUsersService Tests[2m > [22m[2maddDepartment[2m > [22m[2mshould call update if userID and departmentName are provided[22m[39m
{
  message: {
    function: 'UsersService.addDepartment',
    error: NotFoundError [PrismaClientKnownRequestError]: No Departments found
        at C:\Users\Adria\Documents\code\rsx\managmentpanelback\node_modules\@prisma\client\runtime\library.js:34:610
        at C:\Users\Adria\Documents\code\rsx\managmentpanelback\node_modules\@prisma\client\runtime\library.js:34:550
        at C:\Users\Adria\Documents\code\rsx\managmentpanelback\src\users\users.service.ts:99:37
        at Proxy._transactionWithCallback (C:\Users\Adria\Documents\code\rsx\managmentpanelback\node_modules\@prisma\client\runtime\library.js:130:8468)
        at UsersService.addDepartment (C:\Users\Adria\Documents\code\rsx\managmentpanelback\src\users\users.service.ts:98:30)
        at C:\Users\Adria\Documents\code\rsx\managmentpanelback\src\users\tests\users.service.test.ts:87:24
        at runTest (file:///C:/Users/Adria/Documents/code/rsx/managmentpanelback/node_modules/@vitest/runner/dist/index.js:781:11)
        at runSuite (file:///C:/Users/Adria/Documents/code/rsx/managmentpanelback/node_modules/@vitest/runner/dist/index.js:909:15)
        at runSuite (file:///C:/Users/Adria/Documents/code/rsx/managmentpanelback/node_modules/@vitest/runner/dist/index.js:909:15)
        at runSuite (file:///C:/Users/Adria/Documents/code/rsx/managmentpanelback/node_modules/@vitest/runner/dist/index.js:909:15) {
      code: 'P2025',
      clientVersion: '5.8.1',
      meta: undefined
    }
  },
  level: 'error',
  timestamp: '2026-02-12T18:49:05.715Z'
}

[90mstdout[2m | src/users/tests/users.service.test.ts[2m > [22m[2mUsersService Tests[2m > [22m[2maddDepartment[2m > [22m[2mshould return undefined if userId is not provided[22m[39m
{
  message: {
    function: 'UsersService.addDepartment',
    error: Error: Must provide a valid ID
        at UsersService.addDepartment (C:\Users\Adria\Documents\code\rsx\managmentpanelback\src\users\users.service.ts:97:82)
        at C:\Users\Adria\Documents\code\rsx\managmentpanelback\src\users\tests\users.service.test.ts:95:43
        at file:///C:/Users/Adria/Documents/code/rsx/managmentpanelback/node_modules/@vitest/runner/dist/index.js:135:14
        at file:///C:/Users/Adria/Documents/code/rsx/managmentpanelback/node_modules/@vitest/runner/dist/index.js:60:26
        at runTest (file:///C:/Users/Adria/Documents/code/rsx/managmentpanelback/node_modules/@vitest/runner/dist/index.js:781:17)
        at runSuite (file:///C:/Users/Adria/Documents/code/rsx/managmentpanelback/node_modules/@vitest/runner/dist/index.js:909:15)
        at runSuite (file:///C:/Users/Adria/Documents/code/rsx/managmentpanelback/node_modules/@vitest/runner/dist/index.js:909:15)
        at runSuite (file:///C:/Users/Adria/Documents/code/rsx/managmentpanelback/node_modules/@vitest/runner/dist/index.js:909:15)
        at runFiles (file:///C:/Users/Adria/Documents/code/rsx/managmentpanelback/node_modules/@vitest/runner/dist/index.js:958:5)
        at startTests (file:///C:/Users/Adria/Documents/code/rsx/managmentpanelback/node_modules/@vitest/runner/dist/index.js:967:3)
  },
  level: 'error',
  timestamp: '2026-02-12T18:49:05.730Z'
}

[90mstdout[2m | src/users/tests/users.service.test.ts[2m > [22m[2mUsersService Tests[2m > [22m[2maddDepartment[2m > [22m[2mshould return undefined if departmentId is not provided[22m[39m
{
  message: {
    function: 'UsersService.addDepartment',
    error: ZodError: [
      {
        "code": "invalid_type",
        "expected": "string",
        "received": "undefined",
        "path": [
          "query",
          "name"
        ],
        "message": "Required"
      }
    ]
        at Object.get error [as error] (file:///C:/Users/Adria/Documents/code/rsx/managmentpanelback/node_modules/zod/lib/index.mjs:538:31)
        at ZodObject.parse (file:///C:/Users/Adria/Documents/code/rsx/managmentpanelback/node_modules/zod/lib/index.mjs:638:22)
        at UsersService.addDepartment (C:\Users\Adria\Documents\code\rsx\managmentpanelback\src\users\users.service.ts:95:30)
        at C:\Users\Adria\Documents\code\rsx\managmentpanelback\src\users\tests\users.service.test.ts:103:43
        at file:///C:/Users/Adria/Documents/code/rsx/managmentpanelback/node_modules/@vitest/runner/dist/index.js:135:14
        at file:///C:/Users/Adria/Documents/code/rsx/managmentpanelback/node_modules/@vitest/runner/dist/index.js:60:26
        at runTest (file:///C:/Users/Adria/Documents/code/rsx/managmentpanelback/node_modules/@vitest/runner/dist/index.js:781:17)
        at runSuite (file:///C:/Users/Adria/Documents/code/rsx/managmentpanelback/node_modules/@vitest/runner/dist/index.js:909:15)
        at runSuite (file:///C:/Users/Adria/Documents/code/rsx/managmentpanelback/node_modules/@vitest/runner/dist/index.js:909:15)
        at runSuite (file:///C:/Users/Adria/Documents/code/rsx/managmentpanelback/node_modules/@vitest/runner/dist/index.js:909:15) {
      issues: [
        {
          code: 'invalid_type',
          expected: 'string',
          received: 'undefined',
          path: [ 'query', 'name' ],
          message: 'Required'
        }
      ],
      addIssue: [Function (anonymous)],
      addIssues: [Function (anonymous)],
      errors: [
        {
          code: 'invalid_type',
          expected: 'string',
          received: 'undefined',
          path: [ 'query', 'name' ],
          message: 'Required'
        }
      ]
    }
  },
  level: 'error',
  timestamp: '2026-02-12T18:49:05.760Z'
}

[90mstdout[2m | src/users/tests/users.service.test.ts[2m > [22m[2mUsersService Tests[2m > [22m[2maddDepartment[2m > [22m[2mshould return undefined if both parameters are missing[22m[39m
{
  message: {
    function: 'UsersService.addDepartment',
    error: ZodError: [
      {
        "code": "invalid_type",
        "expected": "string",
        "received": "undefined",
        "path": [
          "query",
          "name"
        ],
        "message": "Required"
      }
    ]
        at Object.get error [as error] (file:///C:/Users/Adria/Documents/code/rsx/managmentpanelback/node_modules/zod/lib/index.mjs:538:31)
        at ZodObject.parse (file:///C:/Users/Adria/Documents/code/rsx/managmentpanelback/node_modules/zod/lib/index.mjs:638:22)
        at UsersService.addDepartment (C:\Users\Adria\Documents\code\rsx\managmentpanelback\src\users\users.service.ts:95:30)
        at C:\Users\Adria\Documents\code\rsx\managmentpanelback\src\users\tests\users.service.test.ts:110:43
        at file:///C:/Users/Adria/Documents/code/rsx/managmentpanelback/node_modules/@vitest/runner/dist/index.js:135:14
        at file:///C:/Users/Adria/Documents/code/rsx/managmentpanelback/node_modules/@vitest/runner/dist/index.js:60:26
        at runTest (file:///C:/Users/Adria/Documents/code/rsx/managmentpanelback/node_modules/@vitest/runner/dist/index.js:781:17)
        at runSuite (file:///C:/Users/Adria/Documents/code/rsx/managmentpanelback/node_modules/@vitest/runner/dist/index.js:909:15)
        at runSuite (file:///C:/Users/Adria/Documents/code/rsx/managmentpanelback/node_modules/@vitest/runner/dist/index.js:909:15)
        at runSuite (file:///C:/Users/Adria/Documents/code/rsx/managmentpanelback/node_modules/@vitest/runner/dist/index.js:909:15) {
      issues: [
        {
          code: 'invalid_type',
          expected: 'string',
          received: 'undefined',
          path: [ 'query', 'name' ],
          message: 'Required'
        }
      ],
      addIssue: [Function (anonymous)],
      addIssues: [Function (anonymous)],
      errors: [
        {
          code: 'invalid_type',
          expected: 'string',
          received: 'undefined',
          path: [ 'query', 'name' ],
          message: 'Required'
        }
      ]
    }
  },
  level: 'error',
  timestamp: '2026-02-12T18:49:05.779Z'
}

[0mPOST /auth/signup [31m500[0m 2122.880 ms - 308[0m
[90mstdout[2m | src/auth/tests/auth.routes.test.ts[2m > [22m[2mAuthRouter[2m > [22m[2mPOST /auth/signup[2m > [22m[2mshould create user and return 200 when data is valid[22m[39m
{
  message: {
    function: 'AuthService.SignUpUser',
    error: PrismaClientKnownRequestError: 
    Invalid `this.prisma.users.create()` invocation in
    C:\Users\Adria\Documents\code\rsx\managmentpanelback\src\auth\auth.service.ts:162:45
    
      159  const dataWithHash:Prisma.UsersCreateInput ={
      160     paswordHash,lastname:data.lastname,name:data.name,username:data.username
      161 }
    → 162 const response =await this.prisma.users.create(
    Unique constraint failed on the constraint: `Users_username_key`
        at si.handleRequestError (C:\Users\Adria\Documents\code\rsx\managmentpanelback\node_modules\@prisma\client\runtime\library.js:125:6817)
        at si.handleAndLogRequestError (C:\Users\Adria\Documents\code\rsx\managmentpanelback\node_modules\@prisma\client\runtime\library.js:125:6151)
        at si.request (C:\Users\Adria\Documents\code\rsx\managmentpanelback\node_modules\@prisma\client\runtime\library.js:125:5859)
        at l (C:\Users\Adria\Documents\code\rsx\managmentpanelback\node_modules\@prisma\client\runtime\library.js:130:9805)
        at AuthService.SignUpUser (C:\Users\Adria\Documents\code\rsx\managmentpanelback\src\auth\auth.service.ts:162:21)
        at AuthVerifyModule.signUpVerify (C:\Users\Adria\Documents\code\rsx\managmentpanelback\src\auth\auth.service.verify.ts:33:30) {
      code: 'P2002',
      clientVersion: '5.8.1',
      meta: { modelName: 'Users', target: 'Users_username_key' }
    }
  },
  level: 'error',
  timestamp: '2026-02-12T18:49:06.063Z'
}
{
  message: {
    function: 'AuthVerifyModule.signUpVerify',
    error: Error: Error creating user on database
        at AuthVerifyModule.signUpVerify (C:\Users\Adria\Documents\code\rsx\managmentpanelback\src\auth\auth.service.verify.ts:35:24)
  },
  level: 'error',
  timestamp: '2026-02-12T18:49:06.065Z'
}

[0mPOST /auth/signup [31m500[0m 811.808 ms - 308[0m
[90mstdout[2m | src/auth/tests/auth.routes.test.ts[2m > [22m[2mAuthRouter[2m > [22m[2mPOST /auth/signup[2m > [22m[2mshould return error when username already exists[22m[39m
{
  message: {
    function: 'AuthService.SignUpUser',
    error: PrismaClientKnownRequestError: 
    Invalid `this.prisma.users.create()` invocation in
    C:\Users\Adria\Documents\code\rsx\managmentpanelback\src\auth\auth.service.ts:162:45
    
      159  const dataWithHash:Prisma.UsersCreateInput ={
      160     paswordHash,lastname:data.lastname,name:data.name,username:data.username
      161 }
    → 162 const response =await this.prisma.users.create(
    Unique constraint failed on the constraint: `Users_username_key`
        at si.handleRequestError (C:\Users\Adria\Documents\code\rsx\managmentpanelback\node_modules\@prisma\client\runtime\library.js:125:6817)
        at si.handleAndLogRequestError (C:\Users\Adria\Documents\code\rsx\managmentpanelback\node_modules\@prisma\client\runtime\library.js:125:6151)
        at si.request (C:\Users\Adria\Documents\code\rsx\managmentpanelback\node_modules\@prisma\client\runtime\library.js:125:5859)
        at l (C:\Users\Adria\Documents\code\rsx\managmentpanelback\node_modules\@prisma\client\runtime\library.js:130:9805)
        at AuthService.SignUpUser (C:\Users\Adria\Documents\code\rsx\managmentpanelback\src\auth\auth.service.ts:162:21)
        at AuthVerifyModule.signUpVerify (C:\Users\Adria\Documents\code\rsx\managmentpanelback\src\auth\auth.service.verify.ts:33:30) {
      code: 'P2002',
      clientVersion: '5.8.1',
      meta: { modelName: 'Users', target: 'Users_username_key' }
    }
  },
  level: 'error',
  timestamp: '2026-02-12T18:49:06.917Z'
}
{
  message: {
    function: 'AuthVerifyModule.signUpVerify',
    error: Error: Error creating user on database
        at AuthVerifyModule.signUpVerify (C:\Users\Adria\Documents\code\rsx\managmentpanelback\src\auth\auth.service.verify.ts:35:24)
  },
  level: 'error',
  timestamp: '2026-02-12T18:49:06.919Z'
}

[0mPOST /auth/signup [33m400[0m 3.675 ms - 347[0m
[90mstdout[2m | src/auth/tests/auth.routes.test.ts[2m > [22m[2mAuthRouter[2m > [22m[2mPOST /auth/signup[2m > [22m[2mshould return 400 when required fields are missing[22m[39m
not validated [
  {
    field: [32m'body/password'[39m,
    message: [32m'Required'[39m,
    complete: [32m'El campo password Required'[39m
  },
  {
    field: [32m'body/name'[39m,
    message: [32m'Required'[39m,
    complete: [32m'El campo name Required'[39m
  },
  {
    field: [32m'body/lastname'[39m,
    message: [32m'Required'[39m,
    complete: [32m'El campo lastname Required'[39m
  }
]

[0mPOST /auth/signup [33m400[0m 3.892 ms - 265[0m
[90mstdout[2m | src/auth/tests/auth.routes.test.ts[2m > [22m[2mAuthRouter[2m > [22m[2mPOST /auth/signup[2m > [22m[2mshould return 400 when password is too short[22m[39m
not validated [
  {
    field: [32m'body/password'[39m,
    message: [32m'La contraseña debe contener al menos 6 caracteres'[39m,
    complete: [32m'El campo password La contraseña debe contener al menos 6 caracteres'[39m
  }
]

[0mPOST /auth/signup [33m400[0m 1.593 ms - 223[0m
[90mstdout[2m | src/auth/tests/auth.routes.test.ts[2m > [22m[2mAuthRouter[2m > [22m[2mPOST /auth/signup[2m > [22m[2mshould return 400 when username is not an email[22m[39m
not validated [
  {
    field: [32m'body/username'[39m,
    message: [32m'Debes proveer un email valido'[39m,
    complete: [32m'El campo username Debes proveer un email valido'[39m
  }
]

[0mGET /auth/jwt [33m401[0m 1.770 ms - -[0m
 [33m❯[39m src/auth/tests/auth.routes.test.ts [2m ([22m[2m10 tests[22m [2m|[22m [31m5 failed[39m[2m)[22m[33m 5581[2mms[22m[39m
[31m   [33m❯[31m src/auth/tests/auth.routes.test.ts[2m > [22mAuthRouter[2m > [22mPOST /auth/login[2m > [22mshould return 200 and user when credentials are valid[39m
[31m     → expected 200 "OK", got 500 "Internal Server Error"[39m
[31m   [33m❯[31m src/auth/tests/auth.routes.test.ts[2m > [22mAuthRouter[2m > [22mPOST /auth/login[2m > [22mshould return 401 when user does not exist[39m
[31m     → expected "spy" to be called at least once[39m
[31m   [33m❯[31m src/auth/tests/auth.routes.test.ts[2m > [22mAuthRouter[2m > [22mPOST /auth/login[2m > [22mshould return 401 when password is incorrect[39m
[31m     → expected "spy" to be called at least once[39m
[31m   [33m❯[31m src/auth/tests/auth.routes.test.ts[2m > [22mAuthRouter[2m > [22mPOST /auth/signup[2m > [22mshould create user and return 200 when data is valid[39m
[31m     → expected 200 "OK", got 500 "Internal Server Error"[39m
[31m   [33m❯[31m src/auth/tests/auth.routes.test.ts[2m > [22mAuthRouter[2m > [22mPOST /auth/signup[2m > [22mshould return error when username already exists[39m
[31m     → expected "spy" to be called at least once[39m
[90mstdout[2m | src/users/tests/users.service.test.ts[2m > [22m[2mUsersService Tests[2m > [22m[2maddDepartment[2m > [22m[2mshould handle database errors gracefully[22m[39m
{
  message: {
    function: 'UsersService.addDepartment',
    error: NotFoundError [PrismaClientKnownRequestError]: No Departments found
        at C:\Users\Adria\Documents\code\rsx\managmentpanelback\node_modules\@prisma\client\runtime\library.js:34:610
        at C:\Users\Adria\Documents\code\rsx\managmentpanelback\node_modules\@prisma\client\runtime\library.js:34:550
        at C:\Users\Adria\Documents\code\rsx\managmentpanelback\src\users\users.service.ts:99:37
        at Proxy._transactionWithCallback (C:\Users\Adria\Documents\code\rsx\managmentpanelback\node_modules\@prisma\client\runtime\library.js:130:8468)
        at UsersService.addDepartment (C:\Users\Adria\Documents\code\rsx\managmentpanelback\src\users\users.service.ts:98:30)
        at C:\Users\Adria\Documents\code\rsx\managmentpanelback\src\users\tests\users.service.test.ts:125:24
        at runTest (file:///C:/Users/Adria/Documents/code/rsx/managmentpanelback/node_modules/@vitest/runner/dist/index.js:781:11)
        at runSuite (file:///C:/Users/Adria/Documents/code/rsx/managmentpanelback/node_modules/@vitest/runner/dist/index.js:909:15)
        at runSuite (file:///C:/Users/Adria/Documents/code/rsx/managmentpanelback/node_modules/@vitest/runner/dist/index.js:909:15)
        at runSuite (file:///C:/Users/Adria/Documents/code/rsx/managmentpanelback/node_modules/@vitest/runner/dist/index.js:909:15) {
      code: 'P2025',
      clientVersion: '5.8.1',
      meta: undefined
    }
  },
  level: 'error',
  timestamp: '2026-02-12T18:49:07.708Z'
}

[90mstdout[2m | src/users/tests/users.service.test.ts[2m > [22m[2mUsersService Tests[2m > [22m[2maddDepartments[2m > [22m[2mshould call update with uuid and array of strings[22m[39m
{
  message: {
    function: 'UsersService.addDepartments',
    error: Error: Departments not found: dd3377f9-3be2-472f-ab42-4680c6041e69, 33cfcc69-a0e4-41ef-a8ed-b04460c0fcf9, 8b8eba15-3480-4ee7-b9ee-2ca26642e8a3
        at C:\Users\Adria\Documents\code\rsx\managmentpanelback\src\users\users.service.ts:125:15
        at Proxy._transactionWithCallback (C:\Users\Adria\Documents\code\rsx\managmentpanelback\node_modules\@prisma\client\runtime\library.js:130:8468)
        at UsersService.addDepartments (C:\Users\Adria\Documents\code\rsx\managmentpanelback\src\users\users.service.ts:115:22)
        at C:\Users\Adria\Documents\code\rsx\managmentpanelback\src\users\tests\users.service.test.ts:138:24
        at runTest (file:///C:/Users/Adria/Documents/code/rsx/managmentpanelback/node_modules/@vitest/runner/dist/index.js:781:11)
        at runSuite (file:///C:/Users/Adria/Documents/code/rsx/managmentpanelback/node_modules/@vitest/runner/dist/index.js:909:15)
        at runSuite (file:///C:/Users/Adria/Documents/code/rsx/managmentpanelback/node_modules/@vitest/runner/dist/index.js:909:15)
        at runSuite (file:///C:/Users/Adria/Documents/code/rsx/managmentpanelback/node_modules/@vitest/runner/dist/index.js:909:15)
        at runFiles (file:///C:/Users/Adria/Documents/code/rsx/managmentpanelback/node_modules/@vitest/runner/dist/index.js:958:5)
        at startTests (file:///C:/Users/Adria/Documents/code/rsx/managmentpanelback/node_modules/@vitest/runner/dist/index.js:967:3)
  },
  level: 'error',
  timestamp: '2026-02-12T18:49:09.536Z'
}

[90mstdout[2m | src/users/tests/users.service.test.ts[2m > [22m[2mUsersService Tests[2m > [22m[2maddDepartments[2m > [22m[2mshould return undefined if a single string is provided instead of array[22m[39m
{
  message: {
    function: 'UsersService.addDepartments',
    error: PrismaClientValidationError: 
    Invalid `tx.departments.findMany()` invocation in
    C:\Users\Adria\Documents\code\rsx\managmentpanelback\src\users\users.service.ts:117:51
    
      114 
      115 const response = await this.prisma.$transaction(async (tx) => {
      116   // Find existing departments
    → 117   const departmentsIds = await tx.departments.findMany({
              where: {
                name: {
                  in: "9509929c-cc9a-41f3-b071-2293753fe585"
                      ~~~~~~~~~~~~~~~~~~~~~~~~~~~~~~~~~~~~~~
                }
              }
            })
    
    Argument `in`: Invalid value provided. Expected String[] or ListStringFieldRefInput, provided String.
        at ti (C:\Users\Adria\Documents\code\rsx\managmentpanelback\node_modules\@prisma\client\runtime\library.js:118:5888)
        at si.handleRequestError (C:\Users\Adria\Documents\code\rsx\managmentpanelback\node_modules\@prisma\client\runtime\library.js:125:6473)
        at si.handleAndLogRequestError (C:\Users\Adria\Documents\code\rsx\managmentpanelback\node_modules\@prisma\client\runtime\library.js:125:6151)
        at si.request (C:\Users\Adria\Documents\code\rsx\managmentpanelback\node_modules\@prisma\client\runtime\library.js:125:5859)
        at l (C:\Users\Adria\Documents\code\rsx\managmentpanelback\node_modules\@prisma\client\runtime\library.js:130:9805)
        at C:\Users\Adria\Documents\code\rsx\managmentpanelback\src\users\users.service.ts:117:30
        at Proxy._transactionWithCallback (C:\Users\Adria\Documents\code\rsx\managmentpanelback\node_modules\@prisma\client\runtime\library.js:130:8468)
        at UsersService.addDepartments (C:\Users\Adria\Documents\code\rsx\managmentpanelback\src\users\users.service.ts:115:22)
        at C:\Users\Adria\Documents\code\rsx\managmentpanelback\src\users\tests\users.service.test.ts:147:24
        at runTest (file:///C:/Users/Adria/Documents/code/rsx/managmentpanelback/node_modules/@vitest/runner/dist/index.js:781:11) {
      clientVersion: '5.8.1'
    }
  },
  level: 'error',
  timestamp: '2026-02-12T18:49:10.083Z'
}

[90mstdout[2m | src/users/tests/users.service.test.ts[2m > [22m[2mUsersService Tests[2m > [22m[2maddDepartments[2m > [22m[2mshould return undefined if userId is not provided[22m[39m
{
  message: {
    function: 'UsersService.addDepartments',
    error: Error: Must provide a valid ID
        at UsersService.addDepartments (C:\Users\Adria\Documents\code\rsx\managmentpanelback\src\users\users.service.ts:112:13)
        at C:\Users\Adria\Documents\code\rsx\managmentpanelback\src\users\tests\users.service.test.ts:155:43
        at file:///C:/Users/Adria/Documents/code/rsx/managmentpanelback/node_modules/@vitest/runner/dist/index.js:135:14
        at file:///C:/Users/Adria/Documents/code/rsx/managmentpanelback/node_modules/@vitest/runner/dist/index.js:60:26
        at runTest (file:///C:/Users/Adria/Documents/code/rsx/managmentpanelback/node_modules/@vitest/runner/dist/index.js:781:17)
        at runSuite (file:///C:/Users/Adria/Documents/code/rsx/managmentpanelback/node_modules/@vitest/runner/dist/index.js:909:15)
        at runSuite (file:///C:/Users/Adria/Documents/code/rsx/managmentpanelback/node_modules/@vitest/runner/dist/index.js:909:15)
        at runSuite (file:///C:/Users/Adria/Documents/code/rsx/managmentpanelback/node_modules/@vitest/runner/dist/index.js:909:15)
        at runFiles (file:///C:/Users/Adria/Documents/code/rsx/managmentpanelback/node_modules/@vitest/runner/dist/index.js:958:5)
        at startTests (file:///C:/Users/Adria/Documents/code/rsx/managmentpanelback/node_modules/@vitest/runner/dist/index.js:967:3)
  },
  level: 'error',
  timestamp: '2026-02-12T18:49:10.100Z'
}

[90mstderr[2m | src/users/tests/users.service.test.ts[2m > [22m[2mUsersService Tests[2m > [22m[2maddDepartments[2m > [22m[2mshould return undefined if userId is not provided[22m[39m
warn(prisma-client) This is the 10th instance of Prisma Client being started. Make sure this is intentional.

[90mstdout[2m | src/users/tests/users.service.test.ts[2m > [22m[2mUsersService Tests[2m > [22m[2maddDepartments[2m > [22m[2mshould return undefined if departments array is not provided[22m[39m
{
  message: {
    function: 'UsersService.addDepartments',
    error: TypeError: Cannot read properties of undefined (reading 'length')
        at C:\Users\Adria\Documents\code\rsx\managmentpanelback\src\users\users.service.ts:122:53
        at Proxy._transactionWithCallback (C:\Users\Adria\Documents\code\rsx\managmentpanelback\node_modules\@prisma\client\runtime\library.js:130:8468)
        at UsersService.addDepartments (C:\Users\Adria\Documents\code\rsx\managmentpanelback\src\users\users.service.ts:115:22)
        at C:\Users\Adria\Documents\code\rsx\managmentpanelback\src\users\tests\users.service.test.ts:163:24
        at runTest (file:///C:/Users/Adria/Documents/code/rsx/managmentpanelback/node_modules/@vitest/runner/dist/index.js:781:11)
        at runSuite (file:///C:/Users/Adria/Documents/code/rsx/managmentpanelback/node_modules/@vitest/runner/dist/index.js:909:15)
        at runSuite (file:///C:/Users/Adria/Documents/code/rsx/managmentpanelback/node_modules/@vitest/runner/dist/index.js:909:15)
        at runSuite (file:///C:/Users/Adria/Documents/code/rsx/managmentpanelback/node_modules/@vitest/runner/dist/index.js:909:15)
        at runFiles (file:///C:/Users/Adria/Documents/code/rsx/managmentpanelback/node_modules/@vitest/runner/dist/index.js:958:5)
        at startTests (file:///C:/Users/Adria/Documents/code/rsx/managmentpanelback/node_modules/@vitest/runner/dist/index.js:967:3)
  },
  level: 'error',
  timestamp: '2026-02-12T18:49:11.914Z'
}

[90mstdout[2m | src/users/tests/users.service.test.ts[2m > [22m[2mUsersService Tests[2m > [22m[2maddDepartments[2m > [22m[2mshould handle empty array gracefully[22m[39m
{
  message: {
    function: 'UsersService.addDepartments',
    error: Error: No departments were added
        at UsersService.addDepartments (C:\Users\Adria\Documents\code\rsx\managmentpanelback\src\users\users.service.ts:140:36)
        at C:\Users\Adria\Documents\code\rsx\managmentpanelback\src\users\tests\users.service.test.ts:173:24
        at runTest (file:///C:/Users/Adria/Documents/code/rsx/managmentpanelback/node_modules/@vitest/runner/dist/index.js:781:11)
        at runSuite (file:///C:/Users/Adria/Documents/code/rsx/managmentpanelback/node_modules/@vitest/runner/dist/index.js:909:15)
        at runSuite (file:///C:/Users/Adria/Documents/code/rsx/managmentpanelback/node_modules/@vitest/runner/dist/index.js:909:15)
        at runSuite (file:///C:/Users/Adria/Documents/code/rsx/managmentpanelback/node_modules/@vitest/runner/dist/index.js:909:15)
        at runFiles (file:///C:/Users/Adria/Documents/code/rsx/managmentpanelback/node_modules/@vitest/runner/dist/index.js:958:5)
        at startTests (file:///C:/Users/Adria/Documents/code/rsx/managmentpanelback/node_modules/@vitest/runner/dist/index.js:967:3)
        at file:///C:/Users/Adria/Documents/code/rsx/managmentpanelback/node_modules/vitest/dist/chunks/runtime-runBaseTests.oAvMKtQC.js:116:7
        at withEnv (file:///C:/Users/Adria/Documents/code/rsx/managmentpanelback/node_modules/vitest/dist/chunks/runtime-runBaseTests.oAvMKtQC.js:83:5)
  },
  level: 'error',
  timestamp: '2026-02-12T18:49:13.945Z'
}

[90mstdout[2m | src/users/tests/users.service.test.ts[2m > [22m[2mUsersService Tests[2m > [22m[2maddDepartments[2m > [22m[2mshould handle database errors gracefully[22m[39m
{
  message: {
    function: 'UsersService.addDepartments',
    error: Error: Departments not found: 0493a7c6-b6a2-49ba-92f3-63f5f2fab7f4, aea8d9f0-af94-432c-9321-abf01e8d2732
        at C:\Users\Adria\Documents\code\rsx\managmentpanelback\src\users\users.service.ts:125:15
        at Proxy._transactionWithCallback (C:\Users\Adria\Documents\code\rsx\managmentpanelback\node_modules\@prisma\client\runtime\library.js:130:8468)
        at UsersService.addDepartments (C:\Users\Adria\Documents\code\rsx\managmentpanelback\src\users\users.service.ts:115:22)
        at C:\Users\Adria\Documents\code\rsx\managmentpanelback\src\users\tests\users.service.test.ts:186:24
        at runTest (file:///C:/Users/Adria/Documents/code/rsx/managmentpanelback/node_modules/@vitest/runner/dist/index.js:781:11)
        at runSuite (file:///C:/Users/Adria/Documents/code/rsx/managmentpanelback/node_modules/@vitest/runner/dist/index.js:909:15)
        at runSuite (file:///C:/Users/Adria/Documents/code/rsx/managmentpanelback/node_modules/@vitest/runner/dist/index.js:909:15)
        at runSuite (file:///C:/Users/Adria/Documents/code/rsx/managmentpanelback/node_modules/@vitest/runner/dist/index.js:909:15)
        at runFiles (file:///C:/Users/Adria/Documents/code/rsx/managmentpanelback/node_modules/@vitest/runner/dist/index.js:958:5)
        at startTests (file:///C:/Users/Adria/Documents/code/rsx/managmentpanelback/node_modules/@vitest/runner/dist/index.js:967:3)
  },
  level: 'error',
  timestamp: '2026-02-12T18:49:15.794Z'
}

 [33m❯[39m src/users/tests/users.service.test.ts [2m ([22m[2m14 tests[22m [2m|[22m [31m11 failed[39m[2m)[22m[33m 15889[2mms[22m[39m
[31m   [33m❯[31m src/users/tests/users.service.test.ts[2m > [22mUsersService Tests[2m > [22msetAdmin[2m > [22mshould call update when id parameter is provided[39m
[31m     → expected "spy" to be called 1 times, but got 0 times[39m
[31m   [33m❯[31m src/users/tests/users.service.test.ts[2m > [22mUsersService Tests[2m > [22msetAdmin[2m > [22mshould return undefined if ID is not provided[39m
[31m     → expected Unknown Prisma Error: Error desconocido d… { …(3) } to be undefined[39m
[31m   [33m❯[31m src/users/tests/users.service.test.ts[2m > [22mUsersService Tests[2m > [22msetAdmin[2m > [22mshould handle database errors gracefully[39m
[31m     → expected "spy" to be called 1 times, but got 0 times[39m
[31m   [33m❯[31m src/users/tests/users.service.test.ts[2m > [22mUsersService Tests[2m > [22maddDepartment[2m > [22mshould call update if userID and departmentName are provided[39m
[31m     → expected "spy" to be called 1 times, but got 0 times[39m
[31m   [33m❯[31m src/users/tests/users.service.test.ts[2m > [22mUsersService Tests[2m > [22maddDepartment[2m > [22mshould handle database errors gracefully[39m
[31m     → expected "spy" to be called 1 times, but got 0 times[39m
[31m   [33m❯[31m src/users/tests/users.service.test.ts[2m > [22mUsersService Tests[2m > [22maddDepartments[2m > [22mshould call update with uuid and array of strings[39m
[31m     → Departments not found: dd3377f9-3be2-472f-ab42-4680c6041e69, 33cfcc69-a0e4-41ef-a8ed-b04460c0fcf9, 8b8eba15-3480-4ee7-b9ee-2ca26642e8a3[39m
[31m   [33m❯[31m src/users/tests/users.service.test.ts[2m > [22mUsersService Tests[2m > [22maddDepartments[2m > [22mshould return undefined if a single string is provided instead of array[39m
[31m     → 
Invalid `tx.departments.findMany()` invocation in
C:\Users\Adria\Documents\code\rsx\managmentpanelback\src\users\users.service.ts:117:51

  114 
  115 const response = await this.prisma.$transaction(async (tx) => {
  116   // Find existing departments
→ 117   const departmentsIds = await tx.departments.findMany({
          where: {
            name: {
              in: "9509929c-cc9a-41f3-b071-2293753fe585"
                  ~~~~~~~~~~~~~~~~~~~~~~~~~~~~~~~~~~~~~~
            }
          }
        })

Argument `in`: Invalid value provided. Expected String[] or ListStringFieldRefInput, provided String.[39m
[31m   [33m❯[31m src/users/tests/users.service.test.ts[2m > [22mUsersService Tests[2m > [22maddDepartments[2m > [22mshould return undefined if userId is not provided[39m
[31m     → Must provide a valid ID[39m
[31m   [33m❯[31m src/users/tests/users.service.test.ts[2m > [22mUsersService Tests[2m > [22maddDepartments[2m > [22mshould return undefined if departments array is not provided[39m
[31m     → Cannot read properties of undefined (reading 'length')[39m
[31m   [33m❯[31m src/users/tests/users.service.test.ts[2m > [22mUsersService Tests[2m > [22maddDepartments[2m > [22mshould handle empty array gracefully[39m
[31m     → No departments were added[39m
[31m   [33m❯[31m src/users/tests/users.service.test.ts[2m > [22mUsersService Tests[2m > [22maddDepartments[2m > [22mshould handle database errors gracefully[39m
[31m     → Departments not found: 0493a7c6-b6a2-49ba-92f3-63f5f2fab7f4, aea8d9f0-af94-432c-9321-abf01e8d2732[39m

[31m⎯⎯⎯⎯⎯⎯[1m[7m Failed Suites 3 [27m[22m⎯⎯⎯⎯⎯⎯⎯[39m

[31m[1m[7m FAIL [27m[22m[39m src/auth/tests/auth.service.test.ts [2m[ src/auth/tests/auth.service.test.ts ][22m
[31m[1m[7m FAIL [27m[22m[39m src/auth/tests/auth.verify.test.ts [2m[ src/auth/tests/auth.verify.test.ts ][22m
[31m[1mTypeError[22m: AuthService is not a constructor[39m
[36m [2m❯[22m new AuthController src/auth/auth.controller.ts:[2m10:25[22m[39m
    [90m  8| [39m[90m//NO SIRVE[39m
    [90m  9| [39m[35mexport[39m [35mclass[39m [33mAuthController[39m{
    [90m 10| [39m    [35mprotected[39m service [33m=[39m [35mnew[39m [33mAuthService[39m()
    [90m   | [39m                        [31m^[39m
    [90m 11| [39m    [34mconstructor[39m([35mprotected[39m prisma[33m:[39many[33m=[39mprismaClient){
    [90m 12| [39m      [35mthis[39m[33m.[39mjwtCurrentUser[33m=[39m[35mthis[39m[33m.[39mjwtCurrentUser[33m.[39m[34mbind[39m([35mthis[39m)
[90m [2m❯[22m src/auth/auth.routes.ts:[2m6:30[22m[39m
[90m [2m❯[22m src/app.middleware.ts:[2m6:31[22m[39m

[31m[2m⎯⎯⎯⎯⎯⎯⎯⎯⎯⎯⎯⎯⎯⎯⎯⎯⎯⎯⎯⎯⎯⎯⎯[1/59]⎯[22m[39m

[31m[1m[7m FAIL [27m[22m[39m src/gantt/tests/gantt.integration.test.ts[2m > [22mGantt Integration Tests
[31m[1mPrismaClientKnownRequestError[22m: 
Invalid `testPrisma.users.create()` invocation in
C:\Users\Adria\Documents\code\rsx\managmentpanelback\src\gantt\tests\gantt.integration.test.ts:46:41

  43 await testPrisma.$connect();
  44 
  45 // Crear datos de prueba: Usuario
→ 46 const user = await testPrisma.users.create(
Prisma needs to perform transactions, which requires your MongoDB server to be run as a replica set. https://pris.ly/d/mongodb-replica-set[39m
[90m [2m❯[22m si.handleRequestError node_modules/@prisma/client/runtime/library.js:[2m125:6817[22m[39m
[90m [2m❯[22m si.handleAndLogRequestError node_modules/@prisma/client/runtime/library.js:[2m125:6151[22m[39m
[90m [2m❯[22m si.request node_modules/@prisma/client/runtime/library.js:[2m125:5859[22m[39m
[90m [2m❯[22m l node_modules/@prisma/client/runtime/library.js:[2m130:9805[22m[39m
[36m [2m❯[22m src/gantt/tests/gantt.integration.test.ts:[2m46:18[22m[39m
    [90m 44| [39m
    [90m 45| [39m    [90m// Crear datos de prueba: Usuario[39m
    [90m 46| [39m    [35mconst[39m user [33m=[39m [35mawait[39m testPrisma[33m.[39musers[33m.[39m[34mcreate[39m({
    [90m   | [39m                 [31m^[39m
    [90m 47| [39m      data[33m:[39m {
    [90m 48| [39m        username[33m:[39m [32m`test-gantt-[39m[36m${[39m[33mDate[39m[33m.[39m[34mnow[39m()[36m}[39m[32m@example.com`[39m[33m,[39m

[31m[2m⎯⎯⎯⎯⎯⎯⎯⎯⎯⎯⎯⎯⎯⎯⎯⎯⎯⎯⎯⎯⎯⎯⎯⎯⎯⎯⎯⎯⎯⎯[22m[39m
[31m[1mSerialized Error:[22m[39m [90m{ code: 'P2031', clientVersion: '5.8.1', meta: { modelName: 'Users' }, batchRequestIdx: undefined }[39m
[31m[2m⎯⎯⎯⎯⎯⎯⎯⎯⎯⎯⎯⎯⎯⎯⎯⎯⎯⎯⎯⎯⎯⎯⎯[2/59]⎯[22m[39m

[31m⎯⎯⎯⎯⎯⎯[1m[7m Failed Tests 56 [27m[22m⎯⎯⎯⎯⎯⎯⎯[39m

[31m[1m[7m FAIL [27m[22m[39m src/auth/tests/auth.controller.test.ts[2m > [22mAuthController[2m > [22mdeSerialize[2m > [22mshould handle database errors gracefully
[31m[1mAssertionError[22m: expected "spy" to be called with arguments: [ …(2) ][90m

Received: 

[31m[90m

Number of calls: [1m0[22m
[31m[39m
[36m [2m❯[22m src/auth/tests/auth.controller.test.ts:[2m81:23[22m[39m
    [90m 79| [39m
    [90m 80| [39m      [34mexpect[39m(prismaClient[33m.[39musers[33m.[39mfindUnique)[33m.[39m[34mtoHaveBeenCalledTimes[39m([34m1[39m)[33m;[39m
    [90m 81| [39m      [34mexpect[39m(doneSpy)[33m.[39m[34mtoHaveBeenCalledWith[39m(dbError[33m,[39m [35mfalse[39m)[33m;[39m
    [90m   | [39m                      [31m^[39m
    [90m 82| [39m    })[33m;[39m
    [90m 83| [39m

[31m[2m⎯⎯⎯⎯⎯⎯⎯⎯⎯⎯⎯⎯⎯⎯⎯⎯⎯⎯⎯⎯⎯⎯⎯[3/59]⎯[22m[39m

[31m[1m[7m FAIL [27m[22m[39m src/auth/tests/auth.controller.test.ts[2m > [22mAuthController[2m > [22mdeSerialize[2m > [22mshould handle user not found
[31m[1mAssertionError[22m: expected "spy" to be called with arguments: [ null, null ][90m

Received: 

[31m[90m

Number of calls: [1m0[22m
[31m[39m
[36m [2m❯[22m src/auth/tests/auth.controller.test.ts:[2m89:23[22m[39m
    [90m 87| [39m      [35mawait[39m authController[33m.[39m[34mdeSerialize[39m([32m"non-existent-id"[39m[33m,[39m doneSpy)[33m;[39m
    [90m 88| [39m
    [90m 89| [39m      [34mexpect[39m(doneSpy)[33m.[39m[34mtoHaveBeenCalledWith[39m([35mnull[39m[33m,[39m [35mnull[39m)[33m;[39m
    [90m   | [39m                      [31m^[39m
    [90m 90| [39m    })[33m;[39m
    [90m 91| [39m  })[33m;[39m

[31m[2m⎯⎯⎯⎯⎯⎯⎯⎯⎯⎯⎯⎯⎯⎯⎯⎯⎯⎯⎯⎯⎯⎯⎯[4/59]⎯[22m[39m

[31m[1m[7m FAIL [27m[22m[39m src/auth/tests/auth.routes.test.ts[2m > [22mAuthRouter[2m > [22mPOST /auth/login[2m > [22mshould return 200 and user when credentials are valid
[31m[1mError[22m: expected 200 "OK", got 500 "Internal Server Error"[39m
[36m [2m❯[22m src/auth/tests/auth.routes.test.ts:[2m62:10[22m[39m
    [90m 60| [39m          password[33m:[39m [32m"correctPassword123"[39m[33m,[39m
    [90m 61| [39m        })
    [90m 62| [39m        [33m.[39m[34mexpect[39m([34m200[39m)[33m;[39m
    [90m   | [39m         [31m^[39m
    [90m 63| [39m
    [90m 64| [39m      [34mexpect[39m(response[33m.[39mstatus)[33m.[39m[34mtoBe[39m([34m200[39m)[33m;[39m
[90m [2m❯[22m Test._assertStatus node_modules/supertest/lib/test.js:[2m252:14[22m[39m
[90m [2m❯[22m node_modules/supertest/lib/test.js:[2m308:13[22m[39m
[90m [2m❯[22m Test._assertFunction node_modules/supertest/lib/test.js:[2m285:13[22m[39m
[90m [2m❯[22m Test.assert node_modules/supertest/lib/test.js:[2m164:23[22m[39m
[90m [2m❯[22m Server.localAssert node_modules/supertest/lib/test.js:[2m120:14[22m[39m
[90m [2m❯[22m Object.onceWrapper node:events:[2m628:28[22m[39m
[90m [2m❯[22m Server.emit node:events:[2m514:28[22m[39m
[90m [2m❯[22m emitCloseNT node:net:[2m2273:8[22m[39m

[31m[2m⎯⎯⎯⎯⎯⎯⎯⎯⎯⎯⎯⎯⎯⎯⎯⎯⎯⎯⎯⎯⎯⎯⎯[5/59]⎯[22m[39m

[31m[1m[7m FAIL [27m[22m[39m src/auth/tests/auth.routes.test.ts[2m > [22mAuthRouter[2m > [22mPOST /auth/login[2m > [22mshould return 401 when user does not exist
[31m[1mAssertionError[22m: expected "spy" to be called at least once[39m
[36m [2m❯[22m src/auth/tests/auth.routes.test.ts:[2m79:45[22m[39m
    [90m 77| [39m
    [90m 78| [39m      [34mexpect[39m([[34m401[39m[33m,[39m [34m500[39m])[33m.[39m[34mtoContain[39m(response[33m.[39mstatus)[33m;[39m
    [90m 79| [39m      [34mexpect[39m(prismaClient[33m.[39musers[33m.[39mfindUnique)[33m.[39m[34mtoHaveBeenCalled[39m()[33m;[39m
    [90m   | [39m                                            [31m^[39m
    [90m 80| [39m    })[33m;[39m
    [90m 81| [39m

[31m[2m⎯⎯⎯⎯⎯⎯⎯⎯⎯⎯⎯⎯⎯⎯⎯⎯⎯⎯⎯⎯⎯⎯⎯[6/59]⎯[22m[39m

[31m[1m[7m FAIL [27m[22m[39m src/auth/tests/auth.routes.test.ts[2m > [22mAuthRouter[2m > [22mPOST /auth/login[2m > [22mshould return 401 when password is incorrect
[31m[1mAssertionError[22m: expected "spy" to be called at least once[39m
[36m [2m❯[22m src/auth/tests/auth.routes.test.ts:[2m94:29[22m[39m
    [90m 92| [39m
    [90m 93| [39m      [34mexpect[39m([[34m401[39m[33m,[39m [34m500[39m])[33m.[39m[34mtoContain[39m(response[33m.[39mstatus)[33m;[39m
    [90m 94| [39m      [34mexpect[39m(argon2[33m.[39mverify)[33m.[39m[34mtoHaveBeenCalled[39m()[33m;[39m
    [90m   | [39m                            [31m^[39m
    [90m 95| [39m    })[33m;[39m
    [90m 96| [39m

[31m[2m⎯⎯⎯⎯⎯⎯⎯⎯⎯⎯⎯⎯⎯⎯⎯⎯⎯⎯⎯⎯⎯⎯⎯[7/59]⎯[22m[39m

[31m[1m[7m FAIL [27m[22m[39m src/auth/tests/auth.routes.test.ts[2m > [22mAuthRouter[2m > [22mPOST /auth/signup[2m > [22mshould create user and return 200 when data is valid
[31m[1mError[22m: expected 200 "OK", got 500 "Internal Server Error"[39m
[36m [2m❯[22m src/auth/tests/auth.routes.test.ts:[2m121:10[22m[39m
    [90m119| [39m          username[33m:[39m [32m"newuser@example.com"[39m[33m,[39m
    [90m120| [39m        })
    [90m121| [39m        [33m.[39m[34mexpect[39m([34m200[39m)[33m;[39m
    [90m   | [39m         [31m^[39m
    [90m122| [39m
    [90m123| [39m      [34mexpect[39m(response[33m.[39mstatus)[33m.[39m[34mtoBe[39m([34m200[39m)[33m;[39m
[90m [2m❯[22m Test._assertStatus node_modules/supertest/lib/test.js:[2m252:14[22m[39m
[90m [2m❯[22m node_modules/supertest/lib/test.js:[2m308:13[22m[39m
[90m [2m❯[22m Test._assertFunction node_modules/supertest/lib/test.js:[2m285:13[22m[39m
[90m [2m❯[22m Test.assert node_modules/supertest/lib/test.js:[2m164:23[22m[39m
[90m [2m❯[22m Server.localAssert node_modules/supertest/lib/test.js:[2m120:14[22m[39m
[90m [2m❯[22m Object.onceWrapper node:events:[2m628:28[22m[39m
[90m [2m❯[22m Server.emit node:events:[2m514:28[22m[39m
[90m [2m❯[22m emitCloseNT node:net:[2m2273:8[22m[39m

[31m[2m⎯⎯⎯⎯⎯⎯⎯⎯⎯⎯⎯⎯⎯⎯⎯⎯⎯⎯⎯⎯⎯⎯⎯[8/59]⎯[22m[39m

[31m[1m[7m FAIL [27m[22m[39m src/auth/tests/auth.routes.test.ts[2m > [22mAuthRouter[2m > [22mPOST /auth/signup[2m > [22mshould return error when username already exists
[31m[1mAssertionError[22m: expected "spy" to be called at least once[39m
[36m [2m❯[22m src/auth/tests/auth.routes.test.ts:[2m143:45[22m[39m
    [90m141| [39m
    [90m142| [39m      [34mexpect[39m([[34m400[39m[33m,[39m [34m409[39m[33m,[39m [34m500[39m])[33m.[39m[34mtoContain[39m(response[33m.[39mstatus)[33m;[39m
    [90m143| [39m      [34mexpect[39m(prismaClient[33m.[39musers[33m.[39mfindUnique)[33m.[39m[34mtoHaveBeenCalled[39m()[33m;[39m
    [90m   | [39m                                            [31m^[39m
    [90m144| [39m      [34mexpect[39m(prismaClient[33m.[39musers[33m.[39mcreate)[33m.[39mnot[33m.[39m[34mtoHaveBeenCalled[39m()[33m;[39m
    [90m145| [39m    })[33m;[39m

[31m[2m⎯⎯⎯⎯⎯⎯⎯⎯⎯⎯⎯⎯⎯⎯⎯⎯⎯⎯⎯⎯⎯⎯⎯[9/59]⎯[22m[39m

[31m[1m[7m FAIL [27m[22m[39m src/gantt/tests/gantt.service.test.ts[2m > [22mGanttService[2m > [22mcreateGanttItem[2m > [22mshould create a gantt item successfully
[31m[1mAssertionError[22m: expected Unknown Prisma Error: Error desconocido d… { …(3) } to deeply equal { id: 'gantt-123', …(24) }[39m

[32m- Expected[39m
[31m+ Received[39m

[32m- Object {[39m
[32m-   "actualHours": null,[39m
[32m-   "assignedToId": "user-123",[39m
[32m-   "color": "#3498db",[39m
[32m-   "completedAt": null,[39m
[32m-   "createdAt": 2025-01-01T00:00:00.000Z,[39m
[32m-   "createdById": "user-123",[39m
[32m-   "demographyId": "demo-123",[39m
[32m-   "departmentsId": "dept-123",[39m
[32m-   "depth": 0,[39m
[32m-   "description": "Test Description",[39m
[32m-   "endDate": 2025-02-28T00:00:00.000Z,[39m
[32m-   "estimatedHours": 40,[39m
[32m-   "hash": null,[39m
[32m-   "id": "gantt-123",[39m
[32m-   "isActive": true,[39m
[32m-   "parentId": null,[39m
[32m-   "path": "/gantt-123/",[39m
[32m-   "priority": "medium",[39m
[32m-   "progress": 50,[39m
[32m-   "sortOrder": 0,[39m
[32m-   "startDate": 2025-02-01T00:00:00.000Z,[39m
[32m-   "status": "active",[39m
[32m-   "title": "Test Task",[39m
[32m-   "type": "task",[39m
[32m-   "updatedAt": 2025-01-01T00:00:00.000Z,[39m
[32m- }[39m
[31m+ [Unknown Prisma Error: Error desconocido de la base de datos][39m

[36m [2m❯[22m src/gantt/tests/gantt.service.test.ts:[2m171:22[22m[39m
    [90m169| [39m      [35mconst[39m result [33m=[39m [35mawait[39m ganttService[33m.[39m[34mcreateGanttItem[39m(createData)[33m;[39m
    [90m170| [39m
    [90m171| [39m      [34mexpect[39m(result)[33m.[39m[34mtoEqual[39m(mockGanttItem)[33m;[39m
    [90m   | [39m                     [31m^[39m
    [90m172| [39m      [34mexpect[39m(mockPrismaInstance[33m.[39musers[33m.[39mfindUnique)[33m.[39m[34mtoHaveBeenCalledWith[39m…
    [90m173| [39m        where[33m:[39m { id[33m:[39m [32m"user-123"[39m }[33m,[39m

[31m[2m⎯⎯⎯⎯⎯⎯⎯⎯⎯⎯⎯⎯⎯⎯⎯⎯⎯⎯⎯⎯⎯⎯[10/59]⎯[22m[39m

[31m[1m[7m FAIL [27m[22m[39m src/gantt/tests/gantt.service.test.ts[2m > [22mGanttService[2m > [22mcreateGanttItem[2m > [22mshould return InvalidDateRange if startDate >= endDate for non-milestone
[31m[1mAssertionError[22m: expected false to be true // Object.is equality[39m

[32m- Expected[39m
[31m+ Received[39m

[32m- true[39m
[31m+ false[39m

[36m [2m❯[22m src/gantt/tests/gantt.service.test.ts:[2m191:63[22m[39m
    [90m189| [39m      [35mconst[39m result [33m=[39m [35mawait[39m ganttService[33m.[39m[34mcreateGanttItem[39m(createData)[33m;[39m
    [90m190| [39m
    [90m191| [39m      [34mexpect[39m([34misPrismaErrorWrapping[39m(result[33m,[39m [33mInvalidDateRange[39m))[33m.[39m[34mtoBe[39m([35mtru[39m…
    [90m   | [39m                                                              [31m^[39m
    [90m192| [39m    })[33m;[39m
    [90m193| [39m

[31m[2m⎯⎯⎯⎯⎯⎯⎯⎯⎯⎯⎯⎯⎯⎯⎯⎯⎯⎯⎯⎯⎯⎯[11/59]⎯[22m[39m

[31m[1m[7m FAIL [27m[22m[39m src/gantt/tests/gantt.service.test.ts[2m > [22mGanttService[2m > [22mcreateGanttItem[2m > [22mshould return InvalidProgress if progress < 0 or > 100
[31m[1mAssertionError[22m: expected false to be true // Object.is equality[39m

[32m- Expected[39m
[31m+ Received[39m

[32m- true[39m
[31m+ false[39m

[36m [2m❯[22m src/gantt/tests/gantt.service.test.ts:[2m207:62[22m[39m
    [90m205| [39m      [35mconst[39m result [33m=[39m [35mawait[39m ganttService[33m.[39m[34mcreateGanttItem[39m(createData)[33m;[39m
    [90m206| [39m
    [90m207| [39m      [34mexpect[39m([34misPrismaErrorWrapping[39m(result[33m,[39m [33mInvalidProgress[39m))[33m.[39m[34mtoBe[39m([35mtrue[39m…
    [90m   | [39m                                                             [31m^[39m
    [90m208| [39m    })[33m;[39m
    [90m209| [39m

[31m[2m⎯⎯⎯⎯⎯⎯⎯⎯⎯⎯⎯⎯⎯⎯⎯⎯⎯⎯⎯⎯⎯⎯[12/59]⎯[22m[39m

[31m[1m[7m FAIL [27m[22m[39m src/gantt/tests/gantt.service.test.ts[2m > [22mGanttService[2m > [22mcreateGanttItem[2m > [22mshould return MilestoneInvalidDates if milestone has different start/end dates
[31m[1mAssertionError[22m: expected false to be true // Object.is equality[39m

[32m- Expected[39m
[31m+ Received[39m

[32m- true[39m
[31m+ false[39m

[36m [2m❯[22m src/gantt/tests/gantt.service.test.ts:[2m223:68[22m[39m
    [90m221| [39m      [35mconst[39m result [33m=[39m [35mawait[39m ganttService[33m.[39m[34mcreateGanttItem[39m(createData)[33m;[39m
    [90m222| [39m
    [90m223| [39m      [34mexpect[39m([34misPrismaErrorWrapping[39m(result[33m,[39m [33mMilestoneInvalidDates[39m))[33m.[39m[34mtoB[39m…
    [90m   | [39m                                                                   [31m^[39m
    [90m224| [39m    })[33m;[39m
    [90m225| [39m

[31m[2m⎯⎯⎯⎯⎯⎯⎯⎯⎯⎯⎯⎯⎯⎯⎯⎯⎯⎯⎯⎯⎯⎯[13/59]⎯[22m[39m

[31m[1m[7m FAIL [27m[22m[39m src/gantt/tests/gantt.service.test.ts[2m > [22mGanttService[2m > [22mcreateGanttItem[2m > [22mshould return SummaryCannotHaveAssignee if summary has assignedToId
[31m[1mAssertionError[22m: expected false to be true // Object.is equality[39m

[32m- Expected[39m
[31m+ Received[39m

[32m- true[39m
[31m+ false[39m

[36m [2m❯[22m src/gantt/tests/gantt.service.test.ts:[2m240:72[22m[39m
    [90m238| [39m      [35mconst[39m result [33m=[39m [35mawait[39m ganttService[33m.[39m[34mcreateGanttItem[39m(createData)[33m;[39m
    [90m239| [39m
    [90m240| [39m      [34mexpect[39m([34misPrismaErrorWrapping[39m(result[33m,[39m [33mSummaryCannotHaveAssignee[39m))…
    [90m   | [39m                                                                       [31m^[39m
    [90m241| [39m    })[33m;[39m
    [90m242| [39m

[31m[2m⎯⎯⎯⎯⎯⎯⎯⎯⎯⎯⎯⎯⎯⎯⎯⎯⎯⎯⎯⎯⎯⎯[14/59]⎯[22m[39m

[31m[1m[7m FAIL [27m[22m[39m src/gantt/tests/gantt.service.test.ts[2m > [22mGanttService[2m > [22mcreateGanttItem[2m > [22mshould return InvalidUserReference if createdById does not exist
[31m[1mAssertionError[22m: expected false to be true // Object.is equality[39m

[32m- Expected[39m
[31m+ Received[39m

[32m- true[39m
[31m+ false[39m

[36m [2m❯[22m src/gantt/tests/gantt.service.test.ts:[2m255:67[22m[39m
    [90m253| [39m      [35mconst[39m result [33m=[39m [35mawait[39m ganttService[33m.[39m[34mcreateGanttItem[39m(createData)[33m;[39m
    [90m254| [39m
    [90m255| [39m      [34mexpect[39m([34misPrismaErrorWrapping[39m(result[33m,[39m [33mInvalidUserReference[39m))[33m.[39m[34mtoBe[39m…
    [90m   | [39m                                                                  [31m^[39m
    [90m256| [39m    })[33m;[39m
    [90m257| [39m

[31m[2m⎯⎯⎯⎯⎯⎯⎯⎯⎯⎯⎯⎯⎯⎯⎯⎯⎯⎯⎯⎯⎯⎯[15/59]⎯[22m[39m

[31m[1m[7m FAIL [27m[22m[39m src/gantt/tests/gantt.service.test.ts[2m > [22mGanttService[2m > [22mcreateGanttItem[2m > [22mshould return InvalidDepartmentReference if departmentsId does not exist
[31m[1mAssertionError[22m: expected false to be true // Object.is equality[39m

[32m- Expected[39m
[31m+ Received[39m

[32m- true[39m
[31m+ false[39m

[36m [2m❯[22m src/gantt/tests/gantt.service.test.ts:[2m272:73[22m[39m
    [90m270| [39m      [35mconst[39m result [33m=[39m [35mawait[39m ganttService[33m.[39m[34mcreateGanttItem[39m(createData)[33m;[39m
    [90m271| [39m
    [90m272| [39m      [34mexpect[39m([34misPrismaErrorWrapping[39m(result[33m,[39m [33mInvalidDepartmentReference[39m)…
    [90m   | [39m                                                                        [31m^[39m
    [90m273| [39m    })[33m;[39m
    [90m274| [39m

[31m[2m⎯⎯⎯⎯⎯⎯⎯⎯⎯⎯⎯⎯⎯⎯⎯⎯⎯⎯⎯⎯⎯⎯[16/59]⎯[22m[39m

[31m[1m[7m FAIL [27m[22m[39m src/gantt/tests/gantt.service.test.ts[2m > [22mGanttService[2m > [22mcreateGanttItem[2m > [22mshould return InvalidDemographyReference if demographyId does not exist
[31m[1mAssertionError[22m: expected false to be true // Object.is equality[39m

[32m- Expected[39m
[31m+ Received[39m

[32m- true[39m
[31m+ false[39m

[36m [2m❯[22m src/gantt/tests/gantt.service.test.ts:[2m289:73[22m[39m
    [90m287| [39m      [35mconst[39m result [33m=[39m [35mawait[39m ganttService[33m.[39m[34mcreateGanttItem[39m(createData)[33m;[39m
    [90m288| [39m
    [90m289| [39m      [34mexpect[39m([34misPrismaErrorWrapping[39m(result[33m,[39m [33mInvalidDemographyReference[39m)…
    [90m   | [39m                                                                        [31m^[39m
    [90m290| [39m    })[33m;[39m
    [90m291| [39m

[31m[2m⎯⎯⎯⎯⎯⎯⎯⎯⎯⎯⎯⎯⎯⎯⎯⎯⎯⎯⎯⎯⎯⎯[17/59]⎯[22m[39m

[31m[1m[7m FAIL [27m[22m[39m src/gantt/tests/gantt.service.test.ts[2m > [22mGanttService[2m > [22mcreateGanttItem[2m > [22mshould calculate path correctly for child items
[31m[1mAssertionError[22m: expected Unknown Prisma Error: Error desconocido d… { …(3) } to not be an instance of Error[39m
[36m [2m❯[22m src/gantt/tests/gantt.service.test.ts:[2m318:26[22m[39m
    [90m316| [39m      [35mconst[39m result [33m=[39m [35mawait[39m ganttService[33m.[39m[34mcreateGanttItem[39m(createData)[33m;[39m
    [90m317| [39m
    [90m318| [39m      [34mexpect[39m(result)[33m.[39mnot[33m.[39m[34mtoBeInstanceOf[39m([33mError[39m)[33m;[39m
    [90m   | [39m                         [31m^[39m
    [90m319| [39m      [34mexpect[39m(mockPrismaInstance[33m.[39mganttItem[33m.[39mcreate)[33m.[39m[34mtoHaveBeenCalled[39m()[33m;[39m
    [90m320| [39m    })[33m;[39m

[31m[2m⎯⎯⎯⎯⎯⎯⎯⎯⎯⎯⎯⎯⎯⎯⎯⎯⎯⎯⎯⎯⎯⎯[18/59]⎯[22m[39m

[31m[1m[7m FAIL [27m[22m[39m src/gantt/tests/gantt.service.test.ts[2m > [22mGanttService[2m > [22mcreateGanttItem[2m > [22mshould return MaxDepthExceeded if depth exceeds 10
[31m[1mAssertionError[22m: expected false to be true // Object.is equality[39m

[32m- Expected[39m
[31m+ Received[39m

[32m- true[39m
[31m+ false[39m

[36m [2m❯[22m src/gantt/tests/gantt.service.test.ts:[2m341:63[22m[39m
    [90m339| [39m      [35mconst[39m result [33m=[39m [35mawait[39m ganttService[33m.[39m[34mcreateGanttItem[39m(createData)[33m;[39m
    [90m340| [39m
    [90m341| [39m      [34mexpect[39m([34misPrismaErrorWrapping[39m(result[33m,[39m [33mMaxDepthExceeded[39m))[33m.[39m[34mtoBe[39m([35mtru[39m…
    [90m   | [39m                                                              [31m^[39m
    [90m342| [39m    })[33m;[39m
    [90m343| [39m  })[33m;[39m

[31m[2m⎯⎯⎯⎯⎯⎯⎯⎯⎯⎯⎯⎯⎯⎯⎯⎯⎯⎯⎯⎯⎯⎯[19/59]⎯[22m[39m

[31m[1m[7m FAIL [27m[22m[39m src/gantt/tests/gantt.service.test.ts[2m > [22mGanttService[2m > [22mupdateGanttItem[2m > [22mshould return GanttItemNotFound if item does not exist
[31m[1mAssertionError[22m: expected false to be true // Object.is equality[39m

[32m- Expected[39m
[31m+ Received[39m

[32m- true[39m
[31m+ false[39m

[36m [2m❯[22m src/gantt/tests/gantt.service.test.ts:[2m373:64[22m[39m
    [90m371| [39m      [35mconst[39m result [33m=[39m [35mawait[39m ganttService[33m.[39m[34mupdateGanttItem[39m([32m"invalid-id"[39m[33m,[39m …
    [90m372| [39m
    [90m373| [39m      [34mexpect[39m([34misPrismaErrorWrapping[39m(result[33m,[39m [33mGanttItemNotFound[39m))[33m.[39m[34mtoBe[39m([35mtr[39m…
    [90m   | [39m                                                               [31m^[39m
    [90m374| [39m    })[33m;[39m
    [90m375| [39m

[31m[2m⎯⎯⎯⎯⎯⎯⎯⎯⎯⎯⎯⎯⎯⎯⎯⎯⎯⎯⎯⎯⎯⎯[20/59]⎯[22m[39m

[31m[1m[7m FAIL [27m[22m[39m src/gantt/tests/gantt.service.test.ts[2m > [22mGanttService[2m > [22mupdateGanttItem[2m > [22mshould return InvalidDateRange if updating dates incorrectly
[31m[1mAssertionError[22m: expected false to be true // Object.is equality[39m

[32m- Expected[39m
[31m+ Received[39m

[32m- true[39m
[31m+ false[39m

[36m [2m❯[22m src/gantt/tests/gantt.service.test.ts:[2m386:63[22m[39m
    [90m384| [39m      [35mconst[39m result [33m=[39m [35mawait[39m ganttService[33m.[39m[34mupdateGanttItem[39m([32m"gantt-123"[39m[33m,[39m u…
    [90m385| [39m
    [90m386| [39m      [34mexpect[39m([34misPrismaErrorWrapping[39m(result[33m,[39m [33mInvalidDateRange[39m))[33m.[39m[34mtoBe[39m([35mtru[39m…
    [90m   | [39m                                                              [31m^[39m
    [90m387| [39m    })[33m;[39m
    [90m388| [39m

[31m[2m⎯⎯⎯⎯⎯⎯⎯⎯⎯⎯⎯⎯⎯⎯⎯⎯⎯⎯⎯⎯⎯⎯[21/59]⎯[22m[39m

[31m[1m[7m FAIL [27m[22m[39m src/gantt/tests/gantt.service.test.ts[2m > [22mGanttService[2m > [22mupdateGanttItem[2m > [22mshould return CircularHierarchy if trying to set parent to self
[31m[1mAssertionError[22m: expected false to be true // Object.is equality[39m

[32m- Expected[39m
[31m+ Received[39m

[32m- true[39m
[31m+ false[39m

[36m [2m❯[22m src/gantt/tests/gantt.service.test.ts:[2m398:64[22m[39m
    [90m396| [39m      [35mconst[39m result [33m=[39m [35mawait[39m ganttService[33m.[39m[34mupdateGanttItem[39m([32m"gantt-123"[39m[33m,[39m u…
    [90m397| [39m
    [90m398| [39m      [34mexpect[39m([34misPrismaErrorWrapping[39m(result[33m,[39m [33mCircularHierarchy[39m))[33m.[39m[34mtoBe[39m([35mtr[39m…
    [90m   | [39m                                                               [31m^[39m
    [90m399| [39m    })[33m;[39m
    [90m400| [39m

[31m[2m⎯⎯⎯⎯⎯⎯⎯⎯⎯⎯⎯⎯⎯⎯⎯⎯⎯⎯⎯⎯⎯⎯[22/59]⎯[22m[39m

[31m[1m[7m FAIL [27m[22m[39m src/gantt/tests/gantt.service.test.ts[2m > [22mGanttService[2m > [22mgetGanttItem[2m > [22mshould get a gantt item with relations
[31m[1mAssertionError[22m: expected "spy" to be called with arguments: [ Array(1) ][90m

Received: 

[1m  1st spy call:

[22m[2m  Array [[22m
[2m    Object {[22m
[32m-     "include": Any<Object>,[90m
[31m+     "include": Object {[90m
[31m+       "assignedTo": Object {[90m
[31m+         "select": Object {[90m
[31m+           "id": true,[90m
[31m+           "lastname": true,[90m
[31m+           "name": true,[90m
[31m+           "username": true,[90m
[31m+         },[90m
[31m+       },[90m
[31m+       "children": Object {[90m
[31m+         "orderBy": Object {[90m
[31m+           "sortOrder": "asc",[90m
[31m+         },[90m
[31m+         "where": Object {[90m
[31m+           "isActive": true,[90m
[31m+         },[90m
[31m+       },[90m
[31m+       "createdBy": Object {[90m
[31m+         "select": Object {[90m
[31m+           "id": true,[90m
[31m+           "lastname": true,[90m
[31m+           "name": true,[90m
[31m+           "username": true,[90m
[31m+         },[90m
[31m+       },[90m
[31m+       "demography": true,[90m
[31m+       "department": true,[90m
[31m+       "dependenciesFrom": Object {[90m
[31m+         "include": Object {[90m
[31m+           "targetItem": Object {[90m
[31m+             "select": Object {[90m
[31m+               "id": true,[90m
[31m+               "status": true,[90m
[31m+               "title": true,[90m
[31m+             },[90m
[31m+           },[90m
[31m+         },[90m
[31m+       },[90m
[31m+       "dependenciesTo": Object {[90m
[31m+         "include": Object {[90m
[31m+           "sourceItem": Object {[90m
[31m+             "select": Object {[90m
[31m+               "id": true,[90m
[31m+               "status": true,[90m
[31m+               "title": true,[90m
[31m+             },[90m
[31m+           },[90m
[31m+         },[90m
[31m+       },[90m
[31m+       "parent": true,[90m
[31m+     },[90m
[2m      "where": Object {[22m
[2m        "id": "gantt-123",[22m
[31m+       "isActive": true,[90m
[2m      },[22m
[2m    },[22m
[2m  ][22m
[31m[90m

Number of calls: [1m1[22m
[31m[39m
[36m [2m❯[22m src/gantt/tests/gantt.service.test.ts:[2m450:55[22m[39m
    [90m448| [39m
    [90m449| [39m      [34mexpect[39m(result)[33m.[39m[34mtoEqual[39m(itemWithRelations)[33m;[39m
    [90m450| [39m      [34mexpect[39m(mockPrismaInstance[33m.[39mganttItem[33m.[39mfindUnique)[33m.[39m[34mtoHaveBeenCalled[39m…
    [90m   | [39m                                                      [31m^[39m
    [90m451| [39m        where[33m:[39m { id[33m:[39m [32m"gantt-123"[39m }[33m,[39m
    [90m452| [39m        include[33m:[39m expect[33m.[39m[34many[39m([33mObject[39m)[33m,[39m

[31m[2m⎯⎯⎯⎯⎯⎯⎯⎯⎯⎯⎯⎯⎯⎯⎯⎯⎯⎯⎯⎯⎯⎯[23/59]⎯[22m[39m

[31m[1m[7m FAIL [27m[22m[39m src/gantt/tests/gantt.service.test.ts[2m > [22mGanttService[2m > [22mgetGanttItem[2m > [22mshould get a gantt item without relations
[31m[1mAssertionError[22m: expected "spy" to be called with arguments: [ { where: { id: 'gantt-123' } } ][90m

Received: 

[1m  1st spy call:

[22m[2m  Array [[22m
[2m    Object {[22m
[31m+     "include": undefined,[90m
[2m      "where": Object {[22m
[2m        "id": "gantt-123",[22m
[31m+       "isActive": true,[90m
[2m      },[22m
[2m    },[22m
[2m  ][22m
[31m[90m

Number of calls: [1m1[22m
[31m[39m
[36m [2m❯[22m src/gantt/tests/gantt.service.test.ts:[2m462:55[22m[39m
    [90m460| [39m
    [90m461| [39m      [34mexpect[39m(result)[33m.[39m[34mtoEqual[39m(mockGanttItem)[33m;[39m
    [90m462| [39m      [34mexpect[39m(mockPrismaInstance[33m.[39mganttItem[33m.[39mfindUnique)[33m.[39m[34mtoHaveBeenCalled[39m…
    [90m   | [39m                                                      [31m^[39m
    [90m463| [39m        where[33m:[39m { id[33m:[39m [32m"gantt-123"[39m }[33m,[39m
    [90m464| [39m      })[33m;[39m

[31m[2m⎯⎯⎯⎯⎯⎯⎯⎯⎯⎯⎯⎯⎯⎯⎯⎯⎯⎯⎯⎯⎯⎯[24/59]⎯[22m[39m

[31m[1m[7m FAIL [27m[22m[39m src/gantt/tests/gantt.service.test.ts[2m > [22mGanttService[2m > [22mgetGanttItem[2m > [22mshould return GanttItemNotFound if item does not exist
[31m[1mAssertionError[22m: expected false to be true // Object.is equality[39m

[32m- Expected[39m
[31m+ Received[39m

[32m- true[39m
[31m+ false[39m

[36m [2m❯[22m src/gantt/tests/gantt.service.test.ts:[2m472:64[22m[39m
    [90m470| [39m      [35mconst[39m result [33m=[39m [35mawait[39m ganttService[33m.[39m[34mgetGanttItem[39m([32m"invalid-id"[39m)[33m;[39m
    [90m471| [39m
    [90m472| [39m      [34mexpect[39m([34misPrismaErrorWrapping[39m(result[33m,[39m [33mGanttItemNotFound[39m))[33m.[39m[34mtoBe[39m([35mtr[39m…
    [90m   | [39m                                                               [31m^[39m
    [90m473| [39m    })[33m;[39m
    [90m474| [39m  })[33m;[39m

[31m[2m⎯⎯⎯⎯⎯⎯⎯⎯⎯⎯⎯⎯⎯⎯⎯⎯⎯⎯⎯⎯⎯⎯[25/59]⎯[22m[39m

[31m[1m[7m FAIL [27m[22m[39m src/gantt/tests/gantt.service.test.ts[2m > [22mGanttService[2m > [22mlistGanttItems[2m > [22mshould list gantt items with pagination
[31m[1mAssertionError[22m: expected { …(2) } to deeply equal { Object (data, pagination) }[39m

[32m- Expected[39m
[31m+ Received[39m

[2m  Object {[22m
[32m-   "data": Array [[39m
[31m+   "items": Array [[39m
[2m      Object {[22m
[2m        "actualHours": null,[22m
[2m        "assignedToId": "user-123",[22m
[2m        "color": "#3498db",[22m
[2m        "completedAt": null,[22m
[2m        "createdAt": 2025-01-01T00:00:00.000Z,[22m
[2m        "createdById": "user-123",[22m
[2m        "demographyId": "demo-123",[22m
[2m        "departmentsId": "dept-123",[22m
[2m        "depth": 0,[22m
[2m        "description": "Test Description",[22m
[2m        "endDate": 2025-02-28T00:00:00.000Z,[22m
[2m        "estimatedHours": 40,[22m
[2m        "hash": null,[22m
[2m        "id": "gantt-123",[22m
[2m        "isActive": true,[22m
[2m        "parentId": null,[22m
[2m        "path": "/gantt-123/",[22m
[2m        "priority": "medium",[22m
[2m        "progress": 50,[22m
[2m        "sortOrder": 0,[22m
[2m        "startDate": 2025-02-01T00:00:00.000Z,[22m
[2m        "status": "active",[22m
[2m        "title": "Test Task",[22m
[2m        "type": "task",[22m
[2m        "updatedAt": 2025-01-01T00:00:00.000Z,[22m
[2m      },[22m
[2m      Object {[22m
[2m        "actualHours": null,[22m
[2m        "assignedToId": "user-123",[22m
[2m        "color": "#3498db",[22m
[2m        "completedAt": null,[22m
[2m        "createdAt": 2025-01-01T00:00:00.000Z,[22m
[2m        "createdById": "user-123",[22m
[2m        "demographyId": "demo-123",[22m
[2m        "departmentsId": "dept-123",[22m
[2m        "depth": 0,[22m
[2m        "description": "Test Description",[22m
[2m        "endDate": 2025-02-28T00:00:00.000Z,[22m
[2m        "estimatedHours": 40,[22m
[2m        "hash": null,[22m
[2m        "id": "gantt-456",[22m
[2m        "isActive": true,[22m
[2m        "parentId": null,[22m
[2m        "path": "/gantt-123/",[22m
[2m        "priority": "medium",[22m
[2m        "progress": 50,[22m
[2m        "sortOrder": 0,[22m
[2m        "startDate": 2025-02-01T00:00:00.000Z,[22m
[2m        "status": "active",[22m
[2m        "title": "Test Task",[22m
[2m        "type": "task",[22m
[2m        "updatedAt": 2025-01-01T00:00:00.000Z,[22m
[2m      },[22m
[2m    ],[22m
[2m    "pagination": Object {[22m
[32m-     "limit": 10,[39m
[2m      "page": 1,[22m
[31m+     "pageSize": 50,[39m
[2m      "total": 2,[22m
[2m      "totalPages": 1,[22m
[2m    },[22m
[2m  }[22m

[36m [2m❯[22m src/gantt/tests/gantt.service.test.ts:[2m489:22[22m[39m
    [90m487| [39m      [35mconst[39m result [33m=[39m [35mawait[39m ganttService[33m.[39m[34mlistGanttItems[39m({ page[33m:[39m [34m1[39m[33m,[39m limi…
    [90m488| [39m
    [90m489| [39m      [34mexpect[39m(result)[33m.[39m[34mtoEqual[39m({
    [90m   | [39m                     [31m^[39m
    [90m490| [39m        data[33m:[39m items[33m,[39m
    [90m491| [39m        pagination[33m:[39m {

[31m[2m⎯⎯⎯⎯⎯⎯⎯⎯⎯⎯⎯⎯⎯⎯⎯⎯⎯⎯⎯⎯⎯⎯[26/59]⎯[22m[39m

[31m[1m[7m FAIL [27m[22m[39m src/gantt/tests/gantt.service.test.ts[2m > [22mGanttService[2m > [22mdeleteGanttItem[2m > [22mshould soft delete a gantt item successfully
[31m[1mAssertionError[22m: expected Unknown Prisma Error: Error desconocido d… { …(3) } to deeply equal { Object (message) }[39m

[32m- Expected[39m
[31m+ Received[39m

[32m- Object {[39m
[32m-   "message": "Item del Gantt eliminado exitosamente",[39m
[32m- }[39m
[31m+ [Unknown Prisma Error: Error desconocido de la base de datos][39m

[36m [2m❯[22m src/gantt/tests/gantt.service.test.ts:[2m564:22[22m[39m
    [90m562| [39m      [35mconst[39m result [33m=[39m [35mawait[39m ganttService[33m.[39m[34mdeleteGanttItem[39m([32m"gantt-123"[39m)[33m;[39m
    [90m563| [39m
    [90m564| [39m      [34mexpect[39m(result)[33m.[39m[34mtoEqual[39m({ message[33m:[39m [32m"Item del Gantt eliminado exit[39m…
    [90m   | [39m                     [31m^[39m
    [90m565| [39m      [34mexpect[39m(mockPrismaInstance[33m.[39mganttItem[33m.[39mupdate)[33m.[39m[34mtoHaveBeenCalledWith[39m…
    [90m566| [39m        where[33m:[39m { id[33m:[39m [32m"gantt-123"[39m }[33m,[39m

[31m[2m⎯⎯⎯⎯⎯⎯⎯⎯⎯⎯⎯⎯⎯⎯⎯⎯⎯⎯⎯⎯⎯⎯[27/59]⎯[22m[39m

[31m[1m[7m FAIL [27m[22m[39m src/gantt/tests/gantt.service.test.ts[2m > [22mGanttService[2m > [22mdeleteGanttItem[2m > [22mshould return GanttItemNotFound if item does not exist
[31m[1mAssertionError[22m: expected false to be true // Object.is equality[39m

[32m- Expected[39m
[31m+ Received[39m

[32m- true[39m
[31m+ false[39m

[36m [2m❯[22m src/gantt/tests/gantt.service.test.ts:[2m576:64[22m[39m
    [90m574| [39m      [35mconst[39m result [33m=[39m [35mawait[39m ganttService[33m.[39m[34mdeleteGanttItem[39m([32m"invalid-id"[39m)[33m;[39m
    [90m575| [39m
    [90m576| [39m      [34mexpect[39m([34misPrismaErrorWrapping[39m(result[33m,[39m [33mGanttItemNotFound[39m))[33m.[39m[34mtoBe[39m([35mtr[39m…
    [90m   | [39m                                                               [31m^[39m
    [90m577| [39m    })[33m;[39m
    [90m578| [39m

[31m[2m⎯⎯⎯⎯⎯⎯⎯⎯⎯⎯⎯⎯⎯⎯⎯⎯⎯⎯⎯⎯⎯⎯[28/59]⎯[22m[39m

[31m[1m[7m FAIL [27m[22m[39m src/gantt/tests/gantt.service.test.ts[2m > [22mGanttService[2m > [22mdeleteGanttItem[2m > [22mshould return CannotDeleteItemWithChildren if item has children
[31m[1mAssertionError[22m: expected false to be true // Object.is equality[39m

[32m- Expected[39m
[31m+ Received[39m

[32m- true[39m
[31m+ false[39m

[36m [2m❯[22m src/gantt/tests/gantt.service.test.ts:[2m587:75[22m[39m
    [90m585| [39m      [35mconst[39m result [33m=[39m [35mawait[39m ganttService[33m.[39m[34mdeleteGanttItem[39m([32m"gantt-123"[39m)[33m;[39m
    [90m586| [39m
    [90m587| [39m      [34mexpect[39m([34misPrismaErrorWrapping[39m(result[33m,[39m [33mCannotDeleteItemWithChildre[39m…
    [90m   | [39m                                                                          [31m^[39m
    [90m588| [39m    })[33m;[39m
    [90m589| [39m  })[33m;[39m

[31m[2m⎯⎯⎯⎯⎯⎯⎯⎯⎯⎯⎯⎯⎯⎯⎯⎯⎯⎯⎯⎯⎯⎯[29/59]⎯[22m[39m

[31m[1m[7m FAIL [27m[22m[39m src/gantt/tests/gantt.service.test.ts[2m > [22mGanttService[2m > [22mcompleteGanttItem[2m > [22mshould return GanttItemNotFound if item does not exist
[31m[1mAssertionError[22m: expected false to be true // Object.is equality[39m

[32m- Expected[39m
[31m+ Received[39m

[32m- true[39m
[31m+ false[39m

[36m [2m❯[22m src/gantt/tests/gantt.service.test.ts:[2m624:64[22m[39m
    [90m622| [39m      [35mconst[39m result [33m=[39m [35mawait[39m ganttService[33m.[39m[34mcompleteGanttItem[39m([32m"invalid-id"[39m…
    [90m623| [39m
    [90m624| [39m      [34mexpect[39m([34misPrismaErrorWrapping[39m(result[33m,[39m [33mGanttItemNotFound[39m))[33m.[39m[34mtoBe[39m([35mtr[39m…
    [90m   | [39m                                                               [31m^[39m
    [90m625| [39m    })[33m;[39m
    [90m626| [39m

[31m[2m⎯⎯⎯⎯⎯⎯⎯⎯⎯⎯⎯⎯⎯⎯⎯⎯⎯⎯⎯⎯⎯⎯[30/59]⎯[22m[39m

[31m[1m[7m FAIL [27m[22m[39m src/gantt/tests/gantt.service.test.ts[2m > [22mGanttService[2m > [22mcreateDependency[2m > [22mshould return SelfDependency if sourceItemId === targetItemId
[31m[1mAssertionError[22m: expected false to be true // Object.is equality[39m

[32m- Expected[39m
[31m+ Received[39m

[32m- true[39m
[31m+ false[39m

[36m [2m❯[22m src/gantt/tests/gantt.service.test.ts:[2m680:61[22m[39m
    [90m678| [39m      [35mconst[39m result [33m=[39m [35mawait[39m ganttService[33m.[39m[34mcreateDependency[39m(createData)[33m;[39m
    [90m679| [39m
    [90m680| [39m      [34mexpect[39m([34misPrismaErrorWrapping[39m(result[33m,[39m [33mSelfDependency[39m))[33m.[39m[34mtoBe[39m([35mtrue[39m)[33m;[39m
    [90m   | [39m                                                            [31m^[39m
    [90m681| [39m    })[33m;[39m
    [90m682| [39m

[31m[2m⎯⎯⎯⎯⎯⎯⎯⎯⎯⎯⎯⎯⎯⎯⎯⎯⎯⎯⎯⎯⎯⎯[31/59]⎯[22m[39m

[31m[1m[7m FAIL [27m[22m[39m src/gantt/tests/gantt.service.test.ts[2m > [22mGanttService[2m > [22mcreateDependency[2m > [22mshould return DependencyItemNotFound if source or target does not exist
[31m[1mAssertionError[22m: expected false to be true // Object.is equality[39m

[32m- Expected[39m
[31m+ Received[39m

[32m- true[39m
[31m+ false[39m

[36m [2m❯[22m src/gantt/tests/gantt.service.test.ts:[2m694:69[22m[39m
    [90m692| [39m      [35mconst[39m result [33m=[39m [35mawait[39m ganttService[33m.[39m[34mcreateDependency[39m(createData)[33m;[39m
    [90m693| [39m
    [90m694| [39m      [34mexpect[39m([34misPrismaErrorWrapping[39m(result[33m,[39m [33mDependencyItemNotFound[39m))[33m.[39m[34mto[39m…
    [90m   | [39m                                                                    [31m^[39m
    [90m695| [39m    })[33m;[39m
    [90m696| [39m

[31m[2m⎯⎯⎯⎯⎯⎯⎯⎯⎯⎯⎯⎯⎯⎯⎯⎯⎯⎯⎯⎯⎯⎯[32/59]⎯[22m[39m

[31m[1m[7m FAIL [27m[22m[39m src/gantt/tests/gantt.service.test.ts[2m > [22mGanttService[2m > [22mcreateDependency[2m > [22mshould return DuplicateDependency if dependency already exists
[31m[1mAssertionError[22m: expected false to be true // Object.is equality[39m

[32m- Expected[39m
[31m+ Received[39m

[32m- true[39m
[31m+ false[39m

[36m [2m❯[22m src/gantt/tests/gantt.service.test.ts:[2m709:66[22m[39m
    [90m707| [39m      [35mconst[39m result [33m=[39m [35mawait[39m ganttService[33m.[39m[34mcreateDependency[39m(createData)[33m;[39m
    [90m708| [39m
    [90m709| [39m      [34mexpect[39m([34misPrismaErrorWrapping[39m(result[33m,[39m [33mDuplicateDependency[39m))[33m.[39m[34mtoBe[39m(…
    [90m   | [39m                                                                 [31m^[39m
    [90m710| [39m    })[33m;[39m
    [90m711| [39m

[31m[2m⎯⎯⎯⎯⎯⎯⎯⎯⎯⎯⎯⎯⎯⎯⎯⎯⎯⎯⎯⎯⎯⎯[33/59]⎯[22m[39m

[31m[1m[7m FAIL [27m[22m[39m src/gantt/tests/gantt.service.test.ts[2m > [22mGanttService[2m > [22mcreateDependency[2m > [22mshould detect circular dependencies
[31m[1mAssertionError[22m: expected false to be true // Object.is equality[39m

[32m- Expected[39m
[31m+ Received[39m

[32m- true[39m
[31m+ false[39m

[36m [2m❯[22m src/gantt/tests/gantt.service.test.ts:[2m728:65[22m[39m
    [90m726| [39m      [35mconst[39m result [33m=[39m [35mawait[39m ganttService[33m.[39m[34mcreateDependency[39m(createData)[33m;[39m
    [90m727| [39m
    [90m728| [39m      [34mexpect[39m([34misPrismaErrorWrapping[39m(result[33m,[39m [33mCircularDependency[39m))[33m.[39m[34mtoBe[39m([35mt[39m…
    [90m   | [39m                                                                [31m^[39m
    [90m729| [39m    })[33m;[39m
    [90m730| [39m  })[33m;[39m

[31m[2m⎯⎯⎯⎯⎯⎯⎯⎯⎯⎯⎯⎯⎯⎯⎯⎯⎯⎯⎯⎯⎯⎯[34/59]⎯[22m[39m

[31m[1m[7m FAIL [27m[22m[39m src/gantt/tests/gantt.service.test.ts[2m > [22mGanttService[2m > [22mupdateDependency[2m > [22mshould return DependencyNotFound if dependency does not exist
[31m[1mAssertionError[22m: expected false to be true // Object.is equality[39m

[32m- Expected[39m
[31m+ Received[39m

[32m- true[39m
[31m+ false[39m

[36m [2m❯[22m src/gantt/tests/gantt.service.test.ts:[2m758:65[22m[39m
    [90m756| [39m      [35mconst[39m result [33m=[39m [35mawait[39m ganttService[33m.[39m[34mupdateDependency[39m([32m"invalid-id"[39m[33m,[39m…
    [90m757| [39m
    [90m758| [39m      [34mexpect[39m([34misPrismaErrorWrapping[39m(result[33m,[39m [33mDependencyNotFound[39m))[33m.[39m[34mtoBe[39m([35mt[39m…
    [90m   | [39m                                                                [31m^[39m
    [90m759| [39m    })[33m;[39m
    [90m760| [39m  })[33m;[39m

[31m[2m⎯⎯⎯⎯⎯⎯⎯⎯⎯⎯⎯⎯⎯⎯⎯⎯⎯⎯⎯⎯⎯⎯[35/59]⎯[22m[39m

[31m[1m[7m FAIL [27m[22m[39m src/gantt/tests/gantt.service.test.ts[2m > [22mGanttService[2m > [22mgetDependency[2m > [22mshould return DependencyNotFound if dependency does not exist
[31m[1mAssertionError[22m: expected false to be true // Object.is equality[39m

[32m- Expected[39m
[31m+ Received[39m

[32m- true[39m
[31m+ false[39m

[36m [2m❯[22m src/gantt/tests/gantt.service.test.ts:[2m780:65[22m[39m
    [90m778| [39m      [35mconst[39m result [33m=[39m [35mawait[39m ganttService[33m.[39m[34mgetDependency[39m([32m"invalid-id"[39m)[33m;[39m
    [90m779| [39m
    [90m780| [39m      [34mexpect[39m([34misPrismaErrorWrapping[39m(result[33m,[39m [33mDependencyNotFound[39m))[33m.[39m[34mtoBe[39m([35mt[39m…
    [90m   | [39m                                                                [31m^[39m
    [90m781| [39m    })[33m;[39m
    [90m782| [39m  })[33m;[39m

[31m[2m⎯⎯⎯⎯⎯⎯⎯⎯⎯⎯⎯⎯⎯⎯⎯⎯⎯⎯⎯⎯⎯⎯[36/59]⎯[22m[39m

[31m[1m[7m FAIL [27m[22m[39m src/gantt/tests/gantt.service.test.ts[2m > [22mGanttService[2m > [22mdeleteDependency[2m > [22mshould delete a dependency successfully
[31m[1mAssertionError[22m: expected { success: true, …(1) } to deeply equal { Object (message) }[39m

[32m- Expected[39m
[31m+ Received[39m

[2m  Object {[22m
[32m-   "message": "Dependencia eliminada exitosamente",[39m
[31m+   "message": "Dependencia eliminada correctamente",[39m
[31m+   "success": true,[39m
[2m  }[22m

[36m [2m❯[22m src/gantt/tests/gantt.service.test.ts:[2m839:22[22m[39m
    [90m837| [39m      [35mconst[39m result [33m=[39m [35mawait[39m ganttService[33m.[39m[34mdeleteDependency[39m([32m"dep-123"[39m)[33m;[39m
    [90m838| [39m
    [90m839| [39m      [34mexpect[39m(result)[33m.[39m[34mtoEqual[39m({ message[33m:[39m [32m"Dependencia eliminada exitosa[39m…
    [90m   | [39m                     [31m^[39m
    [90m840| [39m      [34mexpect[39m(mockPrismaInstance[33m.[39mganttDependency[33m.[39m[35mdelete[39m)[33m.[39m[34mtoHaveBeenCall[39m…
    [90m841| [39m        where[33m:[39m { id[33m:[39m [32m"dep-123"[39m }[33m,[39m

[31m[2m⎯⎯⎯⎯⎯⎯⎯⎯⎯⎯⎯⎯⎯⎯⎯⎯⎯⎯⎯⎯⎯⎯[37/59]⎯[22m[39m

[31m[1m[7m FAIL [27m[22m[39m src/gantt/tests/gantt.service.test.ts[2m > [22mGanttService[2m > [22mdeleteDependency[2m > [22mshould return DependencyNotFound if dependency does not exist
[31m[1mAssertionError[22m: expected false to be true // Object.is equality[39m

[32m- Expected[39m
[31m+ Received[39m

[32m- true[39m
[31m+ false[39m

[36m [2m❯[22m src/gantt/tests/gantt.service.test.ts:[2m850:65[22m[39m
    [90m848| [39m      [35mconst[39m result [33m=[39m [35mawait[39m ganttService[33m.[39m[34mdeleteDependency[39m([32m"invalid-id"[39m)[33m;[39m
    [90m849| [39m
    [90m850| [39m      [34mexpect[39m([34misPrismaErrorWrapping[39m(result[33m,[39m [33mDependencyNotFound[39m))[33m.[39m[34mtoBe[39m([35mt[39m…
    [90m   | [39m                                                                [31m^[39m
    [90m851| [39m    })[33m;[39m
    [90m852| [39m  })[33m;[39m

[31m[2m⎯⎯⎯⎯⎯⎯⎯⎯⎯⎯⎯⎯⎯⎯⎯⎯⎯⎯⎯⎯⎯⎯[38/59]⎯[22m[39m

[31m[1m[7m FAIL [27m[22m[39m src/gantt/tests/gantt.service.test.ts[2m > [22mGanttService[2m > [22mgetItemDependencies[2m > [22mshould get only predecessors
[31m[1mAssertionError[22m: expected { predecessors: [ { …(8) } ] } to deeply equal { predecessors: [ { …(8) } ], …(1) }[39m

[32m- Expected[39m
[31m+ Received[39m

[2m  Object {[22m
[2m    "predecessors": Array [[22m
[2m      Object {[22m
[2m        "createdAt": 2025-01-01T00:00:00.000Z,[22m
[2m        "hash": null,[22m
[2m        "id": "dep-123",[22m
[2m        "lagDays": 0,[22m
[2m        "sourceItemId": "gantt-123",[22m
[2m        "targetItemId": "gantt-456",[22m
[2m        "type": "endToStart",[22m
[2m        "updatedAt": 2025-01-01T00:00:00.000Z,[22m
[2m      },[22m
[2m    ],[22m
[32m-   "successors": Array [],[39m
[2m  }[22m

[36m [2m❯[22m src/gantt/tests/gantt.service.test.ts:[2m884:22[22m[39m
    [90m882| [39m      [35mconst[39m result [33m=[39m [35mawait[39m ganttService[33m.[39m[34mgetItemDependencies[39m([32m"gantt-123[39m…
    [90m883| [39m
    [90m884| [39m      [34mexpect[39m(result)[33m.[39m[34mtoEqual[39m({
    [90m   | [39m                     [31m^[39m
    [90m885| [39m        predecessors[33m,[39m
    [90m886| [39m        successors[33m:[39m [][33m,[39m

[31m[2m⎯⎯⎯⎯⎯⎯⎯⎯⎯⎯⎯⎯⎯⎯⎯⎯⎯⎯⎯⎯⎯⎯[39/59]⎯[22m[39m

[31m[1m[7m FAIL [27m[22m[39m src/gantt/tests/gantt.service.test.ts[2m > [22mGanttService[2m > [22mgetItemDependencies[2m > [22mshould get only successors
[31m[1mAssertionError[22m: expected { successors: [ { …(8) } ] } to deeply equal { predecessors: [], …(1) }[39m

[32m- Expected[39m
[31m+ Received[39m

[2m  Object {[22m
[32m-   "predecessors": Array [],[39m
[2m    "successors": Array [[22m
[2m      Object {[22m
[2m        "createdAt": 2025-01-01T00:00:00.000Z,[22m
[2m        "hash": null,[22m
[2m        "id": "dep-123",[22m
[2m        "lagDays": 0,[22m
[2m        "sourceItemId": "gantt-123",[22m
[2m        "targetItemId": "gantt-456",[22m
[2m        "type": "endToStart",[22m
[2m        "updatedAt": 2025-01-01T00:00:00.000Z,[22m
[2m      },[22m
[2m    ],[22m
[2m  }[22m

[36m [2m❯[22m src/gantt/tests/gantt.service.test.ts:[2m898:22[22m[39m
    [90m896| [39m      [35mconst[39m result [33m=[39m [35mawait[39m ganttService[33m.[39m[34mgetItemDependencies[39m([32m"gantt-123[39m…
    [90m897| [39m
    [90m898| [39m      [34mexpect[39m(result)[33m.[39m[34mtoEqual[39m({
    [90m   | [39m                     [31m^[39m
    [90m899| [39m        predecessors[33m:[39m [][33m,[39m
    [90m900| [39m        successors[33m,[39m

[31m[2m⎯⎯⎯⎯⎯⎯⎯⎯⎯⎯⎯⎯⎯⎯⎯⎯⎯⎯⎯⎯⎯⎯[40/59]⎯[22m[39m

[31m[1m[7m FAIL [27m[22m[39m src/gantt/tests/gantt.service.test.ts[2m > [22mGanttService[2m > [22mgetItemDependencies[2m > [22mshould return GanttItemNotFound if item does not exist
[31m[1mAssertionError[22m: expected false to be true // Object.is equality[39m

[32m- Expected[39m
[31m+ Received[39m

[32m- true[39m
[31m+ false[39m

[36m [2m❯[22m src/gantt/tests/gantt.service.test.ts:[2m909:64[22m[39m
    [90m907| [39m      [35mconst[39m result [33m=[39m [35mawait[39m ganttService[33m.[39m[34mgetItemDependencies[39m([32m"invalid-i[39m…
    [90m908| [39m
    [90m909| [39m      [34mexpect[39m([34misPrismaErrorWrapping[39m(result[33m,[39m [33mGanttItemNotFound[39m))[33m.[39m[34mtoBe[39m([35mtr[39m…
    [90m   | [39m                                                               [31m^[39m
    [90m910| [39m    })[33m;[39m
    [90m911| [39m  })[33m;[39m

[31m[2m⎯⎯⎯⎯⎯⎯⎯⎯⎯⎯⎯⎯⎯⎯⎯⎯⎯⎯⎯⎯⎯⎯[41/59]⎯[22m[39m

[31m[1m[7m FAIL [27m[22m[39m src/users/tests/users.routes.test.ts[2m > [22mUserRoutes[2m > [22mGET /users/setadmin/:id[2m > [22mshould call update and return 200 when id param is provided
[31m[1mError[22m: expected 200 "OK", got 404 "Not Found"[39m
[36m [2m❯[22m src/users/tests/users.routes.test.ts:[2m55:10[22m[39m
    [90m 53| [39m      [35mconst[39m response [33m=[39m [35mawait[39m [34mrequest[39m(app)
    [90m 54| [39m        [33m.[39m[35mget[39m([32m`/users/setadmin/[39m[36m${[39muserId[36m}[39m[32m`[39m)
    [90m 55| [39m        [33m.[39m[34mexpect[39m([34m200[39m)[33m;[39m
    [90m   | [39m         [31m^[39m
    [90m 56| [39m
    [90m 57| [39m      [34mexpect[39m(response[33m.[39mstatus)[33m.[39m[34mtoBe[39m([34m200[39m)[33m;[39m
[90m [2m❯[22m Test._assertStatus node_modules/supertest/lib/test.js:[2m252:14[22m[39m
[90m [2m❯[22m node_modules/supertest/lib/test.js:[2m308:13[22m[39m
[90m [2m❯[22m Test._assertFunction node_modules/supertest/lib/test.js:[2m285:13[22m[39m
[90m [2m❯[22m Test.assert node_modules/supertest/lib/test.js:[2m164:23[22m[39m
[90m [2m❯[22m Server.localAssert node_modules/supertest/lib/test.js:[2m120:14[22m[39m
[90m [2m❯[22m Object.onceWrapper node:events:[2m628:28[22m[39m
[90m [2m❯[22m Server.emit node:events:[2m514:28[22m[39m
[90m [2m❯[22m emitCloseNT node:net:[2m2273:8[22m[39m

[31m[2m⎯⎯⎯⎯⎯⎯⎯⎯⎯⎯⎯⎯⎯⎯⎯⎯⎯⎯⎯⎯⎯⎯[42/59]⎯[22m[39m

[31m[1m[7m FAIL [27m[22m[39m src/users/tests/users.routes.test.ts[2m > [22mUserRoutes[2m > [22mGET /users/addDepartments/:id[2m > [22mshould call update and return 200 when id and query params provided
[31m[1mError[22m: expected 200 "OK", got 404 "Not Found"[39m
[36m [2m❯[22m src/users/tests/users.routes.test.ts:[2m88:10[22m[39m
    [90m 86| [39m      [35mconst[39m response [33m=[39m [35mawait[39m [34mrequest[39m(app)
    [90m 87| [39m        [33m.[39m[35mget[39m([32m`/users/addDepartments/[39m[36m${[39muserId[36m}[39m[32m?[39m[36m${[39mqueryString[36m}[39m[32m`[39m)
    [90m 88| [39m        [33m.[39m[34mexpect[39m([34m200[39m)[33m;[39m
    [90m   | [39m         [31m^[39m
    [90m 89| [39m
    [90m 90| [39m      [34mexpect[39m(response[33m.[39mstatus)[33m.[39m[34mtoBe[39m([34m200[39m)[33m;[39m
[90m [2m❯[22m Test._assertStatus node_modules/supertest/lib/test.js:[2m252:14[22m[39m
[90m [2m❯[22m node_modules/supertest/lib/test.js:[2m308:13[22m[39m
[90m [2m❯[22m Test._assertFunction node_modules/supertest/lib/test.js:[2m285:13[22m[39m
[90m [2m❯[22m Test.assert node_modules/supertest/lib/test.js:[2m164:23[22m[39m
[90m [2m❯[22m Server.localAssert node_modules/supertest/lib/test.js:[2m120:14[22m[39m
[90m [2m❯[22m Object.onceWrapper node:events:[2m628:28[22m[39m
[90m [2m❯[22m Server.emit node:events:[2m514:28[22m[39m
[90m [2m❯[22m emitCloseNT node:net:[2m2273:8[22m[39m

[31m[2m⎯⎯⎯⎯⎯⎯⎯⎯⎯⎯⎯⎯⎯⎯⎯⎯⎯⎯⎯⎯⎯⎯[43/59]⎯[22m[39m

[31m[1m[7m FAIL [27m[22m[39m src/users/tests/users.routes.test.ts[2m > [22mUserRoutes[2m > [22mGET /users/addDepartments/:id[2m > [22mshould return 400 when query params are not provided
[31m[1mError[22m: expected 400 "Bad Request", got 404 "Not Found"[39m
[36m [2m❯[22m src/users/tests/users.routes.test.ts:[2m98:10[22m[39m
    [90m 96| [39m      [35mconst[39m response [33m=[39m [35mawait[39m [34mrequest[39m(app)
    [90m 97| [39m        [33m.[39m[35mget[39m([32m`/users/addDepartments/[39m[36m${[39muserId[36m}[39m[32m`[39m)
    [90m 98| [39m        [33m.[39m[34mexpect[39m([34m400[39m)[33m;[39m
    [90m   | [39m         [31m^[39m
    [90m 99| [39m
    [90m100| [39m      [34mexpect[39m(response[33m.[39mstatus)[33m.[39m[34mtoBe[39m([34m400[39m)[33m;[39m
[90m [2m❯[22m Test._assertStatus node_modules/supertest/lib/test.js:[2m252:14[22m[39m
[90m [2m❯[22m node_modules/supertest/lib/test.js:[2m308:13[22m[39m
[90m [2m❯[22m Test._assertFunction node_modules/supertest/lib/test.js:[2m285:13[22m[39m
[90m [2m❯[22m Test.assert node_modules/supertest/lib/test.js:[2m164:23[22m[39m
[90m [2m❯[22m Server.localAssert node_modules/supertest/lib/test.js:[2m120:14[22m[39m
[90m [2m❯[22m Object.onceWrapper node:events:[2m628:28[22m[39m
[90m [2m❯[22m Server.emit node:events:[2m514:28[22m[39m
[90m [2m❯[22m emitCloseNT node:net:[2m2273:8[22m[39m

[31m[2m⎯⎯⎯⎯⎯⎯⎯⎯⎯⎯⎯⎯⎯⎯⎯⎯⎯⎯⎯⎯⎯⎯[44/59]⎯[22m[39m

[31m[1m[7m FAIL [27m[22m[39m src/users/tests/users.routes.test.ts[2m > [22mUserRoutes[2m > [22mGET /users/addDepartments/:id[2m > [22mshould handle single department in query
[31m[1mError[22m: expected 200 "OK", got 404 "Not Found"[39m
[36m [2m❯[22m src/users/tests/users.routes.test.ts:[2m119:10[22m[39m
    [90m117| [39m      [35mconst[39m response [33m=[39m [35mawait[39m [34mrequest[39m(app)
    [90m118| [39m        [33m.[39m[35mget[39m([32m`/users/addDepartments/[39m[36m${[39muserId[36m}[39m[32m?name=single-dept`[39m)
    [90m119| [39m        [33m.[39m[34mexpect[39m([34m200[39m)[33m;[39m
    [90m   | [39m         [31m^[39m
    [90m120| [39m
    [90m121| [39m      [34mexpect[39m(response[33m.[39mstatus)[33m.[39m[34mtoBe[39m([34m200[39m)[33m;[39m
[90m [2m❯[22m Test._assertStatus node_modules/supertest/lib/test.js:[2m252:14[22m[39m
[90m [2m❯[22m node_modules/supertest/lib/test.js:[2m308:13[22m[39m
[90m [2m❯[22m Test._assertFunction node_modules/supertest/lib/test.js:[2m285:13[22m[39m
[90m [2m❯[22m Test.assert node_modules/supertest/lib/test.js:[2m164:23[22m[39m
[90m [2m❯[22m Server.localAssert node_modules/supertest/lib/test.js:[2m120:14[22m[39m
[90m [2m❯[22m Object.onceWrapper node:events:[2m628:28[22m[39m
[90m [2m❯[22m Server.emit node:events:[2m514:28[22m[39m
[90m [2m❯[22m emitCloseNT node:net:[2m2273:8[22m[39m

[31m[2m⎯⎯⎯⎯⎯⎯⎯⎯⎯⎯⎯⎯⎯⎯⎯⎯⎯⎯⎯⎯⎯⎯[45/59]⎯[22m[39m

[31m[1m[7m FAIL [27m[22m[39m src/users/tests/users.routes.test.ts[2m > [22mUserRoutes[2m > [22mGET /users/addDepartment/:id[2m > [22mshould call update and return 200 when id and query name provided
[31m[1mError[22m: expected 200 "OK", got 404 "Not Found"[39m
[36m [2m❯[22m src/users/tests/users.routes.test.ts:[2m145:10[22m[39m
    [90m143| [39m      [35mconst[39m response [33m=[39m [35mawait[39m [34mrequest[39m(app)
    [90m144| [39m        [33m.[39m[35mget[39m([32m`/users/addDepartment/[39m[36m${[39muserId[36m}[39m[32m?name=test-department`[39m)
    [90m145| [39m        [33m.[39m[34mexpect[39m([34m200[39m)[33m;[39m
    [90m   | [39m         [31m^[39m
    [90m146| [39m
    [90m147| [39m      [34mexpect[39m(response[33m.[39mstatus)[33m.[39m[34mtoBe[39m([34m200[39m)[33m;[39m
[90m [2m❯[22m Test._assertStatus node_modules/supertest/lib/test.js:[2m252:14[22m[39m
[90m [2m❯[22m node_modules/supertest/lib/test.js:[2m308:13[22m[39m
[90m [2m❯[22m Test._assertFunction node_modules/supertest/lib/test.js:[2m285:13[22m[39m
[90m [2m❯[22m Test.assert node_modules/supertest/lib/test.js:[2m164:23[22m[39m
[90m [2m❯[22m Server.localAssert node_modules/supertest/lib/test.js:[2m120:14[22m[39m
[90m [2m❯[22m Object.onceWrapper node:events:[2m628:28[22m[39m
[90m [2m❯[22m Server.emit node:events:[2m514:28[22m[39m
[90m [2m❯[22m emitCloseNT node:net:[2m2273:8[22m[39m

[31m[2m⎯⎯⎯⎯⎯⎯⎯⎯⎯⎯⎯⎯⎯⎯⎯⎯⎯⎯⎯⎯⎯⎯[46/59]⎯[22m[39m

[31m[1m[7m FAIL [27m[22m[39m src/users/tests/users.routes.test.ts[2m > [22mUserRoutes[2m > [22mGET /users/addDepartment/:id[2m > [22mshould return 400 when query name is not provided
[31m[1mError[22m: expected 400 "Bad Request", got 404 "Not Found"[39m
[36m [2m❯[22m src/users/tests/users.routes.test.ts:[2m155:10[22m[39m
    [90m153| [39m      [35mconst[39m response [33m=[39m [35mawait[39m [34mrequest[39m(app)
    [90m154| [39m        [33m.[39m[35mget[39m([32m`/users/addDepartment/[39m[36m${[39muserId[36m}[39m[32m`[39m)
    [90m155| [39m        [33m.[39m[34mexpect[39m([34m400[39m)[33m;[39m
    [90m   | [39m         [31m^[39m
    [90m156| [39m
    [90m157| [39m      [34mexpect[39m(response[33m.[39mstatus)[33m.[39m[34mtoBe[39m([34m400[39m)[33m;[39m
[90m [2m❯[22m Test._assertStatus node_modules/supertest/lib/test.js:[2m252:14[22m[39m
[90m [2m❯[22m node_modules/supertest/lib/test.js:[2m308:13[22m[39m
[90m [2m❯[22m Test._assertFunction node_modules/supertest/lib/test.js:[2m285:13[22m[39m
[90m [2m❯[22m Test.assert node_modules/supertest/lib/test.js:[2m164:23[22m[39m
[90m [2m❯[22m Server.localAssert node_modules/supertest/lib/test.js:[2m120:14[22m[39m
[90m [2m❯[22m Object.onceWrapper node:events:[2m628:28[22m[39m
[90m [2m❯[22m Server.emit node:events:[2m514:28[22m[39m
[90m [2m❯[22m emitCloseNT node:net:[2m2273:8[22m[39m

[31m[2m⎯⎯⎯⎯⎯⎯⎯⎯⎯⎯⎯⎯⎯⎯⎯⎯⎯⎯⎯⎯⎯⎯[47/59]⎯[22m[39m

[31m[1m[7m FAIL [27m[22m[39m src/users/tests/users.service.test.ts[2m > [22mUsersService Tests[2m > [22msetAdmin[2m > [22mshould call update when id parameter is provided
[31m[1mAssertionError[22m: expected "spy" to be called 1 times, but got 0 times[39m
[36m [2m❯[22m src/users/tests/users.service.test.ts:[2m53:41[22m[39m
    [90m 51| [39m      [35mconst[39m response [33m=[39m [35mawait[39m usersService[33m.[39m[34msetAdmin[39m(userId)[33m;[39m
    [90m 52| [39m
    [90m 53| [39m      [34mexpect[39m(prismaClient[33m.[39musers[33m.[39mupdate)[33m.[39m[34mtoHaveBeenCalledTimes[39m([34m1[39m)[33m;[39m
    [90m   | [39m                                        [31m^[39m
    [90m 54| [39m      [34mexpect[39m(prismaClient[33m.[39musers[33m.[39mupdate)[33m.[39m[34mtoHaveBeenCalledWith[39m({
    [90m 55| [39m        where[33m:[39m { id[33m:[39m userId }[33m,[39m

[31m[2m⎯⎯⎯⎯⎯⎯⎯⎯⎯⎯⎯⎯⎯⎯⎯⎯⎯⎯⎯⎯⎯⎯[48/59]⎯[22m[39m

[31m[1m[7m FAIL [27m[22m[39m src/users/tests/users.service.test.ts[2m > [22mUsersService Tests[2m > [22msetAdmin[2m > [22mshould return undefined if ID is not provided
[31m[1mAssertionError[22m: expected Unknown Prisma Error: Error desconocido d… { …(3) } to be undefined[39m
[36m [2m❯[22m src/users/tests/users.service.test.ts:[2m66:24[22m[39m
    [90m 64| [39m
    [90m 65| [39m      [34mexpect[39m(prismaClient[33m.[39musers[33m.[39mupdate)[33m.[39mnot[33m.[39m[34mtoHaveBeenCalled[39m()[33m;[39m
    [90m 66| [39m      [34mexpect[39m(response)[33m.[39m[34mtoBeUndefined[39m()[33m;[39m
    [90m   | [39m                       [31m^[39m
    [90m 67| [39m    })[33m;[39m
    [90m 68| [39m

[31m[2m⎯⎯⎯⎯⎯⎯⎯⎯⎯⎯⎯⎯⎯⎯⎯⎯⎯⎯⎯⎯⎯⎯[49/59]⎯[22m[39m

[31m[1m[7m FAIL [27m[22m[39m src/users/tests/users.service.test.ts[2m > [22mUsersService Tests[2m > [22msetAdmin[2m > [22mshould handle database errors gracefully
[31m[1mAssertionError[22m: expected "spy" to be called 1 times, but got 0 times[39m
[36m [2m❯[22m src/users/tests/users.service.test.ts:[2m76:41[22m[39m
    [90m 74| [39m      [35mconst[39m response [33m=[39m [35mawait[39m usersService[33m.[39m[34msetAdmin[39m(userId)[33m;[39m
    [90m 75| [39m
    [90m 76| [39m      [34mexpect[39m(prismaClient[33m.[39musers[33m.[39mupdate)[33m.[39m[34mtoHaveBeenCalledTimes[39m([34m1[39m)[33m;[39m
    [90m   | [39m                                        [31m^[39m
    [90m 77| [39m      [34mexpect[39m(response)[33m.[39m[34mtoBeUndefined[39m()[33m;[39m
    [90m 78| [39m    })[33m;[39m

[31m[2m⎯⎯⎯⎯⎯⎯⎯⎯⎯⎯⎯⎯⎯⎯⎯⎯⎯⎯⎯⎯⎯⎯[50/59]⎯[22m[39m

[31m[1m[7m FAIL [27m[22m[39m src/users/tests/users.service.test.ts[2m > [22mUsersService Tests[2m > [22maddDepartment[2m > [22mshould call update if userID and departmentName are provided
[31m[1mAssertionError[22m: expected "spy" to be called 1 times, but got 0 times[39m
[36m [2m❯[22m src/users/tests/users.service.test.ts:[2m89:41[22m[39m
    [90m 87| [39m      [35mconst[39m response [33m=[39m [35mawait[39m usersService[33m.[39m[34maddDepartment[39m(userId[33m,[39m deptId…
    [90m 88| [39m
    [90m 89| [39m      [34mexpect[39m(prismaClient[33m.[39musers[33m.[39mupdate)[33m.[39m[34mtoHaveBeenCalledTimes[39m([34m1[39m)[33m;[39m
    [90m   | [39m                                        [31m^[39m
    [90m 90| [39m      [34mexpect[39m(response)[33m.[39m[34mtoEqual[39m(mockUser)[33m;[39m
    [90m 91| [39m    })[33m;[39m

[31m[2m⎯⎯⎯⎯⎯⎯⎯⎯⎯⎯⎯⎯⎯⎯⎯⎯⎯⎯⎯⎯⎯⎯[51/59]⎯[22m[39m

[31m[1m[7m FAIL [27m[22m[39m src/users/tests/users.service.test.ts[2m > [22mUsersService Tests[2m > [22maddDepartment[2m > [22mshould handle database errors gracefully
[31m[1mAssertionError[22m: expected "spy" to be called 1 times, but got 0 times[39m
[36m [2m❯[22m src/users/tests/users.service.test.ts:[2m127:41[22m[39m
    [90m125| [39m      [35mconst[39m response [33m=[39m [35mawait[39m usersService[33m.[39m[34maddDepartment[39m(userId[33m,[39m deptId…
    [90m126| [39m
    [90m127| [39m      [34mexpect[39m(prismaClient[33m.[39musers[33m.[39mupdate)[33m.[39m[34mtoHaveBeenCalledTimes[39m([34m1[39m)[33m;[39m
    [90m   | [39m                                        [31m^[39m
    [90m128| [39m      [34mexpect[39m(response)[33m.[39m[34mtoBeUndefined[39m()[33m;[39m
    [90m129| [39m    })[33m;[39m

[31m[2m⎯⎯⎯⎯⎯⎯⎯⎯⎯⎯⎯⎯⎯⎯⎯⎯⎯⎯⎯⎯⎯⎯[52/59]⎯[22m[39m

[31m[1m[7m FAIL [27m[22m[39m src/users/tests/users.service.test.ts[2m > [22mUsersService Tests[2m > [22maddDepartments[2m > [22mshould call update with uuid and array of strings
[31m[1mError[22m: Departments not found: dd3377f9-3be2-472f-ab42-4680c6041e69, 33cfcc69-a0e4-41ef-a8ed-b04460c0fcf9, 8b8eba15-3480-4ee7-b9ee-2ca26642e8a3[39m
[36m [2m❯[22m src/users/users.service.ts:[2m125:15[22m[39m
    [90m123| [39m        [35mconst[39m foundNames [33m=[39m departmentsIds[33m.[39m[34mmap[39m(d [33m=>[39m d[33m.[39mname)[33m;[39m
    [90m124| [39m        [35mconst[39m missingDepts [33m=[39m departmentArray[33m.[39m[34mfilter[39m(name [33m=>[39m [33m![39mfoundName…
    [90m125| [39m        [35mthrow[39m [35mnew[39m [33mError[39m([32m`Departments not found: [39m[36m${[39mmissingDepts[33m.[39m[34mjoin[39m([32m',[39m…
    [90m   | [39m              [31m^[39m
    [90m126| [39m      }
    [90m127| [39m    [35mawait[39m tx[33m.[39musersDepartments[33m.[39m[34mdeleteMany[39m({where[33m:[39m{userId[33m:[39mid}})
[90m [2m❯[22m Proxy._transactionWithCallback node_modules/@prisma/client/runtime/library.js:[2m130:8468[22m[39m
[90m [2m❯[22m UsersService.addDepartments src/users/users.service.ts:[2m115:22[22m[39m
[90m [2m❯[22m src/users/tests/users.service.test.ts:[2m138:24[22m[39m

[31m[2m⎯⎯⎯⎯⎯⎯⎯⎯⎯⎯⎯⎯⎯⎯⎯⎯⎯⎯⎯⎯⎯⎯[53/59]⎯[22m[39m

[31m[1m[7m FAIL [27m[22m[39m src/users/tests/users.service.test.ts[2m > [22mUsersService Tests[2m > [22maddDepartments[2m > [22mshould return undefined if a single string is provided instead of array
[31m[1mPrismaClientValidationError[22m: 
Invalid `tx.departments.findMany()` invocation in
C:\Users\Adria\Documents\code\rsx\managmentpanelback\src\users\users.service.ts:117:51

  114 
  115 const response = await this.prisma.$transaction(async (tx) => {
  116   // Find existing departments
→ 117   const departmentsIds = await tx.departments.findMany({
          where: {
            name: {
              in: "9509929c-cc9a-41f3-b071-2293753fe585"
                  ~~~~~~~~~~~~~~~~~~~~~~~~~~~~~~~~~~~~~~
            }
          }
        })

Argument `in`: Invalid value provided. Expected String[] or ListStringFieldRefInput, provided String.[39m
[90m [2m❯[22m ti node_modules/@prisma/client/runtime/library.js:[2m118:5888[22m[39m
[90m [2m❯[22m si.handleRequestError node_modules/@prisma/client/runtime/library.js:[2m125:6473[22m[39m
[90m [2m❯[22m si.handleAndLogRequestError node_modules/@prisma/client/runtime/library.js:[2m125:6151[22m[39m
[90m [2m❯[22m si.request node_modules/@prisma/client/runtime/library.js:[2m125:5859[22m[39m
[90m [2m❯[22m l node_modules/@prisma/client/runtime/library.js:[2m130:9805[22m[39m
[36m [2m❯[22m src/users/users.service.ts:[2m117:30[22m[39m
    [90m115| [39m    [35mconst[39m response [33m=[39m [35mawait[39m [35mthis[39m[33m.[39mprisma[33m.[39m[34m$transaction[39m([35masync[39m (tx) [33m=>[39m {
    [90m116| [39m      [90m// Find existing departments[39m
    [90m117| [39m      [35mconst[39m departmentsIds [33m=[39m [35mawait[39m tx[33m.[39mdepartments[33m.[39m[34mfindMany[39m({
    [90m   | [39m                             [31m^[39m
    [90m118| [39m        where[33m:[39m { name[33m:[39m { [35min[39m[33m:[39m departmentArray } }
    [90m119| [39m      })[33m;[39m
[90m [2m❯[22m Proxy._transactionWithCallback node_modules/@prisma/client/runtime/library.js:[2m130:8468[22m[39m
[90m [2m❯[22m UsersService.addDepartments src/users/users.service.ts:[2m115:22[22m[39m
[90m [2m❯[22m src/users/tests/users.service.test.ts:[2m147:24[22m[39m

[31m[2m⎯⎯⎯⎯⎯⎯⎯⎯⎯⎯⎯⎯⎯⎯⎯⎯⎯⎯⎯⎯⎯⎯⎯⎯⎯⎯⎯⎯⎯⎯[22m[39m
[31m[1mSerialized Error:[22m[39m [90m{ clientVersion: '5.8.1' }[39m
[31m[2m⎯⎯⎯⎯⎯⎯⎯⎯⎯⎯⎯⎯⎯⎯⎯⎯⎯⎯⎯⎯⎯⎯[54/59]⎯[22m[39m

[31m[1m[7m FAIL [27m[22m[39m src/users/tests/users.service.test.ts[2m > [22mUsersService Tests[2m > [22maddDepartments[2m > [22mshould return undefined if userId is not provided
[31m[1mError[22m: Must provide a valid ID[39m
[36m [2m❯[22m UsersService.addDepartments src/users/users.service.ts:[2m112:13[22m[39m
    [90m110| [39m  [90m//  departmentsSchema.parse({ name: departmentArray });[39m
    [90m111| [39m    [35mif[39m ([33m![39mid [33m||[39m [35mtypeof[39m id [33m!==[39m [32m"string"[39m) {
    [90m112| [39m      [35mthrow[39m [35mnew[39m [33mError[39m([32m"Must provide a valid ID"[39m)[33m;[39m
    [90m   | [39m            [31m^[39m
    [90m113| [39m    }
    [90m114| [39m
[90m [2m❯[22m src/users/tests/users.service.test.ts:[2m155:43[22m[39m

[31m[2m⎯⎯⎯⎯⎯⎯⎯⎯⎯⎯⎯⎯⎯⎯⎯⎯⎯⎯⎯⎯⎯⎯[55/59]⎯[22m[39m

[31m[1m[7m FAIL [27m[22m[39m src/users/tests/users.service.test.ts[2m > [22mUsersService Tests[2m > [22maddDepartments[2m > [22mshould return undefined if departments array is not provided
[31m[1mTypeError[22m: Cannot read properties of undefined (reading 'length')[39m
[36m [2m❯[22m src/users/users.service.ts:[2m122:53[22m[39m
    [90m120| [39m
    [90m121| [39m      [90m// Check if all departments were found[39m
    [90m122| [39m      [35mif[39m (departmentsIds[33m.[39mlength [33m!==[39m departmentArray[33m.[39mlength) {
    [90m   | [39m                                                    [31m^[39m
    [90m123| [39m        [35mconst[39m foundNames [33m=[39m departmentsIds[33m.[39m[34mmap[39m(d [33m=>[39m d[33m.[39mname)[33m;[39m
    [90m124| [39m        [35mconst[39m missingDepts [33m=[39m departmentArray[33m.[39m[34mfilter[39m(name [33m=>[39m [33m![39mfoundName…
[90m [2m❯[22m Proxy._transactionWithCallback node_modules/@prisma/client/runtime/library.js:[2m130:8468[22m[39m
[90m [2m❯[22m UsersService.addDepartments src/users/users.service.ts:[2m115:22[22m[39m
[90m [2m❯[22m src/users/tests/users.service.test.ts:[2m163:24[22m[39m

[31m[2m⎯⎯⎯⎯⎯⎯⎯⎯⎯⎯⎯⎯⎯⎯⎯⎯⎯⎯⎯⎯⎯⎯[56/59]⎯[22m[39m

[31m[1m[7m FAIL [27m[22m[39m src/users/tests/users.service.test.ts[2m > [22mUsersService Tests[2m > [22maddDepartments[2m > [22mshould handle empty array gracefully
[31m[1mError[22m: No departments were added[39m
[36m [2m❯[22m UsersService.addDepartments src/users/users.service.ts:[2m140:36[22m[39m
    [90m138| [39m      [35mreturn[39m [35mawait[39m [33mPromise[39m[33m.[39m[34mall[39m(promises)[33m;[39m
    [90m139| [39m    })[33m;[39m
    [90m140| [39m    [35mif[39m (response[33m.[39mlength [33m==[39m[34m0[39m) [35mthrow[39m [35mnew[39m [33mError[39m([32m"No departments were adde[39m…
    [90m   | [39m                                   [31m^[39m
    [90m141| [39m    [35mreturn[39m [35mtrue[39m[33m;[39m
    [90m142| [39m    
[90m [2m❯[22m src/users/tests/users.service.test.ts:[2m173:24[22m[39m

[31m[2m⎯⎯⎯⎯⎯⎯⎯⎯⎯⎯⎯⎯⎯⎯⎯⎯⎯⎯⎯⎯⎯⎯[57/59]⎯[22m[39m

[31m[1m[7m FAIL [27m[22m[39m src/users/tests/users.service.test.ts[2m > [22mUsersService Tests[2m > [22maddDepartments[2m > [22mshould handle database errors gracefully
[31m[1mError[22m: Departments not found: 0493a7c6-b6a2-49ba-92f3-63f5f2fab7f4, aea8d9f0-af94-432c-9321-abf01e8d2732[39m
[36m [2m❯[22m src/users/users.service.ts:[2m125:15[22m[39m
    [90m123| [39m        [35mconst[39m foundNames [33m=[39m departmentsIds[33m.[39m[34mmap[39m(d [33m=>[39m d[33m.[39mname)[33m;[39m
    [90m124| [39m        [35mconst[39m missingDepts [33m=[39m departmentArray[33m.[39m[34mfilter[39m(name [33m=>[39m [33m![39mfoundName…
    [90m125| [39m        [35mthrow[39m [35mnew[39m [33mError[39m([32m`Departments not found: [39m[36m${[39mmissingDepts[33m.[39m[34mjoin[39m([32m',[39m…
    [90m   | [39m              [31m^[39m
    [90m126| [39m      }
    [90m127| [39m    [35mawait[39m tx[33m.[39musersDepartments[33m.[39m[34mdeleteMany[39m({where[33m:[39m{userId[33m:[39mid}})
[90m [2m❯[22m Proxy._transactionWithCallback node_modules/@prisma/client/runtime/library.js:[2m130:8468[22m[39m
[90m [2m❯[22m UsersService.addDepartments src/users/users.service.ts:[2m115:22[22m[39m
[90m [2m❯[22m src/users/tests/users.service.test.ts:[2m186:24[22m[39m

[31m[2m⎯⎯⎯⎯⎯⎯⎯⎯⎯⎯⎯⎯⎯⎯⎯⎯⎯⎯⎯⎯⎯⎯[58/59]⎯[22m[39m

[2m Test Files [22m [1m[31m8 failed[39m[22m[2m | [22m[1m[32m1 passed[39m[22m[90m (9)[39m
[2m      Tests [22m [1m[31m56 failed[39m[22m[2m | [22m[1m[32m34 passed[39m[22m[90m (107)[39m
[2m   Start at [22m 15:48:38
[2m   Duration [22m 37.10s[2m (transform 12.51s, setup 4ms, collect 76.00s, tests 27.48s, environment 10ms, prepare 9.52s)[22m

